Archive member included to satisfy reference by file (symbol)

c:/raspberrypipico/gcc-arm-none-eabi/bin/../lib/gcc/arm-none-eabi/10.3.1/thumb/v6-m/nofp\libgcc.a(_dvmd_tls.o)
                              CMakeFiles/Temperature_LCD.dir/C_/RaspberryPiPico/pico-sdk/src/rp2_common/pico_divider/divider.S.obj (__aeabi_idiv0)
c:/raspberrypipico/gcc-arm-none-eabi/bin/../lib/gcc/arm-none-eabi/10.3.1/../../../../arm-none-eabi/lib/thumb/v6-m/nofp\libg.a(lib_a-calloc.o)
                              CMakeFiles/Temperature_LCD.dir/C_/RaspberryPiPico/pico-sdk/src/rp2_common/pico_malloc/pico_malloc.c.obj (calloc)
c:/raspberrypipico/gcc-arm-none-eabi/bin/../lib/gcc/arm-none-eabi/10.3.1/../../../../arm-none-eabi/lib/thumb/v6-m/nofp\libg.a(lib_a-callocr.o)
                              c:/raspberrypipico/gcc-arm-none-eabi/bin/../lib/gcc/arm-none-eabi/10.3.1/../../../../arm-none-eabi/lib/thumb/v6-m/nofp\libg.a(lib_a-calloc.o) (_calloc_r)
c:/raspberrypipico/gcc-arm-none-eabi/bin/../lib/gcc/arm-none-eabi/10.3.1/../../../../arm-none-eabi/lib/thumb/v6-m/nofp\libg.a(lib_a-errno.o)
                              c:/raspberrypipico/gcc-arm-none-eabi/bin/../lib/gcc/arm-none-eabi/10.3.1/../../../../arm-none-eabi/lib/thumb/v6-m/nofp\libg.a(lib_a-callocr.o) (__errno)
c:/raspberrypipico/gcc-arm-none-eabi/bin/../lib/gcc/arm-none-eabi/10.3.1/../../../../arm-none-eabi/lib/thumb/v6-m/nofp\libg.a(lib_a-impure.o)
                              c:/raspberrypipico/gcc-arm-none-eabi/bin/../lib/gcc/arm-none-eabi/10.3.1/../../../../arm-none-eabi/lib/thumb/v6-m/nofp\libg.a(lib_a-calloc.o) (_impure_ptr)
c:/raspberrypipico/gcc-arm-none-eabi/bin/../lib/gcc/arm-none-eabi/10.3.1/../../../../arm-none-eabi/lib/thumb/v6-m/nofp\libg.a(lib_a-init.o)
                              c:/raspberrypipico/gcc-arm-none-eabi/bin/../lib/gcc/arm-none-eabi/10.3.1/../../../../arm-none-eabi/lib/thumb/v6-m/nofp/crt0.o (__libc_init_array)
c:/raspberrypipico/gcc-arm-none-eabi/bin/../lib/gcc/arm-none-eabi/10.3.1/../../../../arm-none-eabi/lib/thumb/v6-m/nofp\libg.a(lib_a-malloc.o)
                              CMakeFiles/Temperature_LCD.dir/C_/RaspberryPiPico/pico-sdk/src/rp2_common/pico_malloc/pico_malloc.c.obj (malloc)
c:/raspberrypipico/gcc-arm-none-eabi/bin/../lib/gcc/arm-none-eabi/10.3.1/../../../../arm-none-eabi/lib/thumb/v6-m/nofp\libg.a(lib_a-mallocr.o)
                              c:/raspberrypipico/gcc-arm-none-eabi/bin/../lib/gcc/arm-none-eabi/10.3.1/../../../../arm-none-eabi/lib/thumb/v6-m/nofp\libg.a(lib_a-callocr.o) (_malloc_r)
c:/raspberrypipico/gcc-arm-none-eabi/bin/../lib/gcc/arm-none-eabi/10.3.1/../../../../arm-none-eabi/lib/thumb/v6-m/nofp\libg.a(lib_a-mlock.o)
                              c:/raspberrypipico/gcc-arm-none-eabi/bin/../lib/gcc/arm-none-eabi/10.3.1/../../../../arm-none-eabi/lib/thumb/v6-m/nofp\libg.a(lib_a-mallocr.o) (__malloc_lock)
c:/raspberrypipico/gcc-arm-none-eabi/bin/../lib/gcc/arm-none-eabi/10.3.1/../../../../arm-none-eabi/lib/thumb/v6-m/nofp\libg.a(lib_a-realloc.o)
                              CMakeFiles/Temperature_LCD.dir/C_/RaspberryPiPico/pico-sdk/src/rp2_common/pico_malloc/pico_malloc.c.obj (realloc)
c:/raspberrypipico/gcc-arm-none-eabi/bin/../lib/gcc/arm-none-eabi/10.3.1/../../../../arm-none-eabi/lib/thumb/v6-m/nofp\libg.a(lib_a-reallocr.o)
                              c:/raspberrypipico/gcc-arm-none-eabi/bin/../lib/gcc/arm-none-eabi/10.3.1/../../../../arm-none-eabi/lib/thumb/v6-m/nofp\libg.a(lib_a-realloc.o) (_realloc_r)
c:/raspberrypipico/gcc-arm-none-eabi/bin/../lib/gcc/arm-none-eabi/10.3.1/../../../../arm-none-eabi/lib/thumb/v6-m/nofp\libg.a(lib_a-sbrkr.o)
                              c:/raspberrypipico/gcc-arm-none-eabi/bin/../lib/gcc/arm-none-eabi/10.3.1/../../../../arm-none-eabi/lib/thumb/v6-m/nofp\libg.a(lib_a-mallocr.o) (_sbrk_r)
c:/raspberrypipico/gcc-arm-none-eabi/bin/../lib/gcc/arm-none-eabi/10.3.1/../../../../arm-none-eabi/lib/thumb/v6-m/nofp\libg.a(lib_a-strlen-stub.o)
                              CMakeFiles/Temperature_LCD.dir/C_/RaspberryPiPico/pico-sdk/src/rp2_common/pico_stdio/stdio.c.obj (strlen)
c:/raspberrypipico/gcc-arm-none-eabi/bin/../lib/gcc/arm-none-eabi/10.3.1/../../../../arm-none-eabi/lib/thumb/v6-m/nofp\libg.a(lib_a-freer.o)
                              c:/raspberrypipico/gcc-arm-none-eabi/bin/../lib/gcc/arm-none-eabi/10.3.1/../../../../arm-none-eabi/lib/thumb/v6-m/nofp\libg.a(lib_a-malloc.o) (_free_r)
c:/raspberrypipico/gcc-arm-none-eabi/bin/../lib/gcc/arm-none-eabi/10.3.1/../../../../arm-none-eabi/lib/thumb/v6-m/nofp\libg.a(lib_a-lock.o)
                              c:/raspberrypipico/gcc-arm-none-eabi/bin/../lib/gcc/arm-none-eabi/10.3.1/../../../../arm-none-eabi/lib/thumb/v6-m/nofp\libg.a(lib_a-mlock.o) (__retarget_lock_acquire_recursive)
c:/raspberrypipico/gcc-arm-none-eabi/bin/../lib/gcc/arm-none-eabi/10.3.1/../../../../arm-none-eabi/lib/thumb/v6-m/nofp\libg.a(lib_a-memmove.o)
[...]
Memory Configuration

Name             Origin             Length             Attributes
FLASH            0x10000000         0x00200000         xr
RAM              0x20000000         0x00040000         xrw
SCRATCH_X        0x20040000         0x00001000         xrw
SCRATCH_Y        0x20041000         0x00001000         xrw
*default*        0x00000000         0xffffffff

Linker script and memory map

LOAD c:/raspberrypipico/gcc-arm-none-eabi/bin/../lib/gcc/arm-none-eabi/10.3.1/thumb/v6-m/nofp/crti.o
LOAD c:/raspberrypipico/gcc-arm-none-eabi/bin/../lib/gcc/arm-none-eabi/10.3.1/thumb/v6-m/nofp/crtbegin.o
LOAD c:/raspberrypipico/gcc-arm-none-eabi/bin/../lib/gcc/arm-none-eabi/10.3.1/../../../../arm-none-eabi/lib/thumb/v6-m/nofp/crt0.o

.flash_begin    0x10000000        0x0
                0x10000000                __flash_binary_start = .

.boot2          0x10000000      0x100
                0x10000000                __boot2_start__ = .
 *(.boot2)
 .boot2         0x10000000      0x100 C:\Users\SYS09\AppData\Local\Temp\ccEOZrCl.o
                0x10000100                __boot2_end__ = .
                0x00000001                ASSERT (((__boot2_end__ - __boot2_start__) == 0x100), ERROR: Pico second stage bootloader must be 256 bytes in size)

.text           0x10000100     0x7698
                0x10000100                __logical_binary_start = .
 *(.vectors)
 .vectors       0x10000100       0xd4 CMakeFiles/Temperature_LCD.dir/C_/RaspberryPiPico/pico-sdk/src/rp2_common/pico_standard_link/crt0.S.obj
                0x10000100                __VECTOR_TABLE
                0x10000100                __vectors
                0x100001c0                isr_invalid
                0x100001c0                __default_isrs_start
                0x100001c2                isr_nmi
                0x100001c4                isr_hardfault
                0x100001c6                isr_svcall
                0x100001c8                isr_pendsv
                0x100001ca                isr_systick
                0x100001cc                isr_irq23
                0x100001cc                isr_irq18
                0x100001cc                isr_irq11
                0x100001cc                isr_irq28
                0x100001cc                isr_irq19
                0x100001cc                isr_irq0
                0x100001cc                isr_irq6
                0x100001cc                isr_irq5
                0x100001cc                isr_irq12
                0x100001cc                isr_irq22
                0x100001cc                isr_irq31
                0x100001cc                isr_irq17
                0x100001cc                isr_irq27
                0x100001cc                isr_irq30
                0x100001cc                isr_irq2
                0x100001cc                isr_irq10
                0x100001cc                isr_irq8
                0x100001cc                isr_irq24
                0x100001cc                isr_irq1
                0x100001cc                isr_irq7
                0x100001cc                isr_irq21
                0x100001cc                isr_irq20
                0x100001cc                isr_irq15
                0x100001cc                isr_irq25
                0x100001cc                isr_irq13
                0x100001cc                __unhandled_user_irq
                0x100001cc                isr_irq4
                0x100001cc                isr_irq16
                0x100001cc                isr_irq29
                0x100001cc                isr_irq26
                0x100001cc                __default_isrs_end
                0x100001cc                isr_irq3
                0x100001cc                isr_irq14
                0x100001cc                isr_irq9
                0x100001d2                unhandled_user_irq_num_in_r0
 *(.binary_info_header)
 .binary_info_header
                0x100001d4       0x14 CMakeFiles/Temperature_LCD.dir/C_/RaspberryPiPico/pico-sdk/src/rp2_common/pico_standard_link/crt0.S.obj
                0x100001e8                __binary_info_header_end = .
 *(.reset)
 .reset         0x100001e8       0xa0 CMakeFiles/Temperature_LCD.dir/C_/RaspberryPiPico/pico-sdk/src/rp2_common/pico_standard_link/crt0.S.obj
                0x100001e8                _entry_point
 .reset         0x10000288       0x30 CMakeFiles/Temperature_LCD.dir/C_/RaspberryPiPico/pico-sdk/src/rp2_common/pico_standard_link/binary_info.c.obj
 *(.init)
 .init          0x100002b8        0x4 c:/raspberrypipico/gcc-arm-none-eabi/bin/../lib/gcc/arm-none-eabi/10.3.1/thumb/v6-m/nofp/crti.o
                0x100002b8                _init
 *(EXCLUDE_FILE(*libm.a: *libc.a:*lib_a-mem*.o *libgcc.a:) .text*)
 .text          0x100002bc       0x48 c:/raspberrypipico/gcc-arm-none-eabi/bin/../lib/gcc/arm-none-eabi/10.3.1/thumb/v6-m/nofp/crtbegin.o
 .text.main     0x10000304       0xf4 CMakeFiles/Temperature_LCD.dir/Temperature_LCD.c.obj
                0x10000304                main
 .text.lcd_write
                0x100003f8       0x20 CMakeFiles/Temperature_LCD.dir/lcd1602_i2c.c.obj
 .text.lcd_toggle_enable
                0x10000418       0x38 CMakeFiles/Temperature_LCD.dir/lcd1602_i2c.c.obj
 .text.lcd_send_cmd
                0x10000450       0x32 CMakeFiles/Temperature_LCD.dir/lcd1602_i2c.c.obj
                0x10000450                lcd_send_cmd
 .text.lcd_send_data
                0x10000482       0x32 CMakeFiles/Temperature_LCD.dir/lcd1602_i2c.c.obj
                0x10000482                lcd_send_data
 .text.lcd_clear
                0x100004b4       0x10 CMakeFiles/Temperature_LCD.dir/lcd1602_i2c.c.obj
                0x100004b4                lcd_clear
 .text.lcd_init
                0x100004c4       0x2c CMakeFiles/Temperature_LCD.dir/lcd1602_i2c.c.obj
                0x100004c4                lcd_init
 .text.lcd_set_cursor
                0x100004f0       0x26 CMakeFiles/Temperature_LCD.dir/lcd1602_i2c.c.obj
                0x100004f0                lcd_set_cursor
 .text.lcd_print
                0x10000516       0x14 CMakeFiles/Temperature_LCD.dir/lcd1602_i2c.c.obj
                0x10000516                lcd_print
 *fill*         0x1000052a        0x2 
 .text.gpio_set_function
                0x1000052c       0x30 CMakeFiles/Temperature_LCD.dir/C_/RaspberryPiPico/pico-sdk/src/rp2_common/hardware_gpio/gpio.c.obj
                0x1000052c                gpio_set_function
 .text.gpio_set_pulls
                0x1000055c       0x34 CMakeFiles/Temperature_LCD.dir/C_/RaspberryPiPico/pico-sdk/src/rp2_common/hardware_gpio/gpio.c.obj
                0x1000055c                gpio_set_pulls
 .text.running_on_fpga
                0x10000590       0x14 CMakeFiles/Temperature_LCD.dir/C_/RaspberryPiPico/pico-sdk/src/rp2_common/pico_platform/platform.c.obj
                0x10000590                running_on_fpga
 .text.hw_claim_lock
                0x100005a4       0x18 CMakeFiles/Temperature_LCD.dir/C_/RaspberryPiPico/pico-sdk/src/rp2_common/hardware_claim/claim.c.obj
                0x100005a4                hw_claim_lock
 .text.hw_claim_unlock
                0x100005bc       0x14 CMakeFiles/Temperature_LCD.dir/C_/RaspberryPiPico/pico-sdk/src/rp2_common/hardware_claim/claim.c.obj
                0x100005bc                hw_claim_unlock
 .text.hw_claim_or_assert
                0x100005d0       0x32 CMakeFiles/Temperature_LCD.dir/C_/RaspberryPiPico/pico-sdk/src/rp2_common/hardware_claim/claim.c.obj
                0x100005d0                hw_claim_or_assert
 .text.hw_claim_unused_from_range
                0x10000602       0x50 CMakeFiles/Temperature_LCD.dir/C_/RaspberryPiPico/pico-sdk/src/rp2_common/hardware_claim/claim.c.obj
                0x10000602                hw_claim_unused_from_range
 *fill*         0x10000652        0x2 
 .text.spin_locks_reset
                0x10000654       0x20 CMakeFiles/Temperature_LCD.dir/C_/RaspberryPiPico/pico-sdk/src/rp2_common/hardware_sync/sync.c.obj
                0x10000654                spin_locks_reset
 .text.next_striped_spin_lock_num
                0x10000674       0x1c CMakeFiles/Temperature_LCD.dir/C_/RaspberryPiPico/pico-sdk/src/rp2_common/hardware_sync/sync.c.obj
                0x10000674                next_striped_spin_lock_num
 .text.spin_lock_claim_unused
                0x10000690       0x20 CMakeFiles/Temperature_LCD.dir/C_/RaspberryPiPico/pico-sdk/src/rp2_common/hardware_sync/sync.c.obj
                0x10000690                spin_lock_claim_unused
 .text.set_raw_irq_handler_and_unlock
                0x100006b0       0x28 CMakeFiles/Temperature_LCD.dir/C_/RaspberryPiPico/pico-sdk/src/rp2_common/hardware_irq/irq.c.obj
 .text.make_branch
                0x100006d8       0x48 CMakeFiles/Temperature_LCD.dir/C_/RaspberryPiPico/pico-sdk/src/rp2_common/hardware_irq/irq.c.obj
 .text.insert_branch_and_link
                0x10000720       0x40 CMakeFiles/Temperature_LCD.dir/C_/RaspberryPiPico/pico-sdk/src/rp2_common/hardware_irq/irq.c.obj
 .text.irq_is_enabled
                0x10000760       0x18 CMakeFiles/Temperature_LCD.dir/C_/RaspberryPiPico/pico-sdk/src/rp2_common/hardware_irq/irq.c.obj
                0x10000760                irq_is_enabled
 .text.irq_set_mask_enabled
                0x10000778       0x20 CMakeFiles/Temperature_LCD.dir/C_/RaspberryPiPico/pico-sdk/src/rp2_common/hardware_irq/irq.c.obj
                0x10000778                irq_set_mask_enabled
 .text.irq_set_enabled
                0x10000798        0xe CMakeFiles/Temperature_LCD.dir/C_/RaspberryPiPico/pico-sdk/src/rp2_common/hardware_irq/irq.c.obj
                0x10000798                irq_set_enabled
 *fill*         0x100007a6        0x2 
 .text.irq_set_pending
                0x100007a8       0x10 CMakeFiles/Temperature_LCD.dir/C_/RaspberryPiPico/pico-sdk/src/rp2_common/hardware_irq/irq.c.obj
                0x100007a8                irq_set_pending
 .text.irq_get_vtable_handler
                0x100007b8       0x10 CMakeFiles/Temperature_LCD.dir/C_/RaspberryPiPico/pico-sdk/src/rp2_common/hardware_irq/irq.c.obj
                0x100007b8                irq_get_vtable_handler
 .text.irq_has_shared_handler
                0x100007c8       0x24 CMakeFiles/Temperature_LCD.dir/C_/RaspberryPiPico/pico-sdk/src/rp2_common/hardware_irq/irq.c.obj
                0x100007c8                irq_has_shared_handler
 .text.irq_set_exclusive_handler
                0x100007ec       0x54 CMakeFiles/Temperature_LCD.dir/C_/RaspberryPiPico/pico-sdk/src/rp2_common/hardware_irq/irq.c.obj
                0x100007ec                irq_set_exclusive_handler
 .text.irq_add_shared_handler
                0x10000840      0x234 CMakeFiles/Temperature_LCD.dir/C_/RaspberryPiPico/pico-sdk/src/rp2_common/hardware_irq/irq.c.obj
                0x10000840                irq_add_shared_handler
 .text.irq_remove_handler
                0x10000a74      0x1ac CMakeFiles/Temperature_LCD.dir/C_/RaspberryPiPico/pico-sdk/src/rp2_common/hardware_irq/irq.c.obj
                0x10000a74                irq_remove_handler
 .text.irq_add_tail_to_free_list
                0x10000c20       0xf0 CMakeFiles/Temperature_LCD.dir/C_/RaspberryPiPico/pico-sdk/src/rp2_common/hardware_irq/irq.c.obj
                0x10000c20                irq_add_tail_to_free_list
 .text.irq_init_priorities
                0x10000d10       0x1c CMakeFiles/Temperature_LCD.dir/C_/RaspberryPiPico/pico-sdk/src/rp2_common/hardware_irq/irq.c.obj
                0x10000d10                irq_init_priorities
 .text.user_irq_claim_unused
                0x10000d2c       0x28 CMakeFiles/Temperature_LCD.dir/C_/RaspberryPiPico/pico-sdk/src/rp2_common/hardware_irq/irq.c.obj
                0x10000d2c                user_irq_claim_unused
 .text.lock_init
                0x10000d54       0x10 CMakeFiles/Temperature_LCD.dir/C_/RaspberryPiPico/pico-sdk/src/common/pico_sync/lock_core.c.obj
                0x10000d54                lock_init
 .text.mutex_init
                0x10000d64       0x1a CMakeFiles/Temperature_LCD.dir/C_/RaspberryPiPico/pico-sdk/src/common/pico_sync/mutex.c.obj
                0x10000d64                mutex_init
 .text.recursive_mutex_init
                0x10000d7e       0x1e CMakeFiles/Temperature_LCD.dir/C_/RaspberryPiPico/pico-sdk/src/common/pico_sync/mutex.c.obj
                0x10000d7e                recursive_mutex_init
 .text.critical_section_init_with_lock_num
                0x10000d9c       0x14 CMakeFiles/Temperature_LCD.dir/C_/RaspberryPiPico/pico-sdk/src/common/pico_sync/critical_section.c.obj
                0x10000d9c                critical_section_init_with_lock_num
 .text.critical_section_init
                0x10000db0       0x14 CMakeFiles/Temperature_LCD.dir/C_/RaspberryPiPico/pico-sdk/src/common/pico_sync/critical_section.c.obj
                0x10000db0                critical_section_init
 .text.alarm_pool_post_alloc_init
                0x10000dc4       0x40 CMakeFiles/Temperature_LCD.dir/C_/RaspberryPiPico/pico-sdk/src/common/pico_time/time.c.obj
 .text.sleep_until_callback
                0x10000e04       0x30 CMakeFiles/Temperature_LCD.dir/C_/RaspberryPiPico/pico-sdk/src/common/pico_time/time.c.obj
 .text.timer_pool_entry_comparator
                0x10000e34       0x7c CMakeFiles/Temperature_LCD.dir/C_/RaspberryPiPico/pico-sdk/src/common/pico_time/time.c.obj
                0x10000e34                timer_pool_entry_comparator
 .text.ph_add_child_node
                0x10000eb0       0xa4 CMakeFiles/Temperature_LCD.dir/C_/RaspberryPiPico/pico-sdk/src/common/pico_time/time.c.obj
 .text.ph_merge_nodes
                0x10000f54       0x3e CMakeFiles/Temperature_LCD.dir/C_/RaspberryPiPico/pico-sdk/src/common/pico_time/time.c.obj
 *fill*         0x10000f92        0x2 
 .text.add_alarm_under_lock
                0x10000f94      0x174 CMakeFiles/Temperature_LCD.dir/C_/RaspberryPiPico/pico-sdk/src/common/pico_time/time.c.obj
 .text.alarm_pool_alarm_callback
                0x10001108      0x33c CMakeFiles/Temperature_LCD.dir/C_/RaspberryPiPico/pico-sdk/src/common/pico_time/time.c.obj
 .text.alarm_pool_init_default
                0x10001444       0x40 CMakeFiles/Temperature_LCD.dir/C_/RaspberryPiPico/pico-sdk/src/common/pico_time/time.c.obj
                0x10001444                alarm_pool_init_default
 .text.alarm_pool_get_default
                0x10001484       0x2c CMakeFiles/Temperature_LCD.dir/C_/RaspberryPiPico/pico-sdk/src/common/pico_time/time.c.obj
                0x10001484                alarm_pool_get_default
 .text.alarm_pool_add_alarm_at
                0x100014b0      0x168 CMakeFiles/Temperature_LCD.dir/C_/RaspberryPiPico/pico-sdk/src/common/pico_time/time.c.obj
                0x100014b0                alarm_pool_add_alarm_at
 .text.alarm_pool_cancel_alarm
                0x10001618       0xf8 CMakeFiles/Temperature_LCD.dir/C_/RaspberryPiPico/pico-sdk/src/common/pico_time/time.c.obj
                0x10001618                alarm_pool_cancel_alarm
 .text.alarm_pool_core_num
                0x10001710        0x4 CMakeFiles/Temperature_LCD.dir/C_/RaspberryPiPico/pico-sdk/src/common/pico_time/time.c.obj
                0x10001710                alarm_pool_core_num
 .text.sleep_until
                0x10001714       0xfc CMakeFiles/Temperature_LCD.dir/C_/RaspberryPiPico/pico-sdk/src/common/pico_time/time.c.obj
                0x10001714                sleep_until
 .text.sleep_us
                0x10001810       0x58 CMakeFiles/Temperature_LCD.dir/C_/RaspberryPiPico/pico-sdk/src/common/pico_time/time.c.obj
                0x10001810                sleep_us
 .text.sleep_ms
                0x10001868       0x14 CMakeFiles/Temperature_LCD.dir/C_/RaspberryPiPico/pico-sdk/src/common/pico_time/time.c.obj
                0x10001868                sleep_ms
 .text.best_effort_wfe_or_timeout
                0x1000187c       0xac CMakeFiles/Temperature_LCD.dir/C_/RaspberryPiPico/pico-sdk/src/common/pico_time/time.c.obj
                0x1000187c                best_effort_wfe_or_timeout
 .text.hardware_alarm_irq_handler
                0x10001928       0x90 CMakeFiles/Temperature_LCD.dir/C_/RaspberryPiPico/pico-sdk/src/rp2_common/hardware_timer/timer.c.obj
 .text.hardware_alarm_claim
                0x100019b8       0x18 CMakeFiles/Temperature_LCD.dir/C_/RaspberryPiPico/pico-sdk/src/rp2_common/hardware_timer/timer.c.obj
                0x100019b8                hardware_alarm_claim
 .text.time_us_64
                0x100019d0       0x18 CMakeFiles/Temperature_LCD.dir/C_/RaspberryPiPico/pico-sdk/src/rp2_common/hardware_timer/timer.c.obj
                0x100019d0                time_us_64
 .text.busy_wait_until
                0x100019e8       0x28 CMakeFiles/Temperature_LCD.dir/C_/RaspberryPiPico/pico-sdk/src/rp2_common/hardware_timer/timer.c.obj
                0x100019e8                busy_wait_until
 .text.busy_wait_us
                0x10001a10       0x48 CMakeFiles/Temperature_LCD.dir/C_/RaspberryPiPico/pico-sdk/src/rp2_common/hardware_timer/timer.c.obj
                0x10001a10                busy_wait_us
 .text.hardware_alarm_set_callback
                0x10001a58       0x90 CMakeFiles/Temperature_LCD.dir/C_/RaspberryPiPico/pico-sdk/src/rp2_common/hardware_timer/timer.c.obj
                0x10001a58                hardware_alarm_set_callback
 .text.hardware_alarm_set_target
                0x10001ae8       0xe8 CMakeFiles/Temperature_LCD.dir/C_/RaspberryPiPico/pico-sdk/src/rp2_common/hardware_timer/timer.c.obj
                0x10001ae8                hardware_alarm_set_target
 .text.hardware_alarm_cancel
                0x10001bd0       0x40 CMakeFiles/Temperature_LCD.dir/C_/RaspberryPiPico/pico-sdk/src/rp2_common/hardware_timer/timer.c.obj
                0x10001bd0                hardware_alarm_cancel
 .text.ph_add_child_node
                0x10001c10       0xa4 CMakeFiles/Temperature_LCD.dir/C_/RaspberryPiPico/pico-sdk/src/common/pico_util/pheap.c.obj
 .text.ph_merge_nodes
                0x10001cb4       0x3e CMakeFiles/Temperature_LCD.dir/C_/RaspberryPiPico/pico-sdk/src/common/pico_util/pheap.c.obj
 *fill*         0x10001cf2        0x2 
 .text.ph_clear
                0x10001cf4       0x70 CMakeFiles/Temperature_LCD.dir/C_/RaspberryPiPico/pico-sdk/src/common/pico_util/pheap.c.obj
                0x10001cf4                ph_clear
 .text.ph_post_alloc_init
                0x10001d64        0xe CMakeFiles/Temperature_LCD.dir/C_/RaspberryPiPico/pico-sdk/src/common/pico_util/pheap.c.obj
                0x10001d64                ph_post_alloc_init
 *fill*         0x10001d72        0x2 
 .text.ph_merge_two_pass
                0x10001d74       0xa8 CMakeFiles/Temperature_LCD.dir/C_/RaspberryPiPico/pico-sdk/src/common/pico_util/pheap.c.obj
                0x10001d74                ph_merge_two_pass
 .text.ph_remove_any_head
                0x10001e1c      0x128 CMakeFiles/Temperature_LCD.dir/C_/RaspberryPiPico/pico-sdk/src/common/pico_util/pheap.c.obj
 .text.ph_remove_head
                0x10001f44       0x14 CMakeFiles/Temperature_LCD.dir/C_/RaspberryPiPico/pico-sdk/src/common/pico_util/pheap.c.obj
                0x10001f44                ph_remove_head
 .text.ph_remove_and_free_node
                0x10001f58       0xf8 CMakeFiles/Temperature_LCD.dir/C_/RaspberryPiPico/pico-sdk/src/common/pico_util/pheap.c.obj
                0x10001f58                ph_remove_and_free_node
 .text.uart_disable_before_lcr_write
                0x10002050       0x48 CMakeFiles/Temperature_LCD.dir/C_/RaspberryPiPico/pico-sdk/src/rp2_common/hardware_uart/uart.c.obj
 .text.uart_write_lcr_bits_masked
                0x10002098       0x22 CMakeFiles/Temperature_LCD.dir/C_/RaspberryPiPico/pico-sdk/src/rp2_common/hardware_uart/uart.c.obj
 *fill*         0x100020ba        0x2 
 .text.uart_set_baudrate
                0x100020bc       0x5c CMakeFiles/Temperature_LCD.dir/C_/RaspberryPiPico/pico-sdk/src/rp2_common/hardware_uart/uart.c.obj
                0x100020bc                uart_set_baudrate
 .text.uart_set_format
                0x10002118       0x2c CMakeFiles/Temperature_LCD.dir/C_/RaspberryPiPico/pico-sdk/src/rp2_common/hardware_uart/uart.c.obj
                0x10002118                uart_set_format
 .text.uart_set_translate_crlf
                0x10002144       0x28 CMakeFiles/Temperature_LCD.dir/C_/RaspberryPiPico/pico-sdk/src/rp2_common/hardware_uart/uart.c.obj
                0x10002144                uart_set_translate_crlf
 .text.uart_init
                0x1000216c       0x80 CMakeFiles/Temperature_LCD.dir/C_/RaspberryPiPico/pico-sdk/src/rp2_common/hardware_uart/uart.c.obj
                0x1000216c                uart_init
 .text.clock_configure
                0x100021ec      0x108 CMakeFiles/Temperature_LCD.dir/C_/RaspberryPiPico/pico-sdk/src/rp2_common/hardware_clocks/clocks.c.obj
                0x100021ec                clock_configure
 .text.clocks_init
                0x100022f4      0x100 CMakeFiles/Temperature_LCD.dir/C_/RaspberryPiPico/pico-sdk/src/rp2_common/hardware_clocks/clocks.c.obj
                0x100022f4                clocks_init
 .text.clock_get_hz
                0x100023f4        0xc CMakeFiles/Temperature_LCD.dir/C_/RaspberryPiPico/pico-sdk/src/rp2_common/hardware_clocks/clocks.c.obj
                0x100023f4                clock_get_hz
 .text.pll_init
                0x10002400      0x120 CMakeFiles/Temperature_LCD.dir/C_/RaspberryPiPico/pico-sdk/src/rp2_common/hardware_pll/pll.c.obj
                0x10002400                pll_init
 .text.watchdog_start_tick
                0x10002520       0x10 CMakeFiles/Temperature_LCD.dir/C_/RaspberryPiPico/pico-sdk/src/rp2_common/hardware_watchdog/watchdog.c.obj
                0x10002520                watchdog_start_tick
 .text.watchdog_update
                0x10002530       0x14 CMakeFiles/Temperature_LCD.dir/C_/RaspberryPiPico/pico-sdk/src/rp2_common/hardware_watchdog/watchdog.c.obj
                0x10002530                watchdog_update
 .text._watchdog_enable
                0x10002544       0x78 CMakeFiles/Temperature_LCD.dir/C_/RaspberryPiPico/pico-sdk/src/rp2_common/hardware_watchdog/watchdog.c.obj
                0x10002544                _watchdog_enable
 .text.watchdog_reboot
                0x100025bc       0x48 CMakeFiles/Temperature_LCD.dir/C_/RaspberryPiPico/pico-sdk/src/rp2_common/hardware_watchdog/watchdog.c.obj
                0x100025bc                watchdog_reboot
 .text.xosc_init
                0x10002604       0x28 CMakeFiles/Temperature_LCD.dir/C_/RaspberryPiPico/pico-sdk/src/rp2_common/hardware_xosc/xosc.c.obj
                0x10002604                xosc_init
 .text._exit    0x1000262c        0x4 CMakeFiles/Temperature_LCD.dir/C_/RaspberryPiPico/pico-sdk/src/rp2_common/pico_runtime/runtime.c.obj
                0x1000262c                _exit
 .text.exit     0x10002630        0x6 CMakeFiles/Temperature_LCD.dir/C_/RaspberryPiPico/pico-sdk/src/rp2_common/pico_runtime/runtime.c.obj
                0x10002630                exit
 *fill*         0x10002636        0x2 
 .text.__assert_func
                0x10002638       0x3c CMakeFiles/Temperature_LCD.dir/C_/RaspberryPiPico/pico-sdk/src/rp2_common/pico_runtime/runtime.c.obj
                0x10002638                __assert_func
 .text.runtime_init
                0x10002674       0xf8 CMakeFiles/Temperature_LCD.dir/C_/RaspberryPiPico/pico-sdk/src/rp2_common/pico_runtime/runtime.c.obj
                0x10002674                runtime_init
 .text.panic    0x1000276c       0x30 CMakeFiles/Temperature_LCD.dir/C_/RaspberryPiPico/pico-sdk/src/rp2_common/pico_runtime/runtime.c.obj
                0x1000276c                panic
 .text._out_buffer
                0x1000279c        0x8 CMakeFiles/Temperature_LCD.dir/C_/RaspberryPiPico/pico-sdk/src/rp2_common/pico_printf/printf.c.obj
 .text._out_null
                0x100027a4        0x2 CMakeFiles/Temperature_LCD.dir/C_/RaspberryPiPico/pico-sdk/src/rp2_common/pico_printf/printf.c.obj
 .text._out_fct
                0x100027a6        0xe CMakeFiles/Temperature_LCD.dir/C_/RaspberryPiPico/pico-sdk/src/rp2_common/pico_printf/printf.c.obj
 .text._atoi    0x100027b4       0x24 CMakeFiles/Temperature_LCD.dir/C_/RaspberryPiPico/pico-sdk/src/rp2_common/pico_printf/printf.c.obj
 .text._out_rev
                0x100027d8       0xae CMakeFiles/Temperature_LCD.dir/C_/RaspberryPiPico/pico-sdk/src/rp2_common/pico_printf/printf.c.obj
 .text._ntoa_format
                0x10002886      0x112 CMakeFiles/Temperature_LCD.dir/C_/RaspberryPiPico/pico-sdk/src/rp2_common/pico_printf/printf.c.obj
 .text._ntoa_long
                0x10002998       0xbc CMakeFiles/Temperature_LCD.dir/C_/RaspberryPiPico/pico-sdk/src/rp2_common/pico_printf/printf.c.obj
 .text._ntoa_long_long
                0x10002a54       0xe2 CMakeFiles/Temperature_LCD.dir/C_/RaspberryPiPico/pico-sdk/src/rp2_common/pico_printf/printf.c.obj
 *fill*         0x10002b36        0x2 
 .text._etoa    0x10002b38      0x414 CMakeFiles/Temperature_LCD.dir/C_/RaspberryPiPico/pico-sdk/src/rp2_common/pico_printf/printf.c.obj
 .text._ftoa    0x10002f4c      0x354 CMakeFiles/Temperature_LCD.dir/C_/RaspberryPiPico/pico-sdk/src/rp2_common/pico_printf/printf.c.obj
 .text._vsnprintf
                0x100032a0      0x624 CMakeFiles/Temperature_LCD.dir/C_/RaspberryPiPico/pico-sdk/src/rp2_common/pico_printf/printf.c.obj
 .text.__wrap_snprintf
                0x100038c4       0x28 CMakeFiles/Temperature_LCD.dir/C_/RaspberryPiPico/pico-sdk/src/rp2_common/pico_printf/printf.c.obj
                0x100038c4                __wrap_snprintf
 .text.vfctprintf
                0x100038ec       0x20 CMakeFiles/Temperature_LCD.dir/C_/RaspberryPiPico/pico-sdk/src/rp2_common/pico_printf/printf.c.obj
                0x100038ec                vfctprintf
 .text          0x1000390c       0x10 CMakeFiles/Temperature_LCD.dir/C_/RaspberryPiPico/pico-sdk/src/rp2_common/pico_bit_ops/bit_ops_aeabi.S.obj
 .text.rom_func_lookup
                0x1000391c       0x10 CMakeFiles/Temperature_LCD.dir/C_/RaspberryPiPico/pico-sdk/src/rp2_common/pico_bootrom/bootrom.c.obj
                0x1000391c                rom_func_lookup
 .text.rom_data_lookup
                0x1000392c       0x10 CMakeFiles/Temperature_LCD.dir/C_/RaspberryPiPico/pico-sdk/src/rp2_common/pico_bootrom/bootrom.c.obj
                0x1000392c                rom_data_lookup
 .text.rom_funcs_lookup
                0x1000393c       0x36 CMakeFiles/Temperature_LCD.dir/C_/RaspberryPiPico/pico-sdk/src/rp2_common/pico_bootrom/bootrom.c.obj
                0x1000393c                rom_funcs_lookup
 *fill*         0x10003972        0x2 
 .text.__wrap___aeabi_idiv
                0x10003974       0x50 CMakeFiles/Temperature_LCD.dir/C_/RaspberryPiPico/pico-sdk/src/rp2_common/pico_divider/divider.S.obj
                0x10003974                __wrap___aeabi_idivmod
                0x10003974                divmod_s32s32
                0x10003974                div_s32s32
                0x10003974                __wrap___aeabi_idiv
                0x1000397c                divmod_s32s32_unsafe
                0x100039a8                divmod_s32s32_savestate
 .text.__wrap___aeabi_uidiv
                0x100039c4       0x4c CMakeFiles/Temperature_LCD.dir/C_/RaspberryPiPico/pico-sdk/src/rp2_common/pico_divider/divider.S.obj
                0x100039c4                __wrap___aeabi_uidiv
                0x100039c4                __wrap___aeabi_uidivmod
                0x100039c4                div_u32u32
                0x100039c4                divmod_u32u32
                0x100039cc                divmod_u32u32_unsafe
                0x100039f4                divmod_u32u32_savestate
 .text.__wrap___aeabi_ldiv
                0x10003a10      0x424 CMakeFiles/Temperature_LCD.dir/C_/RaspberryPiPico/pico-sdk/src/rp2_common/pico_divider/divider.S.obj
                0x10003a10                div_s64s64
                0x10003a10                divmod_s64s64
                0x10003a10                __wrap___aeabi_ldivmod
                0x10003a40                divmod_u64u64
                0x10003a40                div_u64u64
                0x10003a40                __wrap___aeabi_uldivmod
                0x10003a50                divmod_u64u64_savestate
                0x10003a70                divmod_s64s64_unsafe
                0x10003af8                divmod_u64u64_unsafe
 .text.__wrap___aeabi_darithmetic
                0x10003e34       0x80 CMakeFiles/Temperature_LCD.dir/C_/RaspberryPiPico/pico-sdk/src/rp2_common/pico_double/double_aeabi.S.obj
                0x10003e34                __wrap___aeabi_drsub
                0x10003e3a                __wrap___aeabi_dsub
                0x10003e4c                __wrap___aeabi_dadd
                0x10003e5e                __wrap___aeabi_ddiv
                0x10003e9a                __wrap___aeabi_dmul
 .text.__wrap___aeabi_cdcmple
                0x10003eb4       0x6c CMakeFiles/Temperature_LCD.dir/C_/RaspberryPiPico/pico-sdk/src/rp2_common/pico_double/double_aeabi.S.obj
                0x10003eb4                __wrap___aeabi_cdrcmple
                0x10003ec4                __wrap___aeabi_cdcmpeq
                0x10003ec4                __wrap___aeabi_cdcmple
 .text.__wrap___aeabi_dcmplt
                0x10003f20        0xc CMakeFiles/Temperature_LCD.dir/C_/RaspberryPiPico/pico-sdk/src/rp2_common/pico_double/double_aeabi.S.obj
                0x10003f20                __wrap___aeabi_dcmplt
 .text.__wrap___aeabi_dcmple
                0x10003f2c       0x10 CMakeFiles/Temperature_LCD.dir/C_/RaspberryPiPico/pico-sdk/src/rp2_common/pico_double/double_aeabi.S.obj
                0x10003f2c                __wrap___aeabi_dcmple
 .text.__wrap___aeabi_dcmpge
                0x10003f3c       0x10 CMakeFiles/Temperature_LCD.dir/C_/RaspberryPiPico/pico-sdk/src/rp2_common/pico_double/double_aeabi.S.obj
                0x10003f3c                __wrap___aeabi_dcmpge
 .text.__wrap___aeabi_dcmpgt
                0x10003f4c        0xa CMakeFiles/Temperature_LCD.dir/C_/RaspberryPiPico/pico-sdk/src/rp2_common/pico_double/double_aeabi.S.obj
                0x10003f4c                __wrap___aeabi_dcmpgt
 .text.__wrap___aeabi_dcmpun
                0x10003f56       0x1c CMakeFiles/Temperature_LCD.dir/C_/RaspberryPiPico/pico-sdk/src/rp2_common/pico_double/double_aeabi.S.obj
                0x10003f56                __wrap___aeabi_dcmpun
 *fill*         0x10003f72        0x2 
 .text.__wrap___aeabi_i2d
                0x10003f74       0x38 CMakeFiles/Temperature_LCD.dir/C_/RaspberryPiPico/pico-sdk/src/rp2_common/pico_double/double_aeabi.S.obj
                0x10003f74                __wrap___aeabi_ui2d
                0x10003f7c                __wrap___aeabi_i2d
 .text.__wrap___aeabi_d2iz
                0x10003fac       0x48 CMakeFiles/Temperature_LCD.dir/C_/RaspberryPiPico/pico-sdk/src/rp2_common/pico_double/double_aeabi.S.obj
                0x10003fac                double2int_z
                0x10003fac                __wrap___aeabi_d2iz
 .text.__wrap___aeabi_d2uiz
                0x10003ff4       0x18 CMakeFiles/Temperature_LCD.dir/C_/RaspberryPiPico/pico-sdk/src/rp2_common/pico_double/double_aeabi.S.obj
                0x10003ff4                __wrap___aeabi_d2uiz
                0x10003ff4                double2uint
 .text.__aeabi_double_init
                0x1000400c       0xc8 CMakeFiles/Temperature_LCD.dir/C_/RaspberryPiPico/pico-sdk/src/rp2_common/pico_double/double_init_rom.c.obj
                0x1000400c                __aeabi_double_init
 .text.double_table_shim_on_use_helper
                0x100040d4       0x34 CMakeFiles/Temperature_LCD.dir/C_/RaspberryPiPico/pico-sdk/src/rp2_common/pico_double/double_v1_rom_shim.S.obj
                0x100040d4                double_table_shim_on_use_helper
 .text.__wrap___aeabi_dsub
                0x10004108       0x10 CMakeFiles/Temperature_LCD.dir/C_/RaspberryPiPico/pico-sdk/src/rp2_common/pico_double/double_v1_rom_shim.S.obj
                0x10004108                drsub_shim
                0x1000410e                dsub_shim
 .text.dadd_shim
                0x10004118      0x15c CMakeFiles/Temperature_LCD.dir/C_/RaspberryPiPico/pico-sdk/src/rp2_common/pico_double/double_v1_rom_shim.S.obj
                0x10004118                dadd_shim
 .text.dmul_shim
                0x10004274      0x15c CMakeFiles/Temperature_LCD.dir/C_/RaspberryPiPico/pico-sdk/src/rp2_common/pico_double/double_v1_rom_shim.S.obj
                0x10004274                dmul_shim
 .text.ddiv_shim
                0x100043d0      0x1b0 CMakeFiles/Temperature_LCD.dir/C_/RaspberryPiPico/pico-sdk/src/rp2_common/pico_double/double_v1_rom_shim.S.obj
                0x100043d0                ddiv_shim
 .text.double2uint_shim
                0x10004580        0xe CMakeFiles/Temperature_LCD.dir/C_/RaspberryPiPico/pico-sdk/src/rp2_common/pico_double/double_v1_rom_shim.S.obj
                0x10004580                double2uint_shim
                0x10004582                double2ufix_shim
 *fill*         0x1000458e        0x2 
 .text.double2uint64_shim
                0x10004590       0x70 CMakeFiles/Temperature_LCD.dir/C_/RaspberryPiPico/pico-sdk/src/rp2_common/pico_double/double_v1_rom_shim.S.obj
                0x10004590                double2uint64_shim
                0x10004592                double2ufix64_shim
                0x100045b2                d2fix_a
 .text.dunpacks
                0x10004600       0x3c CMakeFiles/Temperature_LCD.dir/C_/RaspberryPiPico/pico-sdk/src/rp2_common/pico_double/double_v1_rom_shim.S.obj
                0x10004600                dunpacks
 .text.__aeabi_lmul
                0x1000463c       0x32 CMakeFiles/Temperature_LCD.dir/C_/RaspberryPiPico/pico-sdk/src/rp2_common/pico_int64_ops/pico_int64_ops_aeabi.S.obj
                0x1000463c                __wrap___aeabi_lmul
 *fill*         0x1000466e        0x2 
 .text.__wrap___aeabi_farithmetic
                0x10004670       0x58 CMakeFiles/Temperature_LCD.dir/C_/RaspberryPiPico/pico-sdk/src/rp2_common/pico_float/float_aeabi.S.obj
                0x10004670                __wrap___aeabi_frsub
                0x10004676                __wrap___aeabi_fsub
                0x10004680                __wrap___aeabi_fadd
                0x1000468a                __wrap___aeabi_fdiv
                0x100046b6                __wrap___aeabi_fmul
 .text.__wrap___aeabi_i2f
                0x100046c8       0x44 CMakeFiles/Temperature_LCD.dir/C_/RaspberryPiPico/pico-sdk/src/rp2_common/pico_float/float_aeabi.S.obj
                0x100046c8                __wrap___aeabi_i2f
 .text.__wrap___aeabi_f2d
                0x1000470c       0x14 CMakeFiles/Temperature_LCD.dir/C_/RaspberryPiPico/pico-sdk/src/rp2_common/pico_float/float_aeabi.S.obj
                0x1000470c                __wrap___aeabi_f2d
 .text.__aeabi_float_init
                0x10004720       0xfc CMakeFiles/Temperature_LCD.dir/C_/RaspberryPiPico/pico-sdk/src/rp2_common/pico_float/float_init_rom.c.obj
                0x10004720                __aeabi_float_init
 .text.float_table_shim_on_use_helper
                0x1000481c       0x34 CMakeFiles/Temperature_LCD.dir/C_/RaspberryPiPico/pico-sdk/src/rp2_common/pico_float/float_v1_rom_shim.S.obj
                0x1000481c                float_table_shim_on_use_helper
 .text.float2double_shim
                0x10004850       0x30 CMakeFiles/Temperature_LCD.dir/C_/RaspberryPiPico/pico-sdk/src/rp2_common/pico_float/float_v1_rom_shim.S.obj
                0x10004850                float2double_shim
 .text          0x10004880       0x10 CMakeFiles/Temperature_LCD.dir/C_/RaspberryPiPico/pico-sdk/src/rp2_common/pico_mem_ops/mem_ops_aeabi.S.obj
                0x10004880                __aeabi_mem_init
 .text.memset   0x10004890        0xc CMakeFiles/Temperature_LCD.dir/C_/RaspberryPiPico/pico-sdk/src/rp2_common/pico_mem_ops/mem_ops_aeabi.S.obj
                0x10004890                __wrap_memset
 .text.memcpy   0x1000489c        0xc CMakeFiles/Temperature_LCD.dir/C_/RaspberryPiPico/pico-sdk/src/rp2_common/pico_mem_ops/mem_ops_aeabi.S.obj
                0x1000489c                __wrap_memcpy
                0x1000489c                __wrap___aeabi_memcpy
 .text.stdio_out_chars_no_crlf
                0x100048a8        0xe CMakeFiles/Temperature_LCD.dir/C_/RaspberryPiPico/pico-sdk/src/rp2_common/pico_stdio/stdio.c.obj
 *fill*         0x100048b6        0x2 
 .text.stdio_out_chars_crlf
                0x100048b8       0x80 CMakeFiles/Temperature_LCD.dir/C_/RaspberryPiPico/pico-sdk/src/rp2_common/pico_stdio/stdio.c.obj
 .text.stdio_stack_buffer_flush
                0x10004938       0x44 CMakeFiles/Temperature_LCD.dir/C_/RaspberryPiPico/pico-sdk/src/rp2_common/pico_stdio/stdio.c.obj
 .text.stdio_buffered_printer
                0x1000497c       0x20 CMakeFiles/Temperature_LCD.dir/C_/RaspberryPiPico/pico-sdk/src/rp2_common/pico_stdio/stdio.c.obj
 .text.stdout_serialize_begin
                0x1000499c       0x5c CMakeFiles/Temperature_LCD.dir/C_/RaspberryPiPico/pico-sdk/src/rp2_common/pico_stdio/stdio.c.obj
                0x1000499c                stdout_serialize_begin
 .text.stdout_serialize_end
                0x100049f8       0x10 CMakeFiles/Temperature_LCD.dir/C_/RaspberryPiPico/pico-sdk/src/rp2_common/pico_stdio/stdio.c.obj
                0x100049f8                stdout_serialize_end
 .text.stdio_put_string
                0x10004a08       0x98 CMakeFiles/Temperature_LCD.dir/C_/RaspberryPiPico/pico-sdk/src/rp2_common/pico_stdio/stdio.c.obj
 .text.stdio_set_driver_enabled
                0x10004aa0       0x2c CMakeFiles/Temperature_LCD.dir/C_/RaspberryPiPico/pico-sdk/src/rp2_common/pico_stdio/stdio.c.obj
                0x10004aa0                stdio_set_driver_enabled
 .text.stdio_flush
                0x10004acc       0x20 CMakeFiles/Temperature_LCD.dir/C_/RaspberryPiPico/pico-sdk/src/rp2_common/pico_stdio/stdio.c.obj
                0x10004acc                stdio_flush
 .text.__wrap_puts
                0x10004aec       0x1e CMakeFiles/Temperature_LCD.dir/C_/RaspberryPiPico/pico-sdk/src/rp2_common/pico_stdio/stdio.c.obj
                0x10004aec                __wrap_puts
 *fill*         0x10004b0a        0x2 
 .text.__wrap_vprintf
                0x10004b0c       0x40 CMakeFiles/Temperature_LCD.dir/C_/RaspberryPiPico/pico-sdk/src/rp2_common/pico_stdio/stdio.c.obj
                0x10004b0c                __wrap_vprintf
 .text.__wrap_printf
                0x10004b4c       0x18 CMakeFiles/Temperature_LCD.dir/C_/RaspberryPiPico/pico-sdk/src/rp2_common/pico_stdio/stdio.c.obj
                0x10004b4c                __wrap_printf
 .text.stdio_init_all
                0x10004b64        0xe CMakeFiles/Temperature_LCD.dir/C_/RaspberryPiPico/pico-sdk/src/rp2_common/pico_stdio/stdio.c.obj
                0x10004b64                stdio_init_all
 *fill*         0x10004b72        0x2 
 .text.stdio_uart_out_chars
                0x10004b74       0x74 CMakeFiles/Temperature_LCD.dir/C_/RaspberryPiPico/pico-sdk/src/rp2_common/pico_stdio_uart/stdio_uart.c.obj
 .text.stdio_uart_in_chars
                0x10004be8       0x80 CMakeFiles/Temperature_LCD.dir/C_/RaspberryPiPico/pico-sdk/src/rp2_common/pico_stdio_uart/stdio_uart.c.obj
                0x10004be8                stdio_uart_in_chars
 .text.on_uart_rx
                0x10004c68       0x28 CMakeFiles/Temperature_LCD.dir/C_/RaspberryPiPico/pico-sdk/src/rp2_common/pico_stdio_uart/stdio_uart.c.obj
 .text.stdio_uart_set_chars_available_callback
                0x10004c90       0x8c CMakeFiles/Temperature_LCD.dir/C_/RaspberryPiPico/pico-sdk/src/rp2_common/pico_stdio_uart/stdio_uart.c.obj
 .text.stdio_uart_init_full
                0x10004d1c       0x44 CMakeFiles/Temperature_LCD.dir/C_/RaspberryPiPico/pico-sdk/src/rp2_common/pico_stdio_uart/stdio_uart.c.obj
                0x10004d1c                stdio_uart_init_full
 .text.stdio_uart_init
                0x10004d60       0x28 CMakeFiles/Temperature_LCD.dir/C_/RaspberryPiPico/pico-sdk/src/rp2_common/pico_stdio_uart/stdio_uart.c.obj
                0x10004d60                stdio_uart_init
 .text.resetd_init
                0x10004d88        0x2 CMakeFiles/Temperature_LCD.dir/C_/RaspberryPiPico/pico-sdk/src/rp2_common/pico_stdio_usb/reset_interface.c.obj
 *fill*         0x10004d8a        0x2 
 .text.resetd_reset
                0x10004d8c        0xc CMakeFiles/Temperature_LCD.dir/C_/RaspberryPiPico/pico-sdk/src/rp2_common/pico_stdio_usb/reset_interface.c.obj
 .text.resetd_open
                0x10004d98       0x34 CMakeFiles/Temperature_LCD.dir/C_/RaspberryPiPico/pico-sdk/src/rp2_common/pico_stdio_usb/reset_interface.c.obj
 .text.resetd_xfer_cb
                0x10004dcc        0x4 CMakeFiles/Temperature_LCD.dir/C_/RaspberryPiPico/pico-sdk/src/rp2_common/pico_stdio_usb/reset_interface.c.obj
 .text.reset_usb_boot
                0x10004dd0       0x18 CMakeFiles/Temperature_LCD.dir/C_/RaspberryPiPico/pico-sdk/src/rp2_common/pico_stdio_usb/reset_interface.c.obj
 .text.resetd_control_xfer_cb
                0x10004de8       0x5c CMakeFiles/Temperature_LCD.dir/C_/RaspberryPiPico/pico-sdk/src/rp2_common/pico_stdio_usb/reset_interface.c.obj
 .text.usbd_app_driver_get_cb
                0x10004e44        0xc CMakeFiles/Temperature_LCD.dir/C_/RaspberryPiPico/pico-sdk/src/rp2_common/pico_stdio_usb/reset_interface.c.obj
                0x10004e44                usbd_app_driver_get_cb
 .text.tud_cdc_line_coding_cb
                0x10004e50       0x28 CMakeFiles/Temperature_LCD.dir/C_/RaspberryPiPico/pico-sdk/src/rp2_common/pico_stdio_usb/reset_interface.c.obj
                0x10004e50                tud_cdc_line_coding_cb
 .text.stdio_usb_set_chars_available_callback
                0x10004e78       0x14 CMakeFiles/Temperature_LCD.dir/C_/RaspberryPiPico/pico-sdk/src/rp2_common/pico_stdio_usb/stdio_usb.c.obj
                0x10004e78                stdio_usb_set_chars_available_callback
 .text.usb_irq  0x10004e8c       0x10 CMakeFiles/Temperature_LCD.dir/C_/RaspberryPiPico/pico-sdk/src/rp2_common/pico_stdio_usb/stdio_usb.c.obj
 .text.timer_task
                0x10004e9c       0x5c CMakeFiles/Temperature_LCD.dir/C_/RaspberryPiPico/pico-sdk/src/rp2_common/pico_stdio_usb/stdio_usb.c.obj
 .text.low_priority_worker_irq
                0x10004ef8       0xdc CMakeFiles/Temperature_LCD.dir/C_/RaspberryPiPico/pico-sdk/src/rp2_common/pico_stdio_usb/stdio_usb.c.obj
 .text.tud_cdc_rx_cb
                0x10004fd4       0x20 CMakeFiles/Temperature_LCD.dir/C_/RaspberryPiPico/pico-sdk/src/rp2_common/pico_stdio_usb/stdio_usb.c.obj
                0x10004fd4                tud_cdc_rx_cb
 .text.stdio_usb_init
                0x10004ff4      0x11c CMakeFiles/Temperature_LCD.dir/C_/RaspberryPiPico/pico-sdk/src/rp2_common/pico_stdio_usb/stdio_usb.c.obj
                0x10004ff4                stdio_usb_init
 .text.stdio_usb_connected
                0x10005110        0xa CMakeFiles/Temperature_LCD.dir/C_/RaspberryPiPico/pico-sdk/src/rp2_common/pico_stdio_usb/stdio_usb.c.obj
                0x10005110                stdio_usb_connected
 *fill*         0x1000511a        0x2 
 .text.stdio_usb_in_chars
                0x1000511c       0xc4 CMakeFiles/Temperature_LCD.dir/C_/RaspberryPiPico/pico-sdk/src/rp2_common/pico_stdio_usb/stdio_usb.c.obj
                0x1000511c                stdio_usb_in_chars
 .text.stdio_usb_out_chars
                0x100051e0      0x114 CMakeFiles/Temperature_LCD.dir/C_/RaspberryPiPico/pico-sdk/src/rp2_common/pico_stdio_usb/stdio_usb.c.obj
 .text.tud_descriptor_device_cb
                0x100052f4        0x8 CMakeFiles/Temperature_LCD.dir/C_/RaspberryPiPico/pico-sdk/src/rp2_common/pico_stdio_usb/stdio_usb_descriptors.c.obj
                0x100052f4                tud_descriptor_device_cb
 .text.tud_descriptor_configuration_cb
                0x100052fc        0x8 CMakeFiles/Temperature_LCD.dir/C_/RaspberryPiPico/pico-sdk/src/rp2_common/pico_stdio_usb/stdio_usb_descriptors.c.obj
                0x100052fc                tud_descriptor_configuration_cb
 .text.tud_descriptor_string_cb
                0x10005304       0x6c CMakeFiles/Temperature_LCD.dir/C_/RaspberryPiPico/pico-sdk/src/rp2_common/pico_stdio_usb/stdio_usb_descriptors.c.obj
                0x10005304                tud_descriptor_string_cb
 .text._retrieve_unique_id_on_boot
                0x10005370       0x10 CMakeFiles/Temperature_LCD.dir/C_/RaspberryPiPico/pico-sdk/src/rp2_common/pico_unique_id/unique_id.c.obj
 .text.pico_get_unique_board_id_string
                0x10005380       0x60 CMakeFiles/Temperature_LCD.dir/C_/RaspberryPiPico/pico-sdk/src/rp2_common/pico_unique_id/unique_id.c.obj
                0x10005380                pico_get_unique_board_id_string
 .text.flash_get_unique_id
                0x100053e0       0x46 CMakeFiles/Temperature_LCD.dir/C_/RaspberryPiPico/pico-sdk/src/rp2_common/hardware_flash/flash.c.obj
                0x100053e0                flash_get_unique_id
 *fill*         0x10005426        0x2 
 .text.hw_endpoint_get_by_addr
                0x10005428       0x18 CMakeFiles/Temperature_LCD.dir/C_/RaspberryPiPico/pico-sdk/lib/tinyusb/src/portable/raspberrypi/rp2040/dcd_rp2040.c.obj
 .text._hw_endpoint_alloc
                0x10005440       0x70 CMakeFiles/Temperature_LCD.dir/C_/RaspberryPiPico/pico-sdk/lib/tinyusb/src/portable/raspberrypi/rp2040/dcd_rp2040.c.obj
 .text.hw_endpoint_init
                0x100054b0       0x88 CMakeFiles/Temperature_LCD.dir/C_/RaspberryPiPico/pico-sdk/lib/tinyusb/src/portable/raspberrypi/rp2040/dcd_rp2040.c.obj
 .text.hw_endpoint_xfer
                0x10005538       0x14 CMakeFiles/Temperature_LCD.dir/C_/RaspberryPiPico/pico-sdk/lib/tinyusb/src/portable/raspberrypi/rp2040/dcd_rp2040.c.obj
 .text.dcd_int_enable
                0x1000554c       0x2c CMakeFiles/Temperature_LCD.dir/C_/RaspberryPiPico/pico-sdk/lib/tinyusb/src/portable/raspberrypi/rp2040/dcd_rp2040.c.obj
                0x1000554c                dcd_int_enable
 .text.dcd_set_address
                0x10005578       0x2c CMakeFiles/Temperature_LCD.dir/C_/RaspberryPiPico/pico-sdk/lib/tinyusb/src/portable/raspberrypi/rp2040/dcd_rp2040.c.obj
                0x10005578                dcd_set_address
 .text.dcd_connect
                0x100055a4       0x10 CMakeFiles/Temperature_LCD.dir/C_/RaspberryPiPico/pico-sdk/lib/tinyusb/src/portable/raspberrypi/rp2040/dcd_rp2040.c.obj
                0x100055a4                dcd_connect
 .text.dcd_init
                0x100055b4       0x80 CMakeFiles/Temperature_LCD.dir/C_/RaspberryPiPico/pico-sdk/lib/tinyusb/src/portable/raspberrypi/rp2040/dcd_rp2040.c.obj
                0x100055b4                dcd_init
 .text.dcd_edpt0_status_complete
                0x10005634       0x1c CMakeFiles/Temperature_LCD.dir/C_/RaspberryPiPico/pico-sdk/lib/tinyusb/src/portable/raspberrypi/rp2040/dcd_rp2040.c.obj
                0x10005634                dcd_edpt0_status_complete
 .text.dcd_edpt_open
                0x10005650       0x40 CMakeFiles/Temperature_LCD.dir/C_/RaspberryPiPico/pico-sdk/lib/tinyusb/src/portable/raspberrypi/rp2040/dcd_rp2040.c.obj
                0x10005650                dcd_edpt_open
 .text.dcd_edpt_close_all
                0x10005690        0x8 CMakeFiles/Temperature_LCD.dir/C_/RaspberryPiPico/pico-sdk/lib/tinyusb/src/portable/raspberrypi/rp2040/dcd_rp2040.c.obj
                0x10005690                dcd_edpt_close_all
 .text.dcd_edpt_xfer
                0x10005698       0x34 CMakeFiles/Temperature_LCD.dir/C_/RaspberryPiPico/pico-sdk/lib/tinyusb/src/portable/raspberrypi/rp2040/dcd_rp2040.c.obj
                0x10005698                dcd_edpt_xfer
 .text.dcd_edpt_stall
                0x100056cc       0x2c CMakeFiles/Temperature_LCD.dir/C_/RaspberryPiPico/pico-sdk/lib/tinyusb/src/portable/raspberrypi/rp2040/dcd_rp2040.c.obj
                0x100056cc                dcd_edpt_stall
 .text.dcd_edpt_clear_stall
                0x100056f8       0x20 CMakeFiles/Temperature_LCD.dir/C_/RaspberryPiPico/pico-sdk/lib/tinyusb/src/portable/raspberrypi/rp2040/dcd_rp2040.c.obj
                0x100056f8                dcd_edpt_clear_stall
 .text.rp2040_usb_init
                0x10005718       0x4c CMakeFiles/Temperature_LCD.dir/C_/RaspberryPiPico/pico-sdk/lib/tinyusb/src/portable/raspberrypi/rp2040/rp2040_usb.c.obj
                0x10005718                rp2040_usb_init
 .text.hw_endpoint_xfer_start
                0x10005764       0x50 CMakeFiles/Temperature_LCD.dir/C_/RaspberryPiPico/pico-sdk/lib/tinyusb/src/portable/raspberrypi/rp2040/rp2040_usb.c.obj
                0x10005764                hw_endpoint_xfer_start
 .text.configuration_reset
                0x100057b4       0x84 CMakeFiles/Temperature_LCD.dir/C_/RaspberryPiPico/pico-sdk/lib/tinyusb/src/device/usbd.c.obj
 .text.usbd_reset
                0x10005838        0xc CMakeFiles/Temperature_LCD.dir/C_/RaspberryPiPico/pico-sdk/lib/tinyusb/src/device/usbd.c.obj
 .text.invoke_class_control
                0x10005844       0x1a CMakeFiles/Temperature_LCD.dir/C_/RaspberryPiPico/pico-sdk/lib/tinyusb/src/device/usbd.c.obj
 *fill*         0x1000585e        0x2 
 .text.process_set_config
                0x10005860      0x178 CMakeFiles/Temperature_LCD.dir/C_/RaspberryPiPico/pico-sdk/lib/tinyusb/src/device/usbd.c.obj
 .text.process_get_descriptor
                0x100059d8       0xdc CMakeFiles/Temperature_LCD.dir/C_/RaspberryPiPico/pico-sdk/lib/tinyusb/src/device/usbd.c.obj
 .text.tud_mounted
                0x10005ab4       0x10 CMakeFiles/Temperature_LCD.dir/C_/RaspberryPiPico/pico-sdk/lib/tinyusb/src/device/usbd.c.obj
                0x10005ab4                tud_mounted
 .text.tud_suspended
                0x10005ac4       0x10 CMakeFiles/Temperature_LCD.dir/C_/RaspberryPiPico/pico-sdk/lib/tinyusb/src/device/usbd.c.obj
                0x10005ac4                tud_suspended
 .text.tud_inited
                0x10005ad4       0x14 CMakeFiles/Temperature_LCD.dir/C_/RaspberryPiPico/pico-sdk/lib/tinyusb/src/device/usbd.c.obj
                0x10005ad4                tud_inited
 .text.tud_init
                0x10005ae8       0xcc CMakeFiles/Temperature_LCD.dir/C_/RaspberryPiPico/pico-sdk/lib/tinyusb/src/device/usbd.c.obj
                0x10005ae8                tud_init
 .text.usbd_defer_func
                0x10005bb4       0x2a CMakeFiles/Temperature_LCD.dir/C_/RaspberryPiPico/pico-sdk/lib/tinyusb/src/device/usbd.c.obj
                0x10005bb4                usbd_defer_func
 *fill*         0x10005bde        0x2 
 .text.usbd_edpt_open
                0x10005be0       0x34 CMakeFiles/Temperature_LCD.dir/C_/RaspberryPiPico/pico-sdk/lib/tinyusb/src/device/usbd.c.obj
                0x10005be0                usbd_edpt_open
 .text.usbd_open_edpt_pair
                0x10005c14       0x62 CMakeFiles/Temperature_LCD.dir/C_/RaspberryPiPico/pico-sdk/lib/tinyusb/src/device/usbd.c.obj
                0x10005c14                usbd_open_edpt_pair
 *fill*         0x10005c76        0x2 
 .text.usbd_edpt_claim
                0x10005c78       0x28 CMakeFiles/Temperature_LCD.dir/C_/RaspberryPiPico/pico-sdk/lib/tinyusb/src/device/usbd.c.obj
                0x10005c78                usbd_edpt_claim
 .text.usbd_edpt_release
                0x10005ca0       0x28 CMakeFiles/Temperature_LCD.dir/C_/RaspberryPiPico/pico-sdk/lib/tinyusb/src/device/usbd.c.obj
                0x10005ca0                usbd_edpt_release
 .text.usbd_edpt_xfer
                0x10005cc8       0x78 CMakeFiles/Temperature_LCD.dir/C_/RaspberryPiPico/pico-sdk/lib/tinyusb/src/device/usbd.c.obj
                0x10005cc8                usbd_edpt_xfer
 .text.usbd_edpt_stall
                0x10005d40       0x48 CMakeFiles/Temperature_LCD.dir/C_/RaspberryPiPico/pico-sdk/lib/tinyusb/src/device/usbd.c.obj
                0x10005d40                usbd_edpt_stall
 .text.usbd_edpt_clear_stall
                0x10005d88       0x48 CMakeFiles/Temperature_LCD.dir/C_/RaspberryPiPico/pico-sdk/lib/tinyusb/src/device/usbd.c.obj
                0x10005d88                usbd_edpt_clear_stall
 .text.usbd_edpt_stalled
                0x10005dd0       0x1c CMakeFiles/Temperature_LCD.dir/C_/RaspberryPiPico/pico-sdk/lib/tinyusb/src/device/usbd.c.obj
                0x10005dd0                usbd_edpt_stalled
 .text.process_control_request
                0x10005dec      0x37c CMakeFiles/Temperature_LCD.dir/C_/RaspberryPiPico/pico-sdk/lib/tinyusb/src/device/usbd.c.obj
 .text.tud_task_ext
                0x10006168      0x1b8 CMakeFiles/Temperature_LCD.dir/C_/RaspberryPiPico/pico-sdk/lib/tinyusb/src/device/usbd.c.obj
                0x10006168                tud_task_ext
 .text._data_stage_xact
                0x10006320       0x58 CMakeFiles/Temperature_LCD.dir/C_/RaspberryPiPico/pico-sdk/lib/tinyusb/src/device/usbd_control.c.obj
 .text.tud_control_status
                0x10006378       0x38 CMakeFiles/Temperature_LCD.dir/C_/RaspberryPiPico/pico-sdk/lib/tinyusb/src/device/usbd_control.c.obj
                0x10006378                tud_control_status
 .text.tud_control_xfer
                0x100063b0       0x74 CMakeFiles/Temperature_LCD.dir/C_/RaspberryPiPico/pico-sdk/lib/tinyusb/src/device/usbd_control.c.obj
                0x100063b0                tud_control_xfer
 .text.usbd_control_reset
                0x10006424       0x14 CMakeFiles/Temperature_LCD.dir/C_/RaspberryPiPico/pico-sdk/lib/tinyusb/src/device/usbd_control.c.obj
                0x10006424                usbd_control_reset
 .text.usbd_control_set_complete_callback
                0x10006438        0xc CMakeFiles/Temperature_LCD.dir/C_/RaspberryPiPico/pico-sdk/lib/tinyusb/src/device/usbd_control.c.obj
                0x10006438                usbd_control_set_complete_callback
 .text.usbd_control_set_request
                0x10006444       0x1c CMakeFiles/Temperature_LCD.dir/C_/RaspberryPiPico/pico-sdk/lib/tinyusb/src/device/usbd_control.c.obj
                0x10006444                usbd_control_set_request
 .text.usbd_control_xfer_cb
                0x10006460       0xcc CMakeFiles/Temperature_LCD.dir/C_/RaspberryPiPico/pico-sdk/lib/tinyusb/src/device/usbd_control.c.obj
                0x10006460                usbd_control_xfer_cb
 .text._prep_out_transaction
                0x1000652c       0x4a CMakeFiles/Temperature_LCD.dir/C_/RaspberryPiPico/pico-sdk/lib/tinyusb/src/class/cdc/cdc_device.c.obj
 *fill*         0x10006576        0x2 
 .text.tud_cdc_n_connected
                0x10006578       0x44 CMakeFiles/Temperature_LCD.dir/C_/RaspberryPiPico/pico-sdk/lib/tinyusb/src/class/cdc/cdc_device.c.obj
                0x10006578                tud_cdc_n_connected
 .text.tud_cdc_n_available
                0x100065bc       0x18 CMakeFiles/Temperature_LCD.dir/C_/RaspberryPiPico/pico-sdk/lib/tinyusb/src/class/cdc/cdc_device.c.obj
                0x100065bc                tud_cdc_n_available
 .text.tud_cdc_n_read
                0x100065d4       0x28 CMakeFiles/Temperature_LCD.dir/C_/RaspberryPiPico/pico-sdk/lib/tinyusb/src/class/cdc/cdc_device.c.obj
                0x100065d4                tud_cdc_n_read
 .text.tud_cdc_n_write_flush
                0x100065fc       0xb8 CMakeFiles/Temperature_LCD.dir/C_/RaspberryPiPico/pico-sdk/lib/tinyusb/src/class/cdc/cdc_device.c.obj
                0x100065fc                tud_cdc_n_write_flush
 .text.tud_cdc_n_write
                0x100066b4       0x38 CMakeFiles/Temperature_LCD.dir/C_/RaspberryPiPico/pico-sdk/lib/tinyusb/src/class/cdc/cdc_device.c.obj
                0x100066b4                tud_cdc_n_write
 .text.tud_cdc_n_write_available
                0x100066ec       0x1c CMakeFiles/Temperature_LCD.dir/C_/RaspberryPiPico/pico-sdk/lib/tinyusb/src/class/cdc/cdc_device.c.obj
                0x100066ec                tud_cdc_n_write_available
 .text.cdcd_init
                0x10006708       0xbc CMakeFiles/Temperature_LCD.dir/C_/RaspberryPiPico/pico-sdk/lib/tinyusb/src/class/cdc/cdc_device.c.obj
                0x10006708                cdcd_init
 .text.cdcd_reset
                0x100067c4       0x44 CMakeFiles/Temperature_LCD.dir/C_/RaspberryPiPico/pico-sdk/lib/tinyusb/src/class/cdc/cdc_device.c.obj
                0x100067c4                cdcd_reset
 .text.cdcd_open
                0x10006808       0xcc CMakeFiles/Temperature_LCD.dir/C_/RaspberryPiPico/pico-sdk/lib/tinyusb/src/class/cdc/cdc_device.c.obj
                0x10006808                cdcd_open
 .text.cdcd_control_xfer_cb
                0x100068d4      0x134 CMakeFiles/Temperature_LCD.dir/C_/RaspberryPiPico/pico-sdk/lib/tinyusb/src/class/cdc/cdc_device.c.obj
                0x100068d4                cdcd_control_xfer_cb
 .text.cdcd_xfer_cb
                0x10006a08      0x130 CMakeFiles/Temperature_LCD.dir/C_/RaspberryPiPico/pico-sdk/lib/tinyusb/src/class/cdc/cdc_device.c.obj
                0x10006a08                cdcd_xfer_cb
 .text.tusb_init
                0x10006b38        0xa CMakeFiles/Temperature_LCD.dir/C_/RaspberryPiPico/pico-sdk/lib/tinyusb/src/tusb.c.obj
                0x10006b38                tusb_init
 .text.tusb_inited
                0x10006b42        0xe CMakeFiles/Temperature_LCD.dir/C_/RaspberryPiPico/pico-sdk/lib/tinyusb/src/tusb.c.obj
                0x10006b42                tusb_inited
 .text.tu_edpt_claim
                0x10006b50       0x50 CMakeFiles/Temperature_LCD.dir/C_/RaspberryPiPico/pico-sdk/lib/tinyusb/src/tusb.c.obj
                0x10006b50                tu_edpt_claim
 .text.tu_edpt_release
                0x10006ba0       0x3c CMakeFiles/Temperature_LCD.dir/C_/RaspberryPiPico/pico-sdk/lib/tinyusb/src/tusb.c.obj
                0x10006ba0                tu_edpt_release
 .text.tu_edpt_validate
                0x10006bdc       0x78 CMakeFiles/Temperature_LCD.dir/C_/RaspberryPiPico/pico-sdk/lib/tinyusb/src/tusb.c.obj
                0x10006bdc                tu_edpt_validate
 .text.tu_edpt_bind_driver
                0x10006c54       0x26 CMakeFiles/Temperature_LCD.dir/C_/RaspberryPiPico/pico-sdk/lib/tinyusb/src/tusb.c.obj
                0x10006c54                tu_edpt_bind_driver
 .text.advance_index
                0x10006c7a       0x1a CMakeFiles/Temperature_LCD.dir/C_/RaspberryPiPico/pico-sdk/lib/tinyusb/src/common/tusb_fifo.c.obj
 .text._tu_fifo_peek
                0x10006c94       0x56 CMakeFiles/Temperature_LCD.dir/C_/RaspberryPiPico/pico-sdk/lib/tinyusb/src/common/tusb_fifo.c.obj
 .text._ff_pull_const_addr
                0x10006cea       0x4c CMakeFiles/Temperature_LCD.dir/C_/RaspberryPiPico/pico-sdk/lib/tinyusb/src/common/tusb_fifo.c.obj
 .text._ff_pull_n
                0x10006d36      0x110 CMakeFiles/Temperature_LCD.dir/C_/RaspberryPiPico/pico-sdk/lib/tinyusb/src/common/tusb_fifo.c.obj
 .text._tu_fifo_peek_n
                0x10006e46       0x6a CMakeFiles/Temperature_LCD.dir/C_/RaspberryPiPico/pico-sdk/lib/tinyusb/src/common/tusb_fifo.c.obj
 .text._tu_fifo_read_n
                0x10006eb0       0x4e CMakeFiles/Temperature_LCD.dir/C_/RaspberryPiPico/pico-sdk/lib/tinyusb/src/common/tusb_fifo.c.obj
 .text._ff_push_const_addr
                0x10006efe       0x40 CMakeFiles/Temperature_LCD.dir/C_/RaspberryPiPico/pico-sdk/lib/tinyusb/src/common/tusb_fifo.c.obj
 .text._ff_push_n
                0x10006f3e      0x10c CMakeFiles/Temperature_LCD.dir/C_/RaspberryPiPico/pico-sdk/lib/tinyusb/src/common/tusb_fifo.c.obj
 .text._tu_fifo_write_n
                0x1000704a       0xf0 CMakeFiles/Temperature_LCD.dir/C_/RaspberryPiPico/pico-sdk/lib/tinyusb/src/common/tusb_fifo.c.obj
 .text.tu_fifo_config
                0x1000713a       0x7c CMakeFiles/Temperature_LCD.dir/C_/RaspberryPiPico/pico-sdk/lib/tinyusb/src/common/tusb_fifo.c.obj
                0x1000713a                tu_fifo_config
 .text.tu_fifo_count
                0x100071b6       0x2a CMakeFiles/Temperature_LCD.dir/C_/RaspberryPiPico/pico-sdk/lib/tinyusb/src/common/tusb_fifo.c.obj
                0x100071b6                tu_fifo_count
 .text.tu_fifo_empty
                0x100071e0       0x10 CMakeFiles/Temperature_LCD.dir/C_/RaspberryPiPico/pico-sdk/lib/tinyusb/src/common/tusb_fifo.c.obj
                0x100071e0                tu_fifo_empty
 .text.tu_fifo_full
                0x100071f0       0x28 CMakeFiles/Temperature_LCD.dir/C_/RaspberryPiPico/pico-sdk/lib/tinyusb/src/common/tusb_fifo.c.obj
                0x100071f0                tu_fifo_full
 .text.tu_fifo_remaining
                0x10007218       0x2c CMakeFiles/Temperature_LCD.dir/C_/RaspberryPiPico/pico-sdk/lib/tinyusb/src/common/tusb_fifo.c.obj
                0x10007218                tu_fifo_remaining
 .text.tu_fifo_read
                0x10007244       0x42 CMakeFiles/Temperature_LCD.dir/C_/RaspberryPiPico/pico-sdk/lib/tinyusb/src/common/tusb_fifo.c.obj
                0x10007244                tu_fifo_read
 .text.tu_fifo_read_n
                0x10007286        0xa CMakeFiles/Temperature_LCD.dir/C_/RaspberryPiPico/pico-sdk/lib/tinyusb/src/common/tusb_fifo.c.obj
                0x10007286                tu_fifo_read_n
 .text.tu_fifo_write
                0x10007290       0x64 CMakeFiles/Temperature_LCD.dir/C_/RaspberryPiPico/pico-sdk/lib/tinyusb/src/common/tusb_fifo.c.obj
                0x10007290                tu_fifo_write
 .text.tu_fifo_write_n
                0x100072f4        0xa CMakeFiles/Temperature_LCD.dir/C_/RaspberryPiPico/pico-sdk/lib/tinyusb/src/common/tusb_fifo.c.obj
                0x100072f4                tu_fifo_write_n
 .text.tu_fifo_clear
                0x100072fe       0x3e CMakeFiles/Temperature_LCD.dir/C_/RaspberryPiPico/pico-sdk/lib/tinyusb/src/common/tusb_fifo.c.obj
                0x100072fe                tu_fifo_clear
 .text.tu_fifo_set_overwritable
                0x1000733c       0x46 CMakeFiles/Temperature_LCD.dir/C_/RaspberryPiPico/pico-sdk/lib/tinyusb/src/common/tusb_fifo.c.obj
                0x1000733c                tu_fifo_set_overwritable
 *fill*         0x10007382        0x2 
 .text.adc_init
                0x10007384       0x34 CMakeFiles/Temperature_LCD.dir/C_/RaspberryPiPico/pico-sdk/src/rp2_common/hardware_adc/adc.c.obj
                0x10007384                adc_init
 .text.i2c_write_blocking_internal
                0x100073b8      0x140 CMakeFiles/Temperature_LCD.dir/C_/RaspberryPiPico/pico-sdk/src/rp2_common/hardware_i2c/i2c.c.obj
 .text.i2c_set_baudrate
                0x100074f8       0xf0 CMakeFiles/Temperature_LCD.dir/C_/RaspberryPiPico/pico-sdk/src/rp2_common/hardware_i2c/i2c.c.obj
                0x100074f8                i2c_set_baudrate
 .text.i2c_init
                0x100075e8       0x58 CMakeFiles/Temperature_LCD.dir/C_/RaspberryPiPico/pico-sdk/src/rp2_common/hardware_i2c/i2c.c.obj
                0x100075e8                i2c_init
 .text.i2c_write_blocking
                0x10007640       0x18 CMakeFiles/Temperature_LCD.dir/C_/RaspberryPiPico/pico-sdk/src/rp2_common/hardware_i2c/i2c.c.obj
                0x10007640                i2c_write_blocking
 .text.strlen   0x10007658       0x5c c:/raspberrypipico/gcc-arm-none-eabi/bin/../lib/gcc/arm-none-eabi/10.3.1/../../../../arm-none-eabi/lib/thumb/v6-m/nofp\libg.a(lib_a-strlen-stub.o)
                0x10007658                strlen
 *(.fini)
 .fini          0x100076b4        0x4 c:/raspberrypipico/gcc-arm-none-eabi/bin/../lib/gcc/arm-none-eabi/10.3.1/thumb/v6-m/nofp/crti.o
                0x100076b4                _fini
 .fini.__stub   0x100076b8       0xe0 linker stubs
 *crtbegin.o(.ctors)
 *crtbegin?.o(.ctors)
 *(EXCLUDE_FILE(*crtend.o *crtend?.o) .ctors)
 *(SORT_BY_NAME(.ctors.*))
 *(.ctors)
 *crtbegin.o(.dtors)
 *crtbegin?.o(.dtors)
 *(EXCLUDE_FILE(*crtend.o *crtend?.o) .dtors)
 *(SORT_BY_NAME(.dtors.*))
 *(.dtors)
 *(.eh_frame*)
 .eh_frame      0x10007798        0x0 c:/raspberrypipico/gcc-arm-none-eabi/bin/../lib/gcc/arm-none-eabi/10.3.1/thumb/v6-m/nofp/crtbegin.o
                0x10007798                . = ALIGN (0x4)

.glue_7         0x10007798        0x0
 .glue_7        0x10007798        0x0 linker stubs

.glue_7t        0x10007798        0x0
 .glue_7t       0x10007798        0x0 linker stubs

.vfp11_veneer   0x10007798        0x0
 .vfp11_veneer  0x10007798        0x0 linker stubs

.v4_bx          0x10007798        0x0
 .v4_bx         0x10007798        0x0 linker stubs

.iplt           0x10007798        0x0
 .iplt          0x10007798        0x0 c:/raspberrypipico/gcc-arm-none-eabi/bin/../lib/gcc/arm-none-eabi/10.3.1/thumb/v6-m/nofp/crtbegin.o

.rodata         0x10007798     0x1660
 *(EXCLUDE_FILE(*libm.a: *libc.a:*lib_a-mem*.o *libgcc.a:) .rodata*)
 .rodata.main.str1.4
                0x10007798       0x1e CMakeFiles/Temperature_LCD.dir/Temperature_LCD.c.obj
 *fill*         0x100077b6        0x2 
 .rodata.spin_lock_claim_unused.str1.4
                0x100077b8       0x1b CMakeFiles/Temperature_LCD.dir/C_/RaspberryPiPico/pico-sdk/src/rp2_common/hardware_sync/sync.c.obj
 *fill*         0x100077d3        0x1 
 .rodata.make_branch.str1.4
                0x100077d4       0x6e CMakeFiles/Temperature_LCD.dir/C_/RaspberryPiPico/pico-sdk/src/rp2_common/hardware_irq/irq.c.obj
 *fill*         0x10007842        0x2 
 .rodata.insert_branch_and_link.str1.4
                0x10007844       0x10 CMakeFiles/Temperature_LCD.dir/C_/RaspberryPiPico/pico-sdk/src/rp2_common/hardware_irq/irq.c.obj
 .rodata.irq_set_exclusive_handler.str1.4
                0x10007854       0x36 CMakeFiles/Temperature_LCD.dir/C_/RaspberryPiPico/pico-sdk/src/rp2_common/hardware_irq/irq.c.obj
 *fill*         0x1000788a        0x2 
 .rodata.irq_add_shared_handler.str1.4
                0x1000788c       0xd9 CMakeFiles/Temperature_LCD.dir/C_/RaspberryPiPico/pico-sdk/src/rp2_common/hardware_irq/irq.c.obj
 *fill*         0x10007965        0x3 
 .rodata.irq_remove_handler.str1.4
                0x10007968       0x3a CMakeFiles/Temperature_LCD.dir/C_/RaspberryPiPico/pico-sdk/src/rp2_common/hardware_irq/irq.c.obj
 *fill*         0x100079a2        0x2 
 .rodata.irq_add_tail_to_free_list.str1.4
                0x100079a4       0x3a CMakeFiles/Temperature_LCD.dir/C_/RaspberryPiPico/pico-sdk/src/rp2_common/hardware_irq/irq.c.obj
 *fill*         0x100079de        0x2 
 .rodata.user_irq_claim_unused.str1.4
                0x100079e0       0x1b CMakeFiles/Temperature_LCD.dir/C_/RaspberryPiPico/pico-sdk/src/rp2_common/hardware_irq/irq.c.obj
 *fill*         0x100079fb        0x1 
 .rodata.__func__.0
                0x100079fc       0x1a CMakeFiles/Temperature_LCD.dir/C_/RaspberryPiPico/pico-sdk/src/rp2_common/hardware_irq/irq.c.obj
 *fill*         0x10007a16        0x2 
 .rodata.__func__.1
                0x10007a18       0x17 CMakeFiles/Temperature_LCD.dir/C_/RaspberryPiPico/pico-sdk/src/rp2_common/hardware_irq/irq.c.obj
 *fill*         0x10007a2f        0x1 
 .rodata.__func__.2
                0x10007a30       0x13 CMakeFiles/Temperature_LCD.dir/C_/RaspberryPiPico/pico-sdk/src/rp2_common/hardware_irq/irq.c.obj
 *fill*         0x10007a43        0x1 
 .rodata.__func__.3
                0x10007a44        0xc CMakeFiles/Temperature_LCD.dir/C_/RaspberryPiPico/pico-sdk/src/rp2_common/hardware_irq/irq.c.obj
 .rodata.__func__.4
                0x10007a50        0xf CMakeFiles/Temperature_LCD.dir/C_/RaspberryPiPico/pico-sdk/src/rp2_common/hardware_irq/irq.c.obj
 *fill*         0x10007a5f        0x1 
 .rodata.__func__.5
                0x10007a60       0x17 CMakeFiles/Temperature_LCD.dir/C_/RaspberryPiPico/pico-sdk/src/rp2_common/hardware_irq/irq.c.obj
 *fill*         0x10007a77        0x1 
 .rodata.__func__.6
                0x10007a78       0x1a CMakeFiles/Temperature_LCD.dir/C_/RaspberryPiPico/pico-sdk/src/rp2_common/hardware_irq/irq.c.obj
 *fill*         0x10007a92        0x2 
 .rodata.str1.4
                0x10007a94       0xf1 CMakeFiles/Temperature_LCD.dir/C_/RaspberryPiPico/pico-sdk/src/common/pico_sync/mutex.c.obj
 *fill*         0x10007b85        0x3 
 .rodata.__func__.1
                0x10007b88        0xb CMakeFiles/Temperature_LCD.dir/C_/RaspberryPiPico/pico-sdk/src/common/pico_sync/mutex.c.obj
 *fill*         0x10007b93        0x1 
 .rodata.__func__.3
                0x10007b94       0x18 CMakeFiles/Temperature_LCD.dir/C_/RaspberryPiPico/pico-sdk/src/common/pico_sync/mutex.c.obj
 .rodata.__func__.4
                0x10007bac       0x15 CMakeFiles/Temperature_LCD.dir/C_/RaspberryPiPico/pico-sdk/src/common/pico_sync/mutex.c.obj
 *fill*         0x10007bc1        0x3 
 .rodata.repeating_timer_callback.str1.4
                0x10007bc4       0x4c CMakeFiles/Temperature_LCD.dir/C_/RaspberryPiPico/pico-sdk/src/common/pico_time/time.c.obj
 .rodata.timer_pool_entry_comparator.str1.4
                0x10007c10       0x22 CMakeFiles/Temperature_LCD.dir/C_/RaspberryPiPico/pico-sdk/src/common/pico_time/time.c.obj
 *fill*         0x10007c32        0x2 
 .rodata.ph_add_child_node.str1.4
                0x10007c34       0x96 CMakeFiles/Temperature_LCD.dir/C_/RaspberryPiPico/pico-sdk/src/common/pico_time/time.c.obj
 *fill*         0x10007cca        0x2 
 .rodata.add_alarm_under_lock.str1.4
                0x10007ccc       0x28 CMakeFiles/Temperature_LCD.dir/C_/RaspberryPiPico/pico-sdk/src/common/pico_time/time.c.obj
                                 0x2b (size before relaxing)
 .rodata.alarm_pool_alarm_callback.str1.4
                0x10007cf4       0x98 CMakeFiles/Temperature_LCD.dir/C_/RaspberryPiPico/pico-sdk/src/common/pico_time/time.c.obj
                                 0xfc (size before relaxing)
 .rodata.alarm_pool_get_default.str1.4
                0x10007d8c       0x21 CMakeFiles/Temperature_LCD.dir/C_/RaspberryPiPico/pico-sdk/src/common/pico_time/time.c.obj
 *fill*         0x10007dad        0x3 
 .rodata.alarm_pool_cancel_alarm.str1.4
                0x10007db0       0x27 CMakeFiles/Temperature_LCD.dir/C_/RaspberryPiPico/pico-sdk/src/common/pico_time/time.c.obj
 *fill*         0x10007dd7        0x1 
 .rodata.sleep_until.str1.4
                0x10007dd8       0x4d CMakeFiles/Temperature_LCD.dir/C_/RaspberryPiPico/pico-sdk/src/common/pico_time/time.c.obj
 *fill*         0x10007e25        0x3 
 .rodata.__func__.1
                0x10007e28       0x18 CMakeFiles/Temperature_LCD.dir/C_/RaspberryPiPico/pico-sdk/src/common/pico_time/time.c.obj
 .rodata.__func__.10
                0x10007e40       0x15 CMakeFiles/Temperature_LCD.dir/C_/RaspberryPiPico/pico-sdk/src/common/pico_time/time.c.obj
 *fill*         0x10007e55        0x3 
 .rodata.__func__.11
                0x10007e58       0x1a CMakeFiles/Temperature_LCD.dir/C_/RaspberryPiPico/pico-sdk/src/common/pico_time/time.c.obj
 *fill*         0x10007e72        0x2 
 .rodata.__func__.12
                0x10007e74        0xa CMakeFiles/Temperature_LCD.dir/C_/RaspberryPiPico/pico-sdk/src/common/pico_time/time.c.obj
 *fill*         0x10007e7e        0x2 
 .rodata.__func__.3
                0x10007e80       0x17 CMakeFiles/Temperature_LCD.dir/C_/RaspberryPiPico/pico-sdk/src/common/pico_time/time.c.obj
 *fill*         0x10007e97        0x1 
 .rodata.__func__.4
                0x10007e98       0x12 CMakeFiles/Temperature_LCD.dir/C_/RaspberryPiPico/pico-sdk/src/common/pico_time/time.c.obj
 *fill*         0x10007eaa        0x2 
 .rodata.__func__.5
                0x10007eac        0xd CMakeFiles/Temperature_LCD.dir/C_/RaspberryPiPico/pico-sdk/src/common/pico_time/time.c.obj
 *fill*         0x10007eb9        0x3 
 .rodata.__func__.6
                0x10007ebc       0x12 CMakeFiles/Temperature_LCD.dir/C_/RaspberryPiPico/pico-sdk/src/common/pico_time/time.c.obj
 *fill*         0x10007ece        0x2 
 .rodata.__func__.7
                0x10007ed0        0xf CMakeFiles/Temperature_LCD.dir/C_/RaspberryPiPico/pico-sdk/src/common/pico_time/time.c.obj
 *fill*         0x10007edf        0x1 
 .rodata.__func__.8
                0x10007ee0        0xc CMakeFiles/Temperature_LCD.dir/C_/RaspberryPiPico/pico-sdk/src/common/pico_time/time.c.obj
 .rodata.__func__.9
                0x10007eec       0x15 CMakeFiles/Temperature_LCD.dir/C_/RaspberryPiPico/pico-sdk/src/common/pico_time/time.c.obj
 *fill*         0x10007f01        0x3 
 .rodata.hardware_alarm_claim.str1.4
                0x10007f04       0x22 CMakeFiles/Temperature_LCD.dir/C_/RaspberryPiPico/pico-sdk/src/rp2_common/hardware_timer/timer.c.obj
 .rodata.busy_wait_us.str1.4
                0x10007f26       0x62 CMakeFiles/Temperature_LCD.dir/C_/RaspberryPiPico/pico-sdk/src/rp2_common/hardware_timer/timer.c.obj
 *fill*         0x10007f26        0x2 
 .rodata.hardware_alarm_set_target.str1.4
                0x10007f28       0x66 CMakeFiles/Temperature_LCD.dir/C_/RaspberryPiPico/pico-sdk/src/rp2_common/hardware_timer/timer.c.obj
 *fill*         0x10007f8e        0x2 
 .rodata.__func__.0
                0x10007f90       0x1a CMakeFiles/Temperature_LCD.dir/C_/RaspberryPiPico/pico-sdk/src/rp2_common/hardware_timer/timer.c.obj
 *fill*         0x10007faa        0x2 
 .rodata.__func__.1
                0x10007fac       0x15 CMakeFiles/Temperature_LCD.dir/C_/RaspberryPiPico/pico-sdk/src/rp2_common/hardware_timer/timer.c.obj
 .rodata.ph_add_child_node.str1.4
                0x10007fc1       0x96 CMakeFiles/Temperature_LCD.dir/C_/RaspberryPiPico/pico-sdk/src/common/pico_util/pheap.c.obj
 *fill*         0x10007fc1        0x3 
 .rodata.ph_remove_any_head.str1.4
                0x10007fc4       0x90 CMakeFiles/Temperature_LCD.dir/C_/RaspberryPiPico/pico-sdk/src/common/pico_util/pheap.c.obj
                                 0xa4 (size before relaxing)
 .rodata.ph_remove_and_free_node.str1.4
                0x10008054       0x1e CMakeFiles/Temperature_LCD.dir/C_/RaspberryPiPico/pico-sdk/src/common/pico_util/pheap.c.obj
                                 0x26 (size before relaxing)
 *fill*         0x10008072        0x2 
 .rodata.__func__.0
                0x10008074       0x18 CMakeFiles/Temperature_LCD.dir/C_/RaspberryPiPico/pico-sdk/src/common/pico_util/pheap.c.obj
 .rodata.__func__.1
                0x1000808c       0x13 CMakeFiles/Temperature_LCD.dir/C_/RaspberryPiPico/pico-sdk/src/common/pico_util/pheap.c.obj
 *fill*         0x1000809f        0x1 
 .rodata.__func__.2
                0x100080a0       0x12 CMakeFiles/Temperature_LCD.dir/C_/RaspberryPiPico/pico-sdk/src/common/pico_util/pheap.c.obj
 *fill*         0x100080b2        0x2 
 .rodata.__func__.3
                0x100080b4        0xc CMakeFiles/Temperature_LCD.dir/C_/RaspberryPiPico/pico-sdk/src/common/pico_util/pheap.c.obj
 .rodata.clock_configure.str1.4
                0x100080c0       0x58 CMakeFiles/Temperature_LCD.dir/C_/RaspberryPiPico/pico-sdk/src/rp2_common/hardware_clocks/clocks.c.obj
 .rodata.__func__.1
                0x10008118       0x10 CMakeFiles/Temperature_LCD.dir/C_/RaspberryPiPico/pico-sdk/src/rp2_common/hardware_clocks/clocks.c.obj
 .rodata.pll_init.str1.4
                0x10008128      0x124 CMakeFiles/Temperature_LCD.dir/C_/RaspberryPiPico/pico-sdk/src/rp2_common/hardware_pll/pll.c.obj
 .rodata.__func__.0
                0x1000824c        0x9 CMakeFiles/Temperature_LCD.dir/C_/RaspberryPiPico/pico-sdk/src/rp2_common/hardware_pll/pll.c.obj
 *fill*         0x10008255        0x3 
 .rodata.__assert_func.str1.4
                0x10008258       0x3f CMakeFiles/Temperature_LCD.dir/C_/RaspberryPiPico/pico-sdk/src/rp2_common/pico_runtime/runtime.c.obj
                                 0x43 (size before relaxing)
 *fill*         0x10008297        0x1 
 .rodata.runtime_init.str1.4
                0x10008298       0x62 CMakeFiles/Temperature_LCD.dir/C_/RaspberryPiPico/pico-sdk/src/rp2_common/pico_runtime/runtime.c.obj
 *fill*         0x100082fa        0x2 
 .rodata.panic.str1.4
                0x100082fc       0x12 CMakeFiles/Temperature_LCD.dir/C_/RaspberryPiPico/pico-sdk/src/rp2_common/pico_runtime/runtime.c.obj
 *fill*         0x1000830e        0x2 
 .rodata.__func__.2
                0x10008310        0xd CMakeFiles/Temperature_LCD.dir/C_/RaspberryPiPico/pico-sdk/src/rp2_common/pico_runtime/runtime.c.obj
 *fill*         0x1000831d        0x3 
 .rodata._ftoa.str1.4
                0x10008320       0x15 CMakeFiles/Temperature_LCD.dir/C_/RaspberryPiPico/pico-sdk/src/rp2_common/pico_printf/printf.c.obj
 *fill*         0x10008335        0x3 
 .rodata._vsnprintf
                0x10008338      0x1e0 CMakeFiles/Temperature_LCD.dir/C_/RaspberryPiPico/pico-sdk/src/rp2_common/pico_printf/printf.c.obj
 .rodata.pow10.0
                0x10008518       0x50 CMakeFiles/Temperature_LCD.dir/C_/RaspberryPiPico/pico-sdk/src/rp2_common/pico_printf/printf.c.obj
 .rodata.__aeabi_double_init.str1.4
                0x10008568       0x9d CMakeFiles/Temperature_LCD.dir/C_/RaspberryPiPico/pico-sdk/src/rp2_common/pico_double/double_init_rom.c.obj
 *fill*         0x10008605        0x3 
 .rodata.__func__.0
                0x10008608       0x14 CMakeFiles/Temperature_LCD.dir/C_/RaspberryPiPico/pico-sdk/src/rp2_common/pico_double/double_init_rom.c.obj
 .rodata.__aeabi_float_init.str1.4
                0x1000861c       0x7b CMakeFiles/Temperature_LCD.dir/C_/RaspberryPiPico/pico-sdk/src/rp2_common/pico_float/float_init_rom.c.obj
                                 0x7f (size before relaxing)
 *fill*         0x10008697        0x1 
 .rodata.__func__.0
                0x10008698       0x13 CMakeFiles/Temperature_LCD.dir/C_/RaspberryPiPico/pico-sdk/src/rp2_common/pico_float/float_init_rom.c.obj
 *fill*         0x100086ab        0x1 
 .rodata.str1.4
                0x100086ac       0x48 CMakeFiles/Temperature_LCD.dir/C_/RaspberryPiPico/pico-sdk/src/rp2_common/pico_standard_link/binary_info.c.obj
 .rodata.__bi_44
                0x100086f4        0xc CMakeFiles/Temperature_LCD.dir/C_/RaspberryPiPico/pico-sdk/src/rp2_common/pico_standard_link/binary_info.c.obj
 .rodata.__bi_56
                0x10008700        0xc CMakeFiles/Temperature_LCD.dir/C_/RaspberryPiPico/pico-sdk/src/rp2_common/pico_standard_link/binary_info.c.obj
 .rodata.__bi_75
                0x1000870c        0xc CMakeFiles/Temperature_LCD.dir/C_/RaspberryPiPico/pico-sdk/src/rp2_common/pico_standard_link/binary_info.c.obj
 .rodata.__bi_81
                0x10008718        0xc CMakeFiles/Temperature_LCD.dir/C_/RaspberryPiPico/pico-sdk/src/rp2_common/pico_standard_link/binary_info.c.obj
 .rodata.stdout_serialize_begin.str1.4
                0x10008724       0x62 CMakeFiles/Temperature_LCD.dir/C_/RaspberryPiPico/pico-sdk/src/rp2_common/pico_stdio/stdio.c.obj
 .rodata.__func__.3
                0x10008724       0x15 CMakeFiles/Temperature_LCD.dir/C_/RaspberryPiPico/pico-sdk/src/rp2_common/pico_stdio/stdio.c.obj
 *fill*         0x10008739        0x3 
 .rodata.crlf_str.2
                0x1000873c        0x2 CMakeFiles/Temperature_LCD.dir/C_/RaspberryPiPico/pico-sdk/src/rp2_common/pico_stdio/stdio.c.obj
 *fill*         0x1000873e        0x2 
 .rodata.str1.4
                0x10008740       0x2c CMakeFiles/Temperature_LCD.dir/C_/RaspberryPiPico/pico-sdk/src/rp2_common/pico_stdio_uart/stdio_uart.c.obj
 .rodata.__bi_33.4
                0x1000876c        0xc CMakeFiles/Temperature_LCD.dir/C_/RaspberryPiPico/pico-sdk/src/rp2_common/pico_stdio_uart/stdio_uart.c.obj
 .rodata.__bi_34.5
                0x10008778        0x8 CMakeFiles/Temperature_LCD.dir/C_/RaspberryPiPico/pico-sdk/src/rp2_common/pico_stdio_uart/stdio_uart.c.obj
 .rodata._resetd_driver
                0x10008780       0x18 CMakeFiles/Temperature_LCD.dir/C_/RaspberryPiPico/pico-sdk/src/rp2_common/pico_stdio_usb/reset_interface.c.obj
 .rodata.low_priority_worker_irq.str1.4
                0x10008798       0x62 CMakeFiles/Temperature_LCD.dir/C_/RaspberryPiPico/pico-sdk/src/rp2_common/pico_stdio_usb/stdio_usb.c.obj
 .rodata.stdio_usb_init.str1.4
                0x10008798       0x46 CMakeFiles/Temperature_LCD.dir/C_/RaspberryPiPico/pico-sdk/src/rp2_common/pico_stdio_usb/stdio_usb.c.obj
                                 0x4e (size before relaxing)
 *fill*         0x100087de        0x2 
 .rodata.str1.4
                0x100087e0       0x13 CMakeFiles/Temperature_LCD.dir/C_/RaspberryPiPico/pico-sdk/src/rp2_common/pico_stdio_usb/stdio_usb.c.obj
 *fill*         0x100087f3        0x1 
 .rodata.__bi_182.0
                0x100087f4        0xc CMakeFiles/Temperature_LCD.dir/C_/RaspberryPiPico/pico-sdk/src/rp2_common/pico_stdio_usb/stdio_usb.c.obj
 .rodata.__func__.1
                0x10008800        0xf CMakeFiles/Temperature_LCD.dir/C_/RaspberryPiPico/pico-sdk/src/rp2_common/pico_stdio_usb/stdio_usb.c.obj
 *fill*         0x1000880f        0x1 
 .rodata.__func__.3
                0x10008810       0x15 CMakeFiles/Temperature_LCD.dir/C_/RaspberryPiPico/pico-sdk/src/rp2_common/pico_stdio_usb/stdio_usb.c.obj
 *fill*         0x10008825        0x3 
 .rodata.str1.4
                0x10008828       0x2a CMakeFiles/Temperature_LCD.dir/C_/RaspberryPiPico/pico-sdk/src/rp2_common/pico_stdio_usb/stdio_usb_descriptors.c.obj
 *fill*         0x10008852        0x2 
 .rodata.usbd_desc_cfg
                0x10008854       0x54 CMakeFiles/Temperature_LCD.dir/C_/RaspberryPiPico/pico-sdk/src/rp2_common/pico_stdio_usb/stdio_usb_descriptors.c.obj
 .rodata.usbd_desc_device
                0x100088a8       0x12 CMakeFiles/Temperature_LCD.dir/C_/RaspberryPiPico/pico-sdk/src/rp2_common/pico_stdio_usb/stdio_usb_descriptors.c.obj
 *fill*         0x100088ba        0x2 
 .rodata.usbd_desc_str
                0x100088bc       0x18 CMakeFiles/Temperature_LCD.dir/C_/RaspberryPiPico/pico-sdk/src/rp2_common/pico_stdio_usb/stdio_usb_descriptors.c.obj
 .rodata.pico_get_unique_board_id_string.str1.4
                0x100088d4       0x4e CMakeFiles/Temperature_LCD.dir/C_/RaspberryPiPico/pico-sdk/src/rp2_common/pico_unique_id/unique_id.c.obj
 *fill*         0x10008922        0x2 
 .rodata.__func__.0
                0x10008924       0x20 CMakeFiles/Temperature_LCD.dir/C_/RaspberryPiPico/pico-sdk/src/rp2_common/pico_unique_id/unique_id.c.obj
 .rodata.str1.4
                0x10008944      0x15a CMakeFiles/Temperature_LCD.dir/C_/RaspberryPiPico/pico-sdk/src/rp2_common/hardware_flash/flash.c.obj
 *fill*         0x10008a9e        0x2 
 .rodata.__func__.0
                0x10008aa0        0xd CMakeFiles/Temperature_LCD.dir/C_/RaspberryPiPico/pico-sdk/src/rp2_common/hardware_flash/flash.c.obj
 *fill*         0x10008aad        0x3 
 .rodata._hw_endpoint_alloc.str1.4
                0x10008ab0       0xb9 CMakeFiles/Temperature_LCD.dir/C_/RaspberryPiPico/pico-sdk/lib/tinyusb/src/portable/raspberrypi/rp2040/dcd_rp2040.c.obj
 *fill*         0x10008b69        0x3 
 .rodata.str1.4
                0x10008b6c       0x14 CMakeFiles/Temperature_LCD.dir/C_/RaspberryPiPico/pico-sdk/lib/tinyusb/src/portable/raspberrypi/rp2040/dcd_rp2040.c.obj
 .rodata.dcd_int_enable.str1.4
                0x10008b80        0xc CMakeFiles/Temperature_LCD.dir/C_/RaspberryPiPico/pico-sdk/lib/tinyusb/src/portable/raspberrypi/rp2040/dcd_rp2040.c.obj
 .rodata.__func__.0
                0x10008b8c        0xe CMakeFiles/Temperature_LCD.dir/C_/RaspberryPiPico/pico-sdk/lib/tinyusb/src/portable/raspberrypi/rp2040/dcd_rp2040.c.obj
 *fill*         0x10008b9a        0x2 
 .rodata.__func__.1
                0x10008b9c        0xe CMakeFiles/Temperature_LCD.dir/C_/RaspberryPiPico/pico-sdk/lib/tinyusb/src/portable/raspberrypi/rp2040/dcd_rp2040.c.obj
 *fill*         0x10008baa        0x2 
 .rodata.__func__.3
                0x10008bac       0x10 CMakeFiles/Temperature_LCD.dir/C_/RaspberryPiPico/pico-sdk/lib/tinyusb/src/portable/raspberrypi/rp2040/dcd_rp2040.c.obj
 .rodata.__func__.5
                0x10008bbc        0xf CMakeFiles/Temperature_LCD.dir/C_/RaspberryPiPico/pico-sdk/lib/tinyusb/src/portable/raspberrypi/rp2040/dcd_rp2040.c.obj
 *fill*         0x10008bcb        0x1 
 .rodata.__func__.6
                0x10008bcc       0x13 CMakeFiles/Temperature_LCD.dir/C_/RaspberryPiPico/pico-sdk/lib/tinyusb/src/portable/raspberrypi/rp2040/dcd_rp2040.c.obj
 *fill*         0x10008bdf        0x1 
 .rodata.__func__.7
                0x10008be0        0x9 CMakeFiles/Temperature_LCD.dir/C_/RaspberryPiPico/pico-sdk/lib/tinyusb/src/portable/raspberrypi/rp2040/dcd_rp2040.c.obj
 *fill*         0x10008be9        0x3 
 .rodata.str1.4
                0x10008bec       0xe1 CMakeFiles/Temperature_LCD.dir/C_/RaspberryPiPico/pico-sdk/lib/tinyusb/src/portable/raspberrypi/rp2040/rp2040_usb.c.obj
                                 0xeb (size before relaxing)
 *fill*         0x10008ccd        0x3 
 .rodata.__func__.0
                0x10008cd0        0xf CMakeFiles/Temperature_LCD.dir/C_/RaspberryPiPico/pico-sdk/lib/tinyusb/src/portable/raspberrypi/rp2040/rp2040_usb.c.obj
 *fill*         0x10008cdf        0x1 
 .rodata.process_get_descriptor
                0x10008ce0       0x40 CMakeFiles/Temperature_LCD.dir/C_/RaspberryPiPico/pico-sdk/lib/tinyusb/src/device/usbd.c.obj
 .rodata.process_control_request
                0x10008d20       0x28 CMakeFiles/Temperature_LCD.dir/C_/RaspberryPiPico/pico-sdk/lib/tinyusb/src/device/usbd.c.obj
 .rodata.tud_task_ext
                0x10008d48       0x24 CMakeFiles/Temperature_LCD.dir/C_/RaspberryPiPico/pico-sdk/lib/tinyusb/src/device/usbd.c.obj
 .rodata._usbd_driver
                0x10008d6c       0x18 CMakeFiles/Temperature_LCD.dir/C_/RaspberryPiPico/pico-sdk/lib/tinyusb/src/device/usbd.c.obj
 .rodata.i2c_set_baudrate.str1.4
                0x10008d84       0x5e CMakeFiles/Temperature_LCD.dir/C_/RaspberryPiPico/pico-sdk/src/rp2_common/hardware_i2c/i2c.c.obj
 *fill*         0x10008de2        0x2 
 .rodata.__func__.0
                0x10008de4       0x11 CMakeFiles/Temperature_LCD.dir/C_/RaspberryPiPico/pico-sdk/src/rp2_common/hardware_i2c/i2c.c.obj
                0x10008df8                . = ALIGN (0x4)
 *fill*         0x10008df5        0x3 
 *(SORT_BY_ALIGNMENT(SORT_BY_NAME(.flashdata*)))
                0x10008df8                . = ALIGN (0x4)

.ARM.extab
 *(.ARM.extab* .gnu.linkonce.armextab.*)
                0x10008df8                __exidx_start = .

.ARM.exidx
 *(.ARM.exidx* .gnu.linkonce.armexidx.*)
                0x10008df8                __exidx_end = .
                0x10008df8                . = ALIGN (0x4)
                0x10008df8                __binary_info_start = .

.binary_info    0x10008df8       0x2c
 *(.binary_info.keep.*)
 .binary_info.keep.__bi_ptr22
                0x10008df8        0x4 CMakeFiles/Temperature_LCD.dir/C_/RaspberryPiPico/pico-sdk/src/rp2_common/pico_standard_link/binary_info.c.obj
 .binary_info.keep.__bi_ptr30
                0x10008dfc        0x4 CMakeFiles/Temperature_LCD.dir/C_/RaspberryPiPico/pico-sdk/src/rp2_common/pico_standard_link/binary_info.c.obj
 .binary_info.keep.__bi_ptr38
                0x10008e00        0x4 CMakeFiles/Temperature_LCD.dir/C_/RaspberryPiPico/pico-sdk/src/rp2_common/pico_standard_link/binary_info.c.obj
 .binary_info.keep.__bi_ptr44
                0x10008e04        0x4 CMakeFiles/Temperature_LCD.dir/C_/RaspberryPiPico/pico-sdk/src/rp2_common/pico_standard_link/binary_info.c.obj
 .binary_info.keep.__bi_ptr50
                0x10008e08        0x4 CMakeFiles/Temperature_LCD.dir/C_/RaspberryPiPico/pico-sdk/src/rp2_common/pico_standard_link/binary_info.c.obj
 .binary_info.keep.__bi_ptr56
                0x10008e0c        0x4 CMakeFiles/Temperature_LCD.dir/C_/RaspberryPiPico/pico-sdk/src/rp2_common/pico_standard_link/binary_info.c.obj
 .binary_info.keep.__bi_ptr75
                0x10008e10        0x4 CMakeFiles/Temperature_LCD.dir/C_/RaspberryPiPico/pico-sdk/src/rp2_common/pico_standard_link/binary_info.c.obj
 .binary_info.keep.__bi_ptr81
                0x10008e14        0x4 CMakeFiles/Temperature_LCD.dir/C_/RaspberryPiPico/pico-sdk/src/rp2_common/pico_standard_link/binary_info.c.obj
 *(.binary_info.*)
 .binary_info.__bi_ptr33
                0x10008e18        0x4 CMakeFiles/Temperature_LCD.dir/C_/RaspberryPiPico/pico-sdk/src/rp2_common/pico_stdio_uart/stdio_uart.c.obj
 .binary_info.__bi_ptr34
                0x10008e1c        0x4 CMakeFiles/Temperature_LCD.dir/C_/RaspberryPiPico/pico-sdk/src/rp2_common/pico_stdio_uart/stdio_uart.c.obj
 .binary_info.__bi_ptr182
                0x10008e20        0x4 CMakeFiles/Temperature_LCD.dir/C_/RaspberryPiPico/pico-sdk/src/rp2_common/pico_stdio_usb/stdio_usb.c.obj
                0x10008e24                __binary_info_end = .

.rel.dyn        0x10008e24        0x0
 .rel.iplt      0x10008e24        0x0 c:/raspberrypipico/gcc-arm-none-eabi/bin/../lib/gcc/arm-none-eabi/10.3.1/thumb/v6-m/nofp/crtbegin.o
                0x10008e24                . = ALIGN (0x4)

.ram_vector_table
                0x20000000       0xc0
 *(.ram_vector_table)
 .ram_vector_table
                0x20000000       0xc0 CMakeFiles/Temperature_LCD.dir/C_/RaspberryPiPico/pico-sdk/src/rp2_common/pico_runtime/runtime.c.obj
                0x20000000                ram_vector_table

.data           0x200000c0      0xc10 load address 0x10008e24
                0x200000c0                __data_start__ = .
 *(vtable)
 *(.time_critical*)
 .time_critical.mutex_try_enter
                0x200000c0       0x46 CMakeFiles/Temperature_LCD.dir/C_/RaspberryPiPico/pico-sdk/src/common/pico_sync/mutex.c.obj
                0x200000c0                mutex_try_enter
 *fill*         0x20000106        0x2 
 .time_critical.mutex_enter_block_until
                0x20000108       0x8c CMakeFiles/Temperature_LCD.dir/C_/RaspberryPiPico/pico-sdk/src/common/pico_sync/mutex.c.obj
                0x20000108                mutex_enter_block_until
 .time_critical.mutex_try_enter_block_until
                0x20000194       0x34 CMakeFiles/Temperature_LCD.dir/C_/RaspberryPiPico/pico-sdk/src/common/pico_sync/mutex.c.obj
                0x20000194                mutex_try_enter_block_until
 .time_critical.mutex_enter_timeout_ms
                0x200001c8       0x68 CMakeFiles/Temperature_LCD.dir/C_/RaspberryPiPico/pico-sdk/src/common/pico_sync/mutex.c.obj
                0x200001c8                mutex_enter_timeout_ms
 .time_critical.mutex_exit
                0x20000230       0x4c CMakeFiles/Temperature_LCD.dir/C_/RaspberryPiPico/pico-sdk/src/common/pico_sync/mutex.c.obj
                0x20000230                mutex_exit
 .time_critical.flash_init_boot2_copyout
                0x2000027c       0x30 CMakeFiles/Temperature_LCD.dir/C_/RaspberryPiPico/pico-sdk/src/rp2_common/hardware_flash/flash.c.obj
 .time_critical.flash_enable_xip_via_boot2
                0x200002ac       0x10 CMakeFiles/Temperature_LCD.dir/C_/RaspberryPiPico/pico-sdk/src/rp2_common/hardware_flash/flash.c.obj
 .time_critical.flash_cs_force
                0x200002bc       0x28 CMakeFiles/Temperature_LCD.dir/C_/RaspberryPiPico/pico-sdk/src/rp2_common/hardware_flash/flash.c.obj
 .time_critical.flash_do_cmd
                0x200002e4       0xd8 CMakeFiles/Temperature_LCD.dir/C_/RaspberryPiPico/pico-sdk/src/rp2_common/hardware_flash/flash.c.obj
                0x200002e4                flash_do_cmd
 .time_critical.reset_non_control_endpoints
                0x200003bc       0x40 CMakeFiles/Temperature_LCD.dir/C_/RaspberryPiPico/pico-sdk/lib/tinyusb/src/portable/raspberrypi/rp2040/dcd_rp2040.c.obj
 .time_critical.hw_handle_buff_status
                0x200003fc       0xa4 CMakeFiles/Temperature_LCD.dir/C_/RaspberryPiPico/pico-sdk/lib/tinyusb/src/portable/raspberrypi/rp2040/dcd_rp2040.c.obj
 .time_critical.dcd_rp2040_irq
                0x200004a0      0x1cc CMakeFiles/Temperature_LCD.dir/C_/RaspberryPiPico/pico-sdk/lib/tinyusb/src/portable/raspberrypi/rp2040/dcd_rp2040.c.obj
 .time_critical.e15_is_bulkin_ep
                0x2000066c       0x2c CMakeFiles/Temperature_LCD.dir/C_/RaspberryPiPico/pico-sdk/lib/tinyusb/src/portable/raspberrypi/rp2040/rp2040_usb.c.obj
 .time_critical.e15_is_critical_frame_period
                0x20000698       0x30 CMakeFiles/Temperature_LCD.dir/C_/RaspberryPiPico/pico-sdk/lib/tinyusb/src/portable/raspberrypi/rp2040/rp2040_usb.c.obj
 .time_critical.prepare_ep_buffer
                0x200006c8       0x70 CMakeFiles/Temperature_LCD.dir/C_/RaspberryPiPico/pico-sdk/lib/tinyusb/src/portable/raspberrypi/rp2040/rp2040_usb.c.obj
 .time_critical.sync_ep_buffer
                0x20000738       0x80 CMakeFiles/Temperature_LCD.dir/C_/RaspberryPiPico/pico-sdk/lib/tinyusb/src/portable/raspberrypi/rp2040/rp2040_usb.c.obj
 .time_critical._hw_endpoint_xfer_sync
                0x200007b8       0x28 CMakeFiles/Temperature_LCD.dir/C_/RaspberryPiPico/pico-sdk/lib/tinyusb/src/portable/raspberrypi/rp2040/rp2040_usb.c.obj
 .time_critical.hw_endpoint_reset_transfer
                0x200007e0        0xc CMakeFiles/Temperature_LCD.dir/C_/RaspberryPiPico/pico-sdk/lib/tinyusb/src/portable/raspberrypi/rp2040/rp2040_usb.c.obj
                0x200007e0                hw_endpoint_reset_transfer
 .time_critical._hw_endpoint_buffer_control_update32
                0x200007ec       0x58 CMakeFiles/Temperature_LCD.dir/C_/RaspberryPiPico/pico-sdk/lib/tinyusb/src/portable/raspberrypi/rp2040/rp2040_usb.c.obj
                0x200007ec                _hw_endpoint_buffer_control_update32
 .time_critical.hw_endpoint_start_next_buffer
                0x20000844       0x88 CMakeFiles/Temperature_LCD.dir/C_/RaspberryPiPico/pico-sdk/lib/tinyusb/src/portable/raspberrypi/rp2040/rp2040_usb.c.obj
                0x20000844                hw_endpoint_start_next_buffer
 .time_critical.hw_endpoint_xfer_continue
                0x200008cc       0x50 CMakeFiles/Temperature_LCD.dir/C_/RaspberryPiPico/pico-sdk/lib/tinyusb/src/portable/raspberrypi/rp2040/rp2040_usb.c.obj
                0x200008cc                hw_endpoint_xfer_continue
 .time_critical.tinyusb
                0x2000091c      0x200 CMakeFiles/Temperature_LCD.dir/C_/RaspberryPiPico/pico-sdk/lib/tinyusb/src/device/usbd.c.obj
                0x2000091c                dcd_event_handler
 *(.text*)
 .text          0x20000b1c        0x4 c:/raspberrypipico/gcc-arm-none-eabi/bin/../lib/gcc/arm-none-eabi/10.3.1/thumb/v6-m/nofp\libgcc.a(_dvmd_tls.o)
                0x20000b1c                __aeabi_idiv0
                0x20000b1c                __aeabi_ldiv0
 .text.__stub   0x20000b20       0x90 linker stubs
                0x20000bb0                . = ALIGN (0x4)
 *(.rodata*)
                0x20000bb0                . = ALIGN (0x4)
 *(.data*)
 .data.striped_spin_lock_num
                0x20000bb0        0x1 CMakeFiles/Temperature_LCD.dir/C_/RaspberryPiPico/pico-sdk/src/rp2_common/hardware_sync/sync.c.obj
 *fill*         0x20000bb1        0x3 
 .data          0x20000bb4       0x48 CMakeFiles/Temperature_LCD.dir/C_/RaspberryPiPico/pico-sdk/src/rp2_common/hardware_irq/irq_handler_chain.S.obj
                0x20000bb4                irq_handler_chain_slots
                0x20000be4                irq_handler_chain_first_slot
                0x20000bee                irq_handler_chain_remove_tail
 .data.default_alarm_pool
                0x20000bfc       0x18 CMakeFiles/Temperature_LCD.dir/C_/RaspberryPiPico/pico-sdk/src/common/pico_time/time.c.obj
 .data.default_alarm_pool_heap