Archive member included to satisfy reference by file (symbol)

c:/raspberrypipico/gcc-arm-none-eabi/bin/../lib/gcc/arm-none-eabi/10.3.1/thumb/v6-m/nofp\libgcc.a(_dvmd_tls.o)
                              CMakeFiles/ExternalLED.dir/C_/RaspberryPiPico/pico-sdk/src/rp2_common/pico_divider/divider.S.obj (__aeabi_idiv0)
c:/raspberrypipico/gcc-arm-none-eabi/bin/../lib/gcc/arm-none-eabi/10.3.1/../../../../arm-none-eabi/lib/thumb/v6-m/nofp\libg.a(lib_a-calloc.o)
                              CMakeFiles/ExternalLED.dir/C_/RaspberryPiPico/pico-sdk/src/rp2_common/pico_malloc/pico_malloc.c.obj (calloc)
c:/raspberrypipico/gcc-arm-none-eabi/bin/../lib/gcc/arm-none-eabi/10.3.1/../../../../arm-none-eabi/lib/thumb/v6-m/nofp\libg.a(lib_a-callocr.o)
                              c:/raspberrypipico/gcc-arm-none-eabi/bin/../lib/gcc/arm-none-eabi/10.3.1/../../../../arm-none-eabi/lib/thumb/v6-m/nofp\libg.a(lib_a-calloc.o) (_calloc_r)
c:/raspberrypipico/gcc-arm-none-eabi/bin/../lib/gcc/arm-none-eabi/10.3.1/../../../../arm-none-eabi/lib/thumb/v6-m/nofp\libg.a(lib_a-errno.o)
                              c:/raspberrypipico/gcc-arm-none-eabi/bin/../lib/gcc/arm-none-eabi/10.3.1/../../../../arm-none-eabi/lib/thumb/v6-m/nofp\libg.a(lib_a-callocr.o) (__errno)
c:/raspberrypipico/gcc-arm-none-eabi/bin/../lib/gcc/arm-none-eabi/10.3.1/../../../../arm-none-eabi/lib/thumb/v6-m/nofp\libg.a(lib_a-impure.o)
                              c:/raspberrypipico/gcc-arm-none-eabi/bin/../lib/gcc/arm-none-eabi/10.3.1/../../../../arm-none-eabi/lib/thumb/v6-m/nofp\libg.a(lib_a-calloc.o) (_impure_ptr)
c:/raspberrypipico/gcc-arm-none-eabi/bin/../lib/gcc/arm-none-eabi/10.3.1/../../../../arm-none-eabi/lib/thumb/v6-m/nofp\libg.a(lib_a-init.o)
                              c:/raspberrypipico/gcc-arm-none-eabi/bin/../lib/gcc/arm-none-eabi/10.3.1/../../../../arm-none-eabi/lib/thumb/v6-m/nofp/crt0.o (__libc_init_array)
c:/raspberrypipico/gcc-arm-none-eabi/bin/../lib/gcc/arm-none-eabi/10.3.1/../../../../arm-none-eabi/lib/thumb/v6-m/nofp\libg.a(lib_a-malloc.o)
                              CMakeFiles/ExternalLED.dir/C_/RaspberryPiPico/pico-sdk/src/rp2_common/pico_malloc/pico_malloc.c.obj (malloc)
c:/raspberrypipico/gcc-arm-none-eabi/bin/../lib/gcc/arm-none-eabi/10.3.1/../../../../arm-none-eabi/lib/thumb/v6-m/nofp\libg.a(lib_a-mallocr.o)
                              c:/raspberrypipico/gcc-arm-none-eabi/bin/../lib/gcc/arm-none-eabi/10.3.1/../../../../arm-none-eabi/lib/thumb/v6-m/nofp\libg.a(lib_a-callocr.o) (_malloc_r)
c:/raspberrypipico/gcc-arm-none-eabi/bin/../lib/gcc/arm-none-eabi/10.3.1/../../../../arm-none-eabi/lib/thumb/v6-m/nofp\libg.a(lib_a-mlock.o)
                              c:/raspberrypipico/gcc-arm-none-eabi/bin/../lib/gcc/arm-none-eabi/10.3.1/../../../../arm-none-eabi/lib/thumb/v6-m/nofp\libg.a(lib_a-mallocr.o) (__malloc_lock)
c:/raspberrypipico/gcc-arm-none-eabi/bin/../lib/gcc/arm-none-eabi/10.3.1/../../../../arm-none-eabi/lib/thumb/v6-m/nofp\libg.a(lib_a-realloc.o)
                              CMakeFiles/ExternalLED.dir/C_/RaspberryPiPico/pico-sdk/src/rp2_common/pico_malloc/pico_malloc.c.obj (realloc)
c:/raspberrypipico/gcc-arm-none-eabi/bin/../lib/gcc/arm-none-eabi/10.3.1/../../../../arm-none-eabi/lib/thumb/v6-m/nofp\libg.a(lib_a-reallocr.o)
                              c:/raspberrypipico/gcc-arm-none-eabi/bin/../lib/gcc/arm-none-eabi/10.3.1/../../../../arm-none-eabi/lib/thumb/v6-m/nofp\libg.a(lib_a-realloc.o) (_realloc_r)
c:/raspberrypipico/gcc-arm-none-eabi/bin/../lib/gcc/arm-none-eabi/10.3.1/../../../../arm-none-eabi/lib/thumb/v6-m/nofp\libg.a(lib_a-sbrkr.o)
                              c:/raspberrypipico/gcc-arm-none-eabi/bin/../lib/gcc/arm-none-eabi/10.3.1/../../../../arm-none-eabi/lib/thumb/v6-m/nofp\libg.a(lib_a-mallocr.o) (_sbrk_r)
c:/raspberrypipico/gcc-arm-none-eabi/bin/../lib/gcc/arm-none-eabi/10.3.1/../../../../arm-none-eabi/lib/thumb/v6-m/nofp\libg.a(lib_a-strlen-stub.o)
                              CMakeFiles/ExternalLED.dir/C_/RaspberryPiPico/pico-sdk/src/rp2_common/pico_stdio/stdio.c.obj (strlen)
c:/raspberrypipico/gcc-arm-none-eabi/bin/../lib/gcc/arm-none-eabi/10.3.1/../../../../arm-none-eabi/lib/thumb/v6-m/nofp\libg.a(lib_a-freer.o)
                              c:/raspberrypipico/gcc-arm-none-eabi/bin/../lib/gcc/arm-none-eabi/10.3.1/../../../../arm-none-eabi/lib/thumb/v6-m/nofp\libg.a(lib_a-malloc.o) (_free_r)
c:/raspberrypipico/gcc-arm-none-eabi/bin/../lib/gcc/arm-none-eabi/10.3.1/../../../../arm-none-eabi/lib/thumb/v6-m/nofp\libg.a(lib_a-lock.o)
                              c:/raspberrypipico/gcc-arm-none-eabi/bin/../lib/gcc/arm-none-eabi/10.3.1/../../../../arm-none-eabi/lib/thumb/v6-m/nofp\libg.a(lib_a-mlock.o) (__retarget_lock_acquire_recursive)
c:/raspberrypipico/gcc-arm-none-eabi/bin/../lib/gcc/arm-none-eabi/10.3.1/../../../../arm-none-eabi/lib/thumb/v6-m/nofp\libg.a(lib_a-memmove.o)
[...]
Memory Configuration

Name             Origin             Length             Attributes
FLASH            0x10000000         0x00200000         xr
RAM              0x20000000         0x00040000         xrw
SCRATCH_X        0x20040000         0x00001000         xrw
SCRATCH_Y        0x20041000         0x00001000         xrw
*default*        0x00000000         0xffffffff

Linker script and memory map

LOAD c:/raspberrypipico/gcc-arm-none-eabi/bin/../lib/gcc/arm-none-eabi/10.3.1/thumb/v6-m/nofp/crti.o
LOAD c:/raspberrypipico/gcc-arm-none-eabi/bin/../lib/gcc/arm-none-eabi/10.3.1/thumb/v6-m/nofp/crtbegin.o
LOAD c:/raspberrypipico/gcc-arm-none-eabi/bin/../lib/gcc/arm-none-eabi/10.3.1/../../../../arm-none-eabi/lib/thumb/v6-m/nofp/crt0.o

.flash_begin    0x10000000        0x0
                0x10000000                __flash_binary_start = .

.boot2          0x10000000      0x100
                0x10000000                __boot2_start__ = .
 *(.boot2)
 .boot2         0x10000000      0x100 C:\Users\SYS09\AppData\Local\Temp\ccQaHsVt.o
                0x10000100                __boot2_end__ = .
                0x00000001                ASSERT (((__boot2_end__ - __boot2_start__) == 0x100), ERROR: Pico second stage bootloader must be 256 bytes in size)

.text           0x10000100     0x7220
                0x10000100                __logical_binary_start = .
 *(.vectors)
 .vectors       0x10000100       0xd4 CMakeFiles/ExternalLED.dir/C_/RaspberryPiPico/pico-sdk/src/rp2_common/pico_standard_link/crt0.S.obj
                0x10000100                __VECTOR_TABLE
                0x10000100                __vectors
                0x100001c0                isr_invalid
                0x100001c0                __default_isrs_start
                0x100001c2                isr_nmi
                0x100001c4                isr_hardfault
                0x100001c6                isr_svcall
                0x100001c8                isr_pendsv
                0x100001ca                isr_systick
                0x100001cc                isr_irq23
                0x100001cc                isr_irq18
                0x100001cc                isr_irq11
                0x100001cc                isr_irq28
                0x100001cc                isr_irq19
                0x100001cc                isr_irq0
                0x100001cc                isr_irq6
                0x100001cc                isr_irq5
                0x100001cc                isr_irq12
                0x100001cc                isr_irq22
                0x100001cc                isr_irq31
                0x100001cc                isr_irq17
                0x100001cc                isr_irq27
                0x100001cc                isr_irq30
                0x100001cc                isr_irq2
                0x100001cc                isr_irq10
                0x100001cc                isr_irq8
                0x100001cc                isr_irq24
                0x100001cc                isr_irq1
                0x100001cc                isr_irq7
                0x100001cc                isr_irq21
                0x100001cc                isr_irq20
                0x100001cc                isr_irq15
                0x100001cc                isr_irq25
                0x100001cc                isr_irq13
                0x100001cc                __unhandled_user_irq
                0x100001cc                isr_irq4
                0x100001cc                isr_irq16
                0x100001cc                isr_irq29
                0x100001cc                isr_irq26
                0x100001cc                __default_isrs_end
                0x100001cc                isr_irq3
                0x100001cc                isr_irq14
                0x100001cc                isr_irq9
                0x100001d2                unhandled_user_irq_num_in_r0
 *(.binary_info_header)
 .binary_info_header
                0x100001d4       0x14 CMakeFiles/ExternalLED.dir/C_/RaspberryPiPico/pico-sdk/src/rp2_common/pico_standard_link/crt0.S.obj
                0x100001e8                __binary_info_header_end = .
 *(.reset)
 .reset         0x100001e8       0xa0 CMakeFiles/ExternalLED.dir/C_/RaspberryPiPico/pico-sdk/src/rp2_common/pico_standard_link/crt0.S.obj
                0x100001e8                _entry_point
 .reset         0x10000288       0x30 CMakeFiles/ExternalLED.dir/C_/RaspberryPiPico/pico-sdk/src/rp2_common/pico_standard_link/binary_info.c.obj
 *(.init)
 .init          0x100002b8        0x4 c:/raspberrypipico/gcc-arm-none-eabi/bin/../lib/gcc/arm-none-eabi/10.3.1/thumb/v6-m/nofp/crti.o
                0x100002b8                _init
 *(EXCLUDE_FILE(*libm.a: *libc.a:*lib_a-mem*.o *libgcc.a:) .text*)
 .text          0x100002bc       0x48 c:/raspberrypipico/gcc-arm-none-eabi/bin/../lib/gcc/arm-none-eabi/10.3.1/thumb/v6-m/nofp/crtbegin.o
 .text.core_1_function
                0x10000304       0x40 CMakeFiles/ExternalLED.dir/ExternalLED.c.obj
                0x10000304                core_1_function
 .text.core_0_function
                0x10000344       0x48 CMakeFiles/ExternalLED.dir/ExternalLED.c.obj
                0x10000344                core_0_function
 .text.advanced_function
                0x1000038c        0x6 CMakeFiles/ExternalLED.dir/ExternalLED.c.obj
                0x1000038c                advanced_function
 .text.main     0x10000392        0xa CMakeFiles/ExternalLED.dir/ExternalLED.c.obj
                0x10000392                main
 .text.gpio_set_function
                0x1000039c       0x30 CMakeFiles/ExternalLED.dir/C_/RaspberryPiPico/pico-sdk/src/rp2_common/hardware_gpio/gpio.c.obj
                0x1000039c                gpio_set_function
 .text.gpio_init
                0x100003cc       0x16 CMakeFiles/ExternalLED.dir/C_/RaspberryPiPico/pico-sdk/src/rp2_common/hardware_gpio/gpio.c.obj
                0x100003cc                gpio_init
 *fill*         0x100003e2        0x2 
 .text.running_on_fpga
                0x100003e4       0x14 CMakeFiles/ExternalLED.dir/C_/RaspberryPiPico/pico-sdk/src/rp2_common/pico_platform/platform.c.obj
                0x100003e4                running_on_fpga
 .text.hw_claim_lock
                0x100003f8       0x18 CMakeFiles/ExternalLED.dir/C_/RaspberryPiPico/pico-sdk/src/rp2_common/hardware_claim/claim.c.obj
                0x100003f8                hw_claim_lock
 .text.hw_claim_unlock
                0x10000410       0x14 CMakeFiles/ExternalLED.dir/C_/RaspberryPiPico/pico-sdk/src/rp2_common/hardware_claim/claim.c.obj
                0x10000410                hw_claim_unlock
 .text.hw_claim_or_assert
                0x10000424       0x32 CMakeFiles/ExternalLED.dir/C_/RaspberryPiPico/pico-sdk/src/rp2_common/hardware_claim/claim.c.obj
                0x10000424                hw_claim_or_assert
 .text.hw_claim_unused_from_range
                0x10000456       0x50 CMakeFiles/ExternalLED.dir/C_/RaspberryPiPico/pico-sdk/src/rp2_common/hardware_claim/claim.c.obj
                0x10000456                hw_claim_unused_from_range
 *fill*         0x100004a6        0x2 
 .text.spin_locks_reset
                0x100004a8       0x20 CMakeFiles/ExternalLED.dir/C_/RaspberryPiPico/pico-sdk/src/rp2_common/hardware_sync/sync.c.obj
                0x100004a8                spin_locks_reset
 .text.next_striped_spin_lock_num
                0x100004c8       0x1c CMakeFiles/ExternalLED.dir/C_/RaspberryPiPico/pico-sdk/src/rp2_common/hardware_sync/sync.c.obj
                0x100004c8                next_striped_spin_lock_num
 .text.spin_lock_claim_unused
                0x100004e4       0x20 CMakeFiles/ExternalLED.dir/C_/RaspberryPiPico/pico-sdk/src/rp2_common/hardware_sync/sync.c.obj
                0x100004e4                spin_lock_claim_unused
 .text.set_raw_irq_handler_and_unlock
                0x10000504       0x28 CMakeFiles/ExternalLED.dir/C_/RaspberryPiPico/pico-sdk/src/rp2_common/hardware_irq/irq.c.obj
 .text.make_branch
                0x1000052c       0x48 CMakeFiles/ExternalLED.dir/C_/RaspberryPiPico/pico-sdk/src/rp2_common/hardware_irq/irq.c.obj
 .text.insert_branch_and_link
                0x10000574       0x40 CMakeFiles/ExternalLED.dir/C_/RaspberryPiPico/pico-sdk/src/rp2_common/hardware_irq/irq.c.obj
 .text.irq_is_enabled
                0x100005b4       0x18 CMakeFiles/ExternalLED.dir/C_/RaspberryPiPico/pico-sdk/src/rp2_common/hardware_irq/irq.c.obj
                0x100005b4                irq_is_enabled
 .text.irq_set_mask_enabled
                0x100005cc       0x20 CMakeFiles/ExternalLED.dir/C_/RaspberryPiPico/pico-sdk/src/rp2_common/hardware_irq/irq.c.obj
                0x100005cc                irq_set_mask_enabled
 .text.irq_set_enabled
                0x100005ec        0xe CMakeFiles/ExternalLED.dir/C_/RaspberryPiPico/pico-sdk/src/rp2_common/hardware_irq/irq.c.obj
                0x100005ec                irq_set_enabled
 *fill*         0x100005fa        0x2 
 .text.irq_set_pending
                0x100005fc       0x10 CMakeFiles/ExternalLED.dir/C_/RaspberryPiPico/pico-sdk/src/rp2_common/hardware_irq/irq.c.obj
                0x100005fc                irq_set_pending
 .text.irq_get_vtable_handler
                0x1000060c       0x10 CMakeFiles/ExternalLED.dir/C_/RaspberryPiPico/pico-sdk/src/rp2_common/hardware_irq/irq.c.obj
                0x1000060c                irq_get_vtable_handler
 .text.irq_has_shared_handler
                0x1000061c       0x24 CMakeFiles/ExternalLED.dir/C_/RaspberryPiPico/pico-sdk/src/rp2_common/hardware_irq/irq.c.obj
                0x1000061c                irq_has_shared_handler
 .text.irq_set_exclusive_handler
                0x10000640       0x54 CMakeFiles/ExternalLED.dir/C_/RaspberryPiPico/pico-sdk/src/rp2_common/hardware_irq/irq.c.obj
                0x10000640                irq_set_exclusive_handler
 .text.irq_add_shared_handler
                0x10000694      0x234 CMakeFiles/ExternalLED.dir/C_/RaspberryPiPico/pico-sdk/src/rp2_common/hardware_irq/irq.c.obj
                0x10000694                irq_add_shared_handler
 .text.irq_remove_handler
                0x100008c8      0x1ac CMakeFiles/ExternalLED.dir/C_/RaspberryPiPico/pico-sdk/src/rp2_common/hardware_irq/irq.c.obj
                0x100008c8                irq_remove_handler
 .text.irq_add_tail_to_free_list
                0x10000a74       0xf0 CMakeFiles/ExternalLED.dir/C_/RaspberryPiPico/pico-sdk/src/rp2_common/hardware_irq/irq.c.obj
                0x10000a74                irq_add_tail_to_free_list
 .text.irq_init_priorities
                0x10000b64       0x1c CMakeFiles/ExternalLED.dir/C_/RaspberryPiPico/pico-sdk/src/rp2_common/hardware_irq/irq.c.obj
                0x10000b64                irq_init_priorities
 .text.user_irq_claim_unused
                0x10000b80       0x28 CMakeFiles/ExternalLED.dir/C_/RaspberryPiPico/pico-sdk/src/rp2_common/hardware_irq/irq.c.obj
                0x10000b80                user_irq_claim_unused
 .text.lock_init
                0x10000ba8       0x10 CMakeFiles/ExternalLED.dir/C_/RaspberryPiPico/pico-sdk/src/common/pico_sync/lock_core.c.obj
                0x10000ba8                lock_init
 .text.mutex_init
                0x10000bb8       0x1a CMakeFiles/ExternalLED.dir/C_/RaspberryPiPico/pico-sdk/src/common/pico_sync/mutex.c.obj
                0x10000bb8                mutex_init
 .text.recursive_mutex_init
                0x10000bd2       0x1e CMakeFiles/ExternalLED.dir/C_/RaspberryPiPico/pico-sdk/src/common/pico_sync/mutex.c.obj
                0x10000bd2                recursive_mutex_init
 .text.critical_section_init_with_lock_num
                0x10000bf0       0x14 CMakeFiles/ExternalLED.dir/C_/RaspberryPiPico/pico-sdk/src/common/pico_sync/critical_section.c.obj
                0x10000bf0                critical_section_init_with_lock_num
 .text.critical_section_init
                0x10000c04       0x14 CMakeFiles/ExternalLED.dir/C_/RaspberryPiPico/pico-sdk/src/common/pico_sync/critical_section.c.obj
                0x10000c04                critical_section_init
 .text.alarm_pool_post_alloc_init
                0x10000c18       0x40 CMakeFiles/ExternalLED.dir/C_/RaspberryPiPico/pico-sdk/src/common/pico_time/time.c.obj
 .text.sleep_until_callback
                0x10000c58       0x30 CMakeFiles/ExternalLED.dir/C_/RaspberryPiPico/pico-sdk/src/common/pico_time/time.c.obj
 .text.timer_pool_entry_comparator
                0x10000c88       0x7c CMakeFiles/ExternalLED.dir/C_/RaspberryPiPico/pico-sdk/src/common/pico_time/time.c.obj
                0x10000c88                timer_pool_entry_comparator
 .text.ph_add_child_node
                0x10000d04       0xa4 CMakeFiles/ExternalLED.dir/C_/RaspberryPiPico/pico-sdk/src/common/pico_time/time.c.obj
 .text.ph_merge_nodes
                0x10000da8       0x3e CMakeFiles/ExternalLED.dir/C_/RaspberryPiPico/pico-sdk/src/common/pico_time/time.c.obj
 *fill*         0x10000de6        0x2 
 .text.add_alarm_under_lock
                0x10000de8      0x174 CMakeFiles/ExternalLED.dir/C_/RaspberryPiPico/pico-sdk/src/common/pico_time/time.c.obj
 .text.alarm_pool_alarm_callback
                0x10000f5c      0x33c CMakeFiles/ExternalLED.dir/C_/RaspberryPiPico/pico-sdk/src/common/pico_time/time.c.obj
 .text.alarm_pool_init_default
                0x10001298       0x40 CMakeFiles/ExternalLED.dir/C_/RaspberryPiPico/pico-sdk/src/common/pico_time/time.c.obj
                0x10001298                alarm_pool_init_default
 .text.alarm_pool_get_default
                0x100012d8       0x2c CMakeFiles/ExternalLED.dir/C_/RaspberryPiPico/pico-sdk/src/common/pico_time/time.c.obj
                0x100012d8                alarm_pool_get_default
 .text.alarm_pool_add_alarm_at
                0x10001304      0x168 CMakeFiles/ExternalLED.dir/C_/RaspberryPiPico/pico-sdk/src/common/pico_time/time.c.obj
                0x10001304                alarm_pool_add_alarm_at
 .text.alarm_pool_cancel_alarm
                0x1000146c       0xf8 CMakeFiles/ExternalLED.dir/C_/RaspberryPiPico/pico-sdk/src/common/pico_time/time.c.obj
                0x1000146c                alarm_pool_cancel_alarm
 .text.alarm_pool_core_num
                0x10001564        0x4 CMakeFiles/ExternalLED.dir/C_/RaspberryPiPico/pico-sdk/src/common/pico_time/time.c.obj
                0x10001564                alarm_pool_core_num
 .text.sleep_until
                0x10001568       0xfc CMakeFiles/ExternalLED.dir/C_/RaspberryPiPico/pico-sdk/src/common/pico_time/time.c.obj
                0x10001568                sleep_until
 .text.sleep_us
                0x10001664       0x58 CMakeFiles/ExternalLED.dir/C_/RaspberryPiPico/pico-sdk/src/common/pico_time/time.c.obj
                0x10001664                sleep_us
 .text.sleep_ms
                0x100016bc       0x14 CMakeFiles/ExternalLED.dir/C_/RaspberryPiPico/pico-sdk/src/common/pico_time/time.c.obj
                0x100016bc                sleep_ms
 .text.best_effort_wfe_or_timeout
                0x100016d0       0xac CMakeFiles/ExternalLED.dir/C_/RaspberryPiPico/pico-sdk/src/common/pico_time/time.c.obj
                0x100016d0                best_effort_wfe_or_timeout
 .text.hardware_alarm_irq_handler
                0x1000177c       0x90 CMakeFiles/ExternalLED.dir/C_/RaspberryPiPico/pico-sdk/src/rp2_common/hardware_timer/timer.c.obj
 .text.hardware_alarm_claim
                0x1000180c       0x18 CMakeFiles/ExternalLED.dir/C_/RaspberryPiPico/pico-sdk/src/rp2_common/hardware_timer/timer.c.obj
                0x1000180c                hardware_alarm_claim
 .text.time_us_64
                0x10001824       0x18 CMakeFiles/ExternalLED.dir/C_/RaspberryPiPico/pico-sdk/src/rp2_common/hardware_timer/timer.c.obj
                0x10001824                time_us_64
 .text.busy_wait_until
                0x1000183c       0x28 CMakeFiles/ExternalLED.dir/C_/RaspberryPiPico/pico-sdk/src/rp2_common/hardware_timer/timer.c.obj
                0x1000183c                busy_wait_until
 .text.busy_wait_us
                0x10001864       0x48 CMakeFiles/ExternalLED.dir/C_/RaspberryPiPico/pico-sdk/src/rp2_common/hardware_timer/timer.c.obj
                0x10001864                busy_wait_us
 .text.hardware_alarm_set_callback
                0x100018ac       0x90 CMakeFiles/ExternalLED.dir/C_/RaspberryPiPico/pico-sdk/src/rp2_common/hardware_timer/timer.c.obj
                0x100018ac                hardware_alarm_set_callback
 .text.hardware_alarm_set_target
                0x1000193c       0xe8 CMakeFiles/ExternalLED.dir/C_/RaspberryPiPico/pico-sdk/src/rp2_common/hardware_timer/timer.c.obj
                0x1000193c                hardware_alarm_set_target
 .text.hardware_alarm_cancel
                0x10001a24       0x40 CMakeFiles/ExternalLED.dir/C_/RaspberryPiPico/pico-sdk/src/rp2_common/hardware_timer/timer.c.obj
                0x10001a24                hardware_alarm_cancel
 .text.ph_add_child_node
                0x10001a64       0xa4 CMakeFiles/ExternalLED.dir/C_/RaspberryPiPico/pico-sdk/src/common/pico_util/pheap.c.obj
 .text.ph_merge_nodes
                0x10001b08       0x3e CMakeFiles/ExternalLED.dir/C_/RaspberryPiPico/pico-sdk/src/common/pico_util/pheap.c.obj
 *fill*         0x10001b46        0x2 
 .text.ph_clear
                0x10001b48       0x70 CMakeFiles/ExternalLED.dir/C_/RaspberryPiPico/pico-sdk/src/common/pico_util/pheap.c.obj
                0x10001b48                ph_clear
 .text.ph_post_alloc_init
                0x10001bb8        0xe CMakeFiles/ExternalLED.dir/C_/RaspberryPiPico/pico-sdk/src/common/pico_util/pheap.c.obj
                0x10001bb8                ph_post_alloc_init
 *fill*         0x10001bc6        0x2 
 .text.ph_merge_two_pass
                0x10001bc8       0xa8 CMakeFiles/ExternalLED.dir/C_/RaspberryPiPico/pico-sdk/src/common/pico_util/pheap.c.obj
                0x10001bc8                ph_merge_two_pass
 .text.ph_remove_any_head
                0x10001c70      0x128 CMakeFiles/ExternalLED.dir/C_/RaspberryPiPico/pico-sdk/src/common/pico_util/pheap.c.obj
 .text.ph_remove_head
                0x10001d98       0x14 CMakeFiles/ExternalLED.dir/C_/RaspberryPiPico/pico-sdk/src/common/pico_util/pheap.c.obj
                0x10001d98                ph_remove_head
 .text.ph_remove_and_free_node
                0x10001dac       0xf8 CMakeFiles/ExternalLED.dir/C_/RaspberryPiPico/pico-sdk/src/common/pico_util/pheap.c.obj
                0x10001dac                ph_remove_and_free_node
 .text.uart_disable_before_lcr_write
                0x10001ea4       0x48 CMakeFiles/ExternalLED.dir/C_/RaspberryPiPico/pico-sdk/src/rp2_common/hardware_uart/uart.c.obj
 .text.uart_write_lcr_bits_masked
                0x10001eec       0x22 CMakeFiles/ExternalLED.dir/C_/RaspberryPiPico/pico-sdk/src/rp2_common/hardware_uart/uart.c.obj
 *fill*         0x10001f0e        0x2 
 .text.uart_set_baudrate
                0x10001f10       0x5c CMakeFiles/ExternalLED.dir/C_/RaspberryPiPico/pico-sdk/src/rp2_common/hardware_uart/uart.c.obj
                0x10001f10                uart_set_baudrate
 .text.uart_set_format
                0x10001f6c       0x2c CMakeFiles/ExternalLED.dir/C_/RaspberryPiPico/pico-sdk/src/rp2_common/hardware_uart/uart.c.obj
                0x10001f6c                uart_set_format
 .text.uart_set_translate_crlf
                0x10001f98       0x28 CMakeFiles/ExternalLED.dir/C_/RaspberryPiPico/pico-sdk/src/rp2_common/hardware_uart/uart.c.obj
                0x10001f98                uart_set_translate_crlf
 .text.uart_init
                0x10001fc0       0x80 CMakeFiles/ExternalLED.dir/C_/RaspberryPiPico/pico-sdk/src/rp2_common/hardware_uart/uart.c.obj
                0x10001fc0                uart_init
 .text.clock_configure
                0x10002040      0x108 CMakeFiles/ExternalLED.dir/C_/RaspberryPiPico/pico-sdk/src/rp2_common/hardware_clocks/clocks.c.obj
                0x10002040                clock_configure
 .text.clocks_init
                0x10002148      0x100 CMakeFiles/ExternalLED.dir/C_/RaspberryPiPico/pico-sdk/src/rp2_common/hardware_clocks/clocks.c.obj
                0x10002148                clocks_init
 .text.clock_get_hz
                0x10002248        0xc CMakeFiles/ExternalLED.dir/C_/RaspberryPiPico/pico-sdk/src/rp2_common/hardware_clocks/clocks.c.obj
                0x10002248                clock_get_hz
 .text.pll_init
                0x10002254      0x120 CMakeFiles/ExternalLED.dir/C_/RaspberryPiPico/pico-sdk/src/rp2_common/hardware_pll/pll.c.obj
                0x10002254                pll_init
 .text.watchdog_start_tick
                0x10002374       0x10 CMakeFiles/ExternalLED.dir/C_/RaspberryPiPico/pico-sdk/src/rp2_common/hardware_watchdog/watchdog.c.obj
                0x10002374                watchdog_start_tick
 .text.watchdog_update
                0x10002384       0x14 CMakeFiles/ExternalLED.dir/C_/RaspberryPiPico/pico-sdk/src/rp2_common/hardware_watchdog/watchdog.c.obj
                0x10002384                watchdog_update
 .text._watchdog_enable
                0x10002398       0x78 CMakeFiles/ExternalLED.dir/C_/RaspberryPiPico/pico-sdk/src/rp2_common/hardware_watchdog/watchdog.c.obj
                0x10002398                _watchdog_enable
 .text.watchdog_reboot
                0x10002410       0x48 CMakeFiles/ExternalLED.dir/C_/RaspberryPiPico/pico-sdk/src/rp2_common/hardware_watchdog/watchdog.c.obj
                0x10002410                watchdog_reboot
 .text.xosc_init
                0x10002458       0x28 CMakeFiles/ExternalLED.dir/C_/RaspberryPiPico/pico-sdk/src/rp2_common/hardware_xosc/xosc.c.obj
                0x10002458                xosc_init
 .text._exit    0x10002480        0x4 CMakeFiles/ExternalLED.dir/C_/RaspberryPiPico/pico-sdk/src/rp2_common/pico_runtime/runtime.c.obj
                0x10002480                _exit
 .text.exit     0x10002484        0x6 CMakeFiles/ExternalLED.dir/C_/RaspberryPiPico/pico-sdk/src/rp2_common/pico_runtime/runtime.c.obj
                0x10002484                exit
 *fill*         0x1000248a        0x2 
 .text.__assert_func
                0x1000248c       0x3c CMakeFiles/ExternalLED.dir/C_/RaspberryPiPico/pico-sdk/src/rp2_common/pico_runtime/runtime.c.obj
                0x1000248c                __assert_func
 .text.runtime_init
                0x100024c8       0xf8 CMakeFiles/ExternalLED.dir/C_/RaspberryPiPico/pico-sdk/src/rp2_common/pico_runtime/runtime.c.obj
                0x100024c8                runtime_init
 .text.panic    0x100025c0       0x30 CMakeFiles/ExternalLED.dir/C_/RaspberryPiPico/pico-sdk/src/rp2_common/pico_runtime/runtime.c.obj
                0x100025c0                panic
 .text._out_null
                0x100025f0        0x2 CMakeFiles/ExternalLED.dir/C_/RaspberryPiPico/pico-sdk/src/rp2_common/pico_printf/printf.c.obj
 .text._out_fct
                0x100025f2        0xe CMakeFiles/ExternalLED.dir/C_/RaspberryPiPico/pico-sdk/src/rp2_common/pico_printf/printf.c.obj
 .text._atoi    0x10002600       0x24 CMakeFiles/ExternalLED.dir/C_/RaspberryPiPico/pico-sdk/src/rp2_common/pico_printf/printf.c.obj
 .text._out_rev
                0x10002624       0xae CMakeFiles/ExternalLED.dir/C_/RaspberryPiPico/pico-sdk/src/rp2_common/pico_printf/printf.c.obj
 .text._ntoa_format
                0x100026d2      0x112 CMakeFiles/ExternalLED.dir/C_/RaspberryPiPico/pico-sdk/src/rp2_common/pico_printf/printf.c.obj
 .text._ntoa_long
                0x100027e4       0xbc CMakeFiles/ExternalLED.dir/C_/RaspberryPiPico/pico-sdk/src/rp2_common/pico_printf/printf.c.obj
 .text._ntoa_long_long
                0x100028a0       0xe2 CMakeFiles/ExternalLED.dir/C_/RaspberryPiPico/pico-sdk/src/rp2_common/pico_printf/printf.c.obj
 *fill*         0x10002982        0x2 
 .text._etoa    0x10002984      0x414 CMakeFiles/ExternalLED.dir/C_/RaspberryPiPico/pico-sdk/src/rp2_common/pico_printf/printf.c.obj
 .text._ftoa    0x10002d98      0x354 CMakeFiles/ExternalLED.dir/C_/RaspberryPiPico/pico-sdk/src/rp2_common/pico_printf/printf.c.obj
 .text._vsnprintf
                0x100030ec      0x624 CMakeFiles/ExternalLED.dir/C_/RaspberryPiPico/pico-sdk/src/rp2_common/pico_printf/printf.c.obj
 .text.vfctprintf
                0x10003710       0x20 CMakeFiles/ExternalLED.dir/C_/RaspberryPiPico/pico-sdk/src/rp2_common/pico_printf/printf.c.obj
                0x10003710                vfctprintf
 .text          0x10003730       0x10 CMakeFiles/ExternalLED.dir/C_/RaspberryPiPico/pico-sdk/src/rp2_common/pico_bit_ops/bit_ops_aeabi.S.obj
 .text.rom_func_lookup
                0x10003740       0x10 CMakeFiles/ExternalLED.dir/C_/RaspberryPiPico/pico-sdk/src/rp2_common/pico_bootrom/bootrom.c.obj
                0x10003740                rom_func_lookup
 .text.rom_data_lookup
                0x10003750       0x10 CMakeFiles/ExternalLED.dir/C_/RaspberryPiPico/pico-sdk/src/rp2_common/pico_bootrom/bootrom.c.obj
                0x10003750                rom_data_lookup
 .text.rom_funcs_lookup
                0x10003760       0x36 CMakeFiles/ExternalLED.dir/C_/RaspberryPiPico/pico-sdk/src/rp2_common/pico_bootrom/bootrom.c.obj
                0x10003760                rom_funcs_lookup
 *fill*         0x10003796        0x2 
 .text.__wrap___aeabi_idiv
                0x10003798       0x50 CMakeFiles/ExternalLED.dir/C_/RaspberryPiPico/pico-sdk/src/rp2_common/pico_divider/divider.S.obj
                0x10003798                __wrap___aeabi_idivmod
                0x10003798                divmod_s32s32
                0x10003798                div_s32s32
                0x10003798                __wrap___aeabi_idiv
                0x100037a0                divmod_s32s32_unsafe
                0x100037cc                divmod_s32s32_savestate
 .text.__wrap___aeabi_uidiv
                0x100037e8       0x4c CMakeFiles/ExternalLED.dir/C_/RaspberryPiPico/pico-sdk/src/rp2_common/pico_divider/divider.S.obj
                0x100037e8                __wrap___aeabi_uidiv
                0x100037e8                __wrap___aeabi_uidivmod
                0x100037e8                div_u32u32
                0x100037e8                divmod_u32u32
                0x100037f0                divmod_u32u32_unsafe
                0x10003818                divmod_u32u32_savestate
 .text.__wrap___aeabi_ldiv
                0x10003834      0x424 CMakeFiles/ExternalLED.dir/C_/RaspberryPiPico/pico-sdk/src/rp2_common/pico_divider/divider.S.obj
                0x10003834                div_s64s64
                0x10003834                divmod_s64s64
                0x10003834                __wrap___aeabi_ldivmod
                0x10003864                divmod_u64u64
                0x10003864                div_u64u64
                0x10003864                __wrap___aeabi_uldivmod
                0x10003874                divmod_u64u64_savestate
                0x10003894                divmod_s64s64_unsafe
                0x1000391c                divmod_u64u64_unsafe
 .text.__wrap___aeabi_darithmetic
                0x10003c58       0x80 CMakeFiles/ExternalLED.dir/C_/RaspberryPiPico/pico-sdk/src/rp2_common/pico_double/double_aeabi.S.obj
                0x10003c58                __wrap___aeabi_drsub
                0x10003c5e                __wrap___aeabi_dsub
                0x10003c70                __wrap___aeabi_dadd
                0x10003c82                __wrap___aeabi_ddiv
                0x10003cbe                __wrap___aeabi_dmul
 .text.__wrap___aeabi_cdcmple
                0x10003cd8       0x6c CMakeFiles/ExternalLED.dir/C_/RaspberryPiPico/pico-sdk/src/rp2_common/pico_double/double_aeabi.S.obj
                0x10003cd8                __wrap___aeabi_cdrcmple
                0x10003ce8                __wrap___aeabi_cdcmpeq
                0x10003ce8                __wrap___aeabi_cdcmple
 .text.__wrap___aeabi_dcmplt
                0x10003d44        0xc CMakeFiles/ExternalLED.dir/C_/RaspberryPiPico/pico-sdk/src/rp2_common/pico_double/double_aeabi.S.obj
                0x10003d44                __wrap___aeabi_dcmplt
 .text.__wrap___aeabi_dcmple
                0x10003d50       0x10 CMakeFiles/ExternalLED.dir/C_/RaspberryPiPico/pico-sdk/src/rp2_common/pico_double/double_aeabi.S.obj
                0x10003d50                __wrap___aeabi_dcmple
 .text.__wrap___aeabi_dcmpge
                0x10003d60       0x10 CMakeFiles/ExternalLED.dir/C_/RaspberryPiPico/pico-sdk/src/rp2_common/pico_double/double_aeabi.S.obj
                0x10003d60                __wrap___aeabi_dcmpge
 .text.__wrap___aeabi_dcmpgt
                0x10003d70        0xa CMakeFiles/ExternalLED.dir/C_/RaspberryPiPico/pico-sdk/src/rp2_common/pico_double/double_aeabi.S.obj
                0x10003d70                __wrap___aeabi_dcmpgt
 .text.__wrap___aeabi_dcmpun
                0x10003d7a       0x1c CMakeFiles/ExternalLED.dir/C_/RaspberryPiPico/pico-sdk/src/rp2_common/pico_double/double_aeabi.S.obj
                0x10003d7a                __wrap___aeabi_dcmpun
 *fill*         0x10003d96        0x2 
 .text.__wrap___aeabi_i2d
                0x10003d98       0x38 CMakeFiles/ExternalLED.dir/C_/RaspberryPiPico/pico-sdk/src/rp2_common/pico_double/double_aeabi.S.obj
                0x10003d98                __wrap___aeabi_ui2d
                0x10003da0                __wrap___aeabi_i2d
 .text.__wrap___aeabi_d2iz
                0x10003dd0       0x48 CMakeFiles/ExternalLED.dir/C_/RaspberryPiPico/pico-sdk/src/rp2_common/pico_double/double_aeabi.S.obj
                0x10003dd0                double2int_z
                0x10003dd0                __wrap___aeabi_d2iz
 .text.__wrap___aeabi_d2uiz
                0x10003e18       0x18 CMakeFiles/ExternalLED.dir/C_/RaspberryPiPico/pico-sdk/src/rp2_common/pico_double/double_aeabi.S.obj
                0x10003e18                __wrap___aeabi_d2uiz
                0x10003e18                double2uint
 .text.__aeabi_double_init
                0x10003e30       0xc8 CMakeFiles/ExternalLED.dir/C_/RaspberryPiPico/pico-sdk/src/rp2_common/pico_double/double_init_rom.c.obj
                0x10003e30                __aeabi_double_init
 .text.double_table_shim_on_use_helper
                0x10003ef8       0x34 CMakeFiles/ExternalLED.dir/C_/RaspberryPiPico/pico-sdk/src/rp2_common/pico_double/double_v1_rom_shim.S.obj
                0x10003ef8                double_table_shim_on_use_helper
 .text.__wrap___aeabi_dsub
                0x10003f2c       0x10 CMakeFiles/ExternalLED.dir/C_/RaspberryPiPico/pico-sdk/src/rp2_common/pico_double/double_v1_rom_shim.S.obj
                0x10003f2c                drsub_shim
                0x10003f32                dsub_shim
 .text.dadd_shim
                0x10003f3c      0x15c CMakeFiles/ExternalLED.dir/C_/RaspberryPiPico/pico-sdk/src/rp2_common/pico_double/double_v1_rom_shim.S.obj
                0x10003f3c                dadd_shim
 .text.dmul_shim
                0x10004098      0x15c CMakeFiles/ExternalLED.dir/C_/RaspberryPiPico/pico-sdk/src/rp2_common/pico_double/double_v1_rom_shim.S.obj
                0x10004098                dmul_shim
 .text.ddiv_shim
                0x100041f4      0x1b0 CMakeFiles/ExternalLED.dir/C_/RaspberryPiPico/pico-sdk/src/rp2_common/pico_double/double_v1_rom_shim.S.obj
                0x100041f4                ddiv_shim
 .text.double2uint_shim
                0x100043a4        0xe CMakeFiles/ExternalLED.dir/C_/RaspberryPiPico/pico-sdk/src/rp2_common/pico_double/double_v1_rom_shim.S.obj
                0x100043a4                double2uint_shim
                0x100043a6                double2ufix_shim
 *fill*         0x100043b2        0x2 
 .text.double2uint64_shim
                0x100043b4       0x70 CMakeFiles/ExternalLED.dir/C_/RaspberryPiPico/pico-sdk/src/rp2_common/pico_double/double_v1_rom_shim.S.obj
                0x100043b4                double2uint64_shim
                0x100043b6                double2ufix64_shim
                0x100043d6                d2fix_a
 .text.dunpacks
                0x10004424       0x3c CMakeFiles/ExternalLED.dir/C_/RaspberryPiPico/pico-sdk/src/rp2_common/pico_double/double_v1_rom_shim.S.obj
                0x10004424                dunpacks
 .text.__aeabi_lmul
                0x10004460       0x32 CMakeFiles/ExternalLED.dir/C_/RaspberryPiPico/pico-sdk/src/rp2_common/pico_int64_ops/pico_int64_ops_aeabi.S.obj
                0x10004460                __wrap___aeabi_lmul
 *fill*         0x10004492        0x2 
 .text.__aeabi_float_init
                0x10004494       0xfc CMakeFiles/ExternalLED.dir/C_/RaspberryPiPico/pico-sdk/src/rp2_common/pico_float/float_init_rom.c.obj
                0x10004494                __aeabi_float_init
 .text.float_table_shim_on_use_helper
                0x10004590       0x34 CMakeFiles/ExternalLED.dir/C_/RaspberryPiPico/pico-sdk/src/rp2_common/pico_float/float_v1_rom_shim.S.obj
                0x10004590                float_table_shim_on_use_helper
 .text          0x100045c4       0x10 CMakeFiles/ExternalLED.dir/C_/RaspberryPiPico/pico-sdk/src/rp2_common/pico_mem_ops/mem_ops_aeabi.S.obj
                0x100045c4                __aeabi_mem_init
 .text.memset   0x100045d4        0xc CMakeFiles/ExternalLED.dir/C_/RaspberryPiPico/pico-sdk/src/rp2_common/pico_mem_ops/mem_ops_aeabi.S.obj
                0x100045d4                __wrap_memset
 .text.memcpy   0x100045e0        0xc CMakeFiles/ExternalLED.dir/C_/RaspberryPiPico/pico-sdk/src/rp2_common/pico_mem_ops/mem_ops_aeabi.S.obj
                0x100045e0                __wrap_memcpy
                0x100045e0                __wrap___aeabi_memcpy
 .text.stdio_out_chars_no_crlf
                0x100045ec        0xe CMakeFiles/ExternalLED.dir/C_/RaspberryPiPico/pico-sdk/src/rp2_common/pico_stdio/stdio.c.obj
 *fill*         0x100045fa        0x2 
 .text.stdio_out_chars_crlf
                0x100045fc       0x80 CMakeFiles/ExternalLED.dir/C_/RaspberryPiPico/pico-sdk/src/rp2_common/pico_stdio/stdio.c.obj
 .text.stdio_stack_buffer_flush
                0x1000467c       0x44 CMakeFiles/ExternalLED.dir/C_/RaspberryPiPico/pico-sdk/src/rp2_common/pico_stdio/stdio.c.obj
 .text.stdio_buffered_printer
                0x100046c0       0x20 CMakeFiles/ExternalLED.dir/C_/RaspberryPiPico/pico-sdk/src/rp2_common/pico_stdio/stdio.c.obj
 .text.stdout_serialize_begin
                0x100046e0       0x5c CMakeFiles/ExternalLED.dir/C_/RaspberryPiPico/pico-sdk/src/rp2_common/pico_stdio/stdio.c.obj
                0x100046e0                stdout_serialize_begin
 .text.stdout_serialize_end
                0x1000473c       0x10 CMakeFiles/ExternalLED.dir/C_/RaspberryPiPico/pico-sdk/src/rp2_common/pico_stdio/stdio.c.obj
                0x1000473c                stdout_serialize_end
 .text.stdio_put_string
                0x1000474c       0x98 CMakeFiles/ExternalLED.dir/C_/RaspberryPiPico/pico-sdk/src/rp2_common/pico_stdio/stdio.c.obj
 .text.stdio_set_driver_enabled
                0x100047e4       0x2c CMakeFiles/ExternalLED.dir/C_/RaspberryPiPico/pico-sdk/src/rp2_common/pico_stdio/stdio.c.obj
                0x100047e4                stdio_set_driver_enabled
 .text.stdio_flush
                0x10004810       0x20 CMakeFiles/ExternalLED.dir/C_/RaspberryPiPico/pico-sdk/src/rp2_common/pico_stdio/stdio.c.obj
                0x10004810                stdio_flush
 .text.__wrap_puts
                0x10004830       0x1e CMakeFiles/ExternalLED.dir/C_/RaspberryPiPico/pico-sdk/src/rp2_common/pico_stdio/stdio.c.obj
                0x10004830                __wrap_puts
 *fill*         0x1000484e        0x2 
 .text.__wrap_vprintf
                0x10004850       0x40 CMakeFiles/ExternalLED.dir/C_/RaspberryPiPico/pico-sdk/src/rp2_common/pico_stdio/stdio.c.obj
                0x10004850                __wrap_vprintf
 .text.__wrap_printf
                0x10004890       0x18 CMakeFiles/ExternalLED.dir/C_/RaspberryPiPico/pico-sdk/src/rp2_common/pico_stdio/stdio.c.obj
                0x10004890                __wrap_printf
 .text.stdio_init_all
                0x100048a8        0xe CMakeFiles/ExternalLED.dir/C_/RaspberryPiPico/pico-sdk/src/rp2_common/pico_stdio/stdio.c.obj
                0x100048a8                stdio_init_all
 *fill*         0x100048b6        0x2 
 .text.stdio_uart_out_chars
                0x100048b8       0x74 CMakeFiles/ExternalLED.dir/C_/RaspberryPiPico/pico-sdk/src/rp2_common/pico_stdio_uart/stdio_uart.c.obj
 .text.stdio_uart_in_chars
                0x1000492c       0x80 CMakeFiles/ExternalLED.dir/C_/RaspberryPiPico/pico-sdk/src/rp2_common/pico_stdio_uart/stdio_uart.c.obj
                0x1000492c                stdio_uart_in_chars
 .text.on_uart_rx
                0x100049ac       0x28 CMakeFiles/ExternalLED.dir/C_/RaspberryPiPico/pico-sdk/src/rp2_common/pico_stdio_uart/stdio_uart.c.obj
 .text.stdio_uart_set_chars_available_callback
                0x100049d4       0x8c CMakeFiles/ExternalLED.dir/C_/RaspberryPiPico/pico-sdk/src/rp2_common/pico_stdio_uart/stdio_uart.c.obj
 .text.stdio_uart_init_full
                0x10004a60       0x44 CMakeFiles/ExternalLED.dir/C_/RaspberryPiPico/pico-sdk/src/rp2_common/pico_stdio_uart/stdio_uart.c.obj
                0x10004a60                stdio_uart_init_full
 .text.stdio_uart_init
                0x10004aa4       0x28 CMakeFiles/ExternalLED.dir/C_/RaspberryPiPico/pico-sdk/src/rp2_common/pico_stdio_uart/stdio_uart.c.obj
                0x10004aa4                stdio_uart_init
 .text.resetd_init
                0x10004acc        0x2 CMakeFiles/ExternalLED.dir/C_/RaspberryPiPico/pico-sdk/src/rp2_common/pico_stdio_usb/reset_interface.c.obj
 *fill*         0x10004ace        0x2 
 .text.resetd_reset
                0x10004ad0        0xc CMakeFiles/ExternalLED.dir/C_/RaspberryPiPico/pico-sdk/src/rp2_common/pico_stdio_usb/reset_interface.c.obj
 .text.resetd_open
                0x10004adc       0x34 CMakeFiles/ExternalLED.dir/C_/RaspberryPiPico/pico-sdk/src/rp2_common/pico_stdio_usb/reset_interface.c.obj
 .text.resetd_xfer_cb
                0x10004b10        0x4 CMakeFiles/ExternalLED.dir/C_/RaspberryPiPico/pico-sdk/src/rp2_common/pico_stdio_usb/reset_interface.c.obj
 .text.reset_usb_boot
                0x10004b14       0x18 CMakeFiles/ExternalLED.dir/C_/RaspberryPiPico/pico-sdk/src/rp2_common/pico_stdio_usb/reset_interface.c.obj
 .text.resetd_control_xfer_cb
                0x10004b2c       0x5c CMakeFiles/ExternalLED.dir/C_/RaspberryPiPico/pico-sdk/src/rp2_common/pico_stdio_usb/reset_interface.c.obj
 .text.usbd_app_driver_get_cb
                0x10004b88        0xc CMakeFiles/ExternalLED.dir/C_/RaspberryPiPico/pico-sdk/src/rp2_common/pico_stdio_usb/reset_interface.c.obj
                0x10004b88                usbd_app_driver_get_cb
 .text.tud_cdc_line_coding_cb
                0x10004b94       0x28 CMakeFiles/ExternalLED.dir/C_/RaspberryPiPico/pico-sdk/src/rp2_common/pico_stdio_usb/reset_interface.c.obj
                0x10004b94                tud_cdc_line_coding_cb
 .text.stdio_usb_set_chars_available_callback
                0x10004bbc       0x14 CMakeFiles/ExternalLED.dir/C_/RaspberryPiPico/pico-sdk/src/rp2_common/pico_stdio_usb/stdio_usb.c.obj
                0x10004bbc                stdio_usb_set_chars_available_callback
 .text.usb_irq  0x10004bd0       0x10 CMakeFiles/ExternalLED.dir/C_/RaspberryPiPico/pico-sdk/src/rp2_common/pico_stdio_usb/stdio_usb.c.obj
 .text.timer_task
                0x10004be0       0x5c CMakeFiles/ExternalLED.dir/C_/RaspberryPiPico/pico-sdk/src/rp2_common/pico_stdio_usb/stdio_usb.c.obj
 .text.low_priority_worker_irq
                0x10004c3c       0xdc CMakeFiles/ExternalLED.dir/C_/RaspberryPiPico/pico-sdk/src/rp2_common/pico_stdio_usb/stdio_usb.c.obj
 .text.tud_cdc_rx_cb
                0x10004d18       0x20 CMakeFiles/ExternalLED.dir/C_/RaspberryPiPico/pico-sdk/src/rp2_common/pico_stdio_usb/stdio_usb.c.obj
                0x10004d18                tud_cdc_rx_cb
 .text.stdio_usb_init
                0x10004d38      0x11c CMakeFiles/ExternalLED.dir/C_/RaspberryPiPico/pico-sdk/src/rp2_common/pico_stdio_usb/stdio_usb.c.obj
                0x10004d38                stdio_usb_init
 .text.stdio_usb_connected
                0x10004e54        0xa CMakeFiles/ExternalLED.dir/C_/RaspberryPiPico/pico-sdk/src/rp2_common/pico_stdio_usb/stdio_usb.c.obj
                0x10004e54                stdio_usb_connected
 *fill*         0x10004e5e        0x2 
 .text.stdio_usb_in_chars
                0x10004e60       0xc4 CMakeFiles/ExternalLED.dir/C_/RaspberryPiPico/pico-sdk/src/rp2_common/pico_stdio_usb/stdio_usb.c.obj
                0x10004e60                stdio_usb_in_chars
 .text.stdio_usb_out_chars
                0x10004f24      0x114 CMakeFiles/ExternalLED.dir/C_/RaspberryPiPico/pico-sdk/src/rp2_common/pico_stdio_usb/stdio_usb.c.obj
 .text.tud_descriptor_device_cb
                0x10005038        0x8 CMakeFiles/ExternalLED.dir/C_/RaspberryPiPico/pico-sdk/src/rp2_common/pico_stdio_usb/stdio_usb_descriptors.c.obj
                0x10005038                tud_descriptor_device_cb
 .text.tud_descriptor_configuration_cb
                0x10005040        0x8 CMakeFiles/ExternalLED.dir/C_/RaspberryPiPico/pico-sdk/src/rp2_common/pico_stdio_usb/stdio_usb_descriptors.c.obj
                0x10005040                tud_descriptor_configuration_cb
 .text.tud_descriptor_string_cb
                0x10005048       0x6c CMakeFiles/ExternalLED.dir/C_/RaspberryPiPico/pico-sdk/src/rp2_common/pico_stdio_usb/stdio_usb_descriptors.c.obj
                0x10005048                tud_descriptor_string_cb
 .text._retrieve_unique_id_on_boot
                0x100050b4       0x10 CMakeFiles/ExternalLED.dir/C_/RaspberryPiPico/pico-sdk/src/rp2_common/pico_unique_id/unique_id.c.obj
 .text.pico_get_unique_board_id_string
                0x100050c4       0x60 CMakeFiles/ExternalLED.dir/C_/RaspberryPiPico/pico-sdk/src/rp2_common/pico_unique_id/unique_id.c.obj
                0x100050c4                pico_get_unique_board_id_string
 .text.flash_get_unique_id
                0x10005124       0x46 CMakeFiles/ExternalLED.dir/C_/RaspberryPiPico/pico-sdk/src/rp2_common/hardware_flash/flash.c.obj
                0x10005124                flash_get_unique_id
 *fill*         0x1000516a        0x2 
 .text.hw_endpoint_get_by_addr
                0x1000516c       0x18 CMakeFiles/ExternalLED.dir/C_/RaspberryPiPico/pico-sdk/lib/tinyusb/src/portable/raspberrypi/rp2040/dcd_rp2040.c.obj
 .text._hw_endpoint_alloc
                0x10005184       0x70 CMakeFiles/ExternalLED.dir/C_/RaspberryPiPico/pico-sdk/lib/tinyusb/src/portable/raspberrypi/rp2040/dcd_rp2040.c.obj
 .text.hw_endpoint_init
                0x100051f4       0x88 CMakeFiles/ExternalLED.dir/C_/RaspberryPiPico/pico-sdk/lib/tinyusb/src/portable/raspberrypi/rp2040/dcd_rp2040.c.obj
 .text.hw_endpoint_xfer
                0x1000527c       0x14 CMakeFiles/ExternalLED.dir/C_/RaspberryPiPico/pico-sdk/lib/tinyusb/src/portable/raspberrypi/rp2040/dcd_rp2040.c.obj
 .text.dcd_int_enable
                0x10005290       0x2c CMakeFiles/ExternalLED.dir/C_/RaspberryPiPico/pico-sdk/lib/tinyusb/src/portable/raspberrypi/rp2040/dcd_rp2040.c.obj
                0x10005290                dcd_int_enable
 .text.dcd_set_address
                0x100052bc       0x2c CMakeFiles/ExternalLED.dir/C_/RaspberryPiPico/pico-sdk/lib/tinyusb/src/portable/raspberrypi/rp2040/dcd_rp2040.c.obj
                0x100052bc                dcd_set_address
 .text.dcd_connect
                0x100052e8       0x10 CMakeFiles/ExternalLED.dir/C_/RaspberryPiPico/pico-sdk/lib/tinyusb/src/portable/raspberrypi/rp2040/dcd_rp2040.c.obj
                0x100052e8                dcd_connect
 .text.dcd_init
                0x100052f8       0x80 CMakeFiles/ExternalLED.dir/C_/RaspberryPiPico/pico-sdk/lib/tinyusb/src/portable/raspberrypi/rp2040/dcd_rp2040.c.obj
                0x100052f8                dcd_init
 .text.dcd_edpt0_status_complete
                0x10005378       0x1c CMakeFiles/ExternalLED.dir/C_/RaspberryPiPico/pico-sdk/lib/tinyusb/src/portable/raspberrypi/rp2040/dcd_rp2040.c.obj
                0x10005378                dcd_edpt0_status_complete
 .text.dcd_edpt_open
                0x10005394       0x40 CMakeFiles/ExternalLED.dir/C_/RaspberryPiPico/pico-sdk/lib/tinyusb/src/portable/raspberrypi/rp2040/dcd_rp2040.c.obj
                0x10005394                dcd_edpt_open
 .text.dcd_edpt_close_all
                0x100053d4        0x8 CMakeFiles/ExternalLED.dir/C_/RaspberryPiPico/pico-sdk/lib/tinyusb/src/portable/raspberrypi/rp2040/dcd_rp2040.c.obj
                0x100053d4                dcd_edpt_close_all
 .text.dcd_edpt_xfer
                0x100053dc       0x34 CMakeFiles/ExternalLED.dir/C_/RaspberryPiPico/pico-sdk/lib/tinyusb/src/portable/raspberrypi/rp2040/dcd_rp2040.c.obj
                0x100053dc                dcd_edpt_xfer
 .text.dcd_edpt_stall
                0x10005410       0x2c CMakeFiles/ExternalLED.dir/C_/RaspberryPiPico/pico-sdk/lib/tinyusb/src/portable/raspberrypi/rp2040/dcd_rp2040.c.obj
                0x10005410                dcd_edpt_stall
 .text.dcd_edpt_clear_stall
                0x1000543c       0x20 CMakeFiles/ExternalLED.dir/C_/RaspberryPiPico/pico-sdk/lib/tinyusb/src/portable/raspberrypi/rp2040/dcd_rp2040.c.obj
                0x1000543c                dcd_edpt_clear_stall
 .text.rp2040_usb_init
                0x1000545c       0x4c CMakeFiles/ExternalLED.dir/C_/RaspberryPiPico/pico-sdk/lib/tinyusb/src/portable/raspberrypi/rp2040/rp2040_usb.c.obj
                0x1000545c                rp2040_usb_init
 .text.hw_endpoint_xfer_start
                0x100054a8       0x50 CMakeFiles/ExternalLED.dir/C_/RaspberryPiPico/pico-sdk/lib/tinyusb/src/portable/raspberrypi/rp2040/rp2040_usb.c.obj
                0x100054a8                hw_endpoint_xfer_start
 .text.configuration_reset
                0x100054f8       0x84 CMakeFiles/ExternalLED.dir/C_/RaspberryPiPico/pico-sdk/lib/tinyusb/src/device/usbd.c.obj
 .text.usbd_reset
                0x1000557c        0xc CMakeFiles/ExternalLED.dir/C_/RaspberryPiPico/pico-sdk/lib/tinyusb/src/device/usbd.c.obj
 .text.invoke_class_control
                0x10005588       0x1a CMakeFiles/ExternalLED.dir/C_/RaspberryPiPico/pico-sdk/lib/tinyusb/src/device/usbd.c.obj
 *fill*         0x100055a2        0x2 
 .text.process_set_config
                0x100055a4      0x178 CMakeFiles/ExternalLED.dir/C_/RaspberryPiPico/pico-sdk/lib/tinyusb/src/device/usbd.c.obj
 .text.process_get_descriptor
                0x1000571c       0xdc CMakeFiles/ExternalLED.dir/C_/RaspberryPiPico/pico-sdk/lib/tinyusb/src/device/usbd.c.obj
 .text.tud_mounted
                0x100057f8       0x10 CMakeFiles/ExternalLED.dir/C_/RaspberryPiPico/pico-sdk/lib/tinyusb/src/device/usbd.c.obj
                0x100057f8                tud_mounted
 .text.tud_suspended
                0x10005808       0x10 CMakeFiles/ExternalLED.dir/C_/RaspberryPiPico/pico-sdk/lib/tinyusb/src/device/usbd.c.obj
                0x10005808                tud_suspended
 .text.tud_inited
                0x10005818       0x14 CMakeFiles/ExternalLED.dir/C_/RaspberryPiPico/pico-sdk/lib/tinyusb/src/device/usbd.c.obj
                0x10005818                tud_inited
 .text.tud_init
                0x1000582c       0xcc CMakeFiles/ExternalLED.dir/C_/RaspberryPiPico/pico-sdk/lib/tinyusb/src/device/usbd.c.obj
                0x1000582c                tud_init
 .text.usbd_defer_func
                0x100058f8       0x2a CMakeFiles/ExternalLED.dir/C_/RaspberryPiPico/pico-sdk/lib/tinyusb/src/device/usbd.c.obj
                0x100058f8                usbd_defer_func
 *fill*         0x10005922        0x2 
 .text.usbd_edpt_open
                0x10005924       0x34 CMakeFiles/ExternalLED.dir/C_/RaspberryPiPico/pico-sdk/lib/tinyusb/src/device/usbd.c.obj
                0x10005924                usbd_edpt_open
 .text.usbd_open_edpt_pair
                0x10005958       0x62 CMakeFiles/ExternalLED.dir/C_/RaspberryPiPico/pico-sdk/lib/tinyusb/src/device/usbd.c.obj
                0x10005958                usbd_open_edpt_pair
 *fill*         0x100059ba        0x2 
 .text.usbd_edpt_claim
                0x100059bc       0x28 CMakeFiles/ExternalLED.dir/C_/RaspberryPiPico/pico-sdk/lib/tinyusb/src/device/usbd.c.obj
                0x100059bc                usbd_edpt_claim
 .text.usbd_edpt_release
                0x100059e4       0x28 CMakeFiles/ExternalLED.dir/C_/RaspberryPiPico/pico-sdk/lib/tinyusb/src/device/usbd.c.obj
                0x100059e4                usbd_edpt_release
 .text.usbd_edpt_xfer
                0x10005a0c       0x78 CMakeFiles/ExternalLED.dir/C_/RaspberryPiPico/pico-sdk/lib/tinyusb/src/device/usbd.c.obj
                0x10005a0c                usbd_edpt_xfer
 .text.usbd_edpt_stall
                0x10005a84       0x48 CMakeFiles/ExternalLED.dir/C_/RaspberryPiPico/pico-sdk/lib/tinyusb/src/device/usbd.c.obj
                0x10005a84                usbd_edpt_stall
 .text.usbd_edpt_clear_stall
                0x10005acc       0x48 CMakeFiles/ExternalLED.dir/C_/RaspberryPiPico/pico-sdk/lib/tinyusb/src/device/usbd.c.obj
                0x10005acc                usbd_edpt_clear_stall
 .text.usbd_edpt_stalled
                0x10005b14       0x1c CMakeFiles/ExternalLED.dir/C_/RaspberryPiPico/pico-sdk/lib/tinyusb/src/device/usbd.c.obj
                0x10005b14                usbd_edpt_stalled
 .text.process_control_request
                0x10005b30      0x37c CMakeFiles/ExternalLED.dir/C_/RaspberryPiPico/pico-sdk/lib/tinyusb/src/device/usbd.c.obj
 .text.tud_task_ext
                0x10005eac      0x1b8 CMakeFiles/ExternalLED.dir/C_/RaspberryPiPico/pico-sdk/lib/tinyusb/src/device/usbd.c.obj
                0x10005eac                tud_task_ext
 .text._data_stage_xact
                0x10006064       0x58 CMakeFiles/ExternalLED.dir/C_/RaspberryPiPico/pico-sdk/lib/tinyusb/src/device/usbd_control.c.obj
 .text.tud_control_status
                0x100060bc       0x38 CMakeFiles/ExternalLED.dir/C_/RaspberryPiPico/pico-sdk/lib/tinyusb/src/device/usbd_control.c.obj
                0x100060bc                tud_control_status
 .text.tud_control_xfer
                0x100060f4       0x74 CMakeFiles/ExternalLED.dir/C_/RaspberryPiPico/pico-sdk/lib/tinyusb/src/device/usbd_control.c.obj
                0x100060f4                tud_control_xfer
 .text.usbd_control_reset
                0x10006168       0x14 CMakeFiles/ExternalLED.dir/C_/RaspberryPiPico/pico-sdk/lib/tinyusb/src/device/usbd_control.c.obj
                0x10006168                usbd_control_reset
 .text.usbd_control_set_complete_callback
                0x1000617c        0xc CMakeFiles/ExternalLED.dir/C_/RaspberryPiPico/pico-sdk/lib/tinyusb/src/device/usbd_control.c.obj
                0x1000617c                usbd_control_set_complete_callback
 .text.usbd_control_set_request
                0x10006188       0x1c CMakeFiles/ExternalLED.dir/C_/RaspberryPiPico/pico-sdk/lib/tinyusb/src/device/usbd_control.c.obj
                0x10006188                usbd_control_set_request
 .text.usbd_control_xfer_cb
                0x100061a4       0xcc CMakeFiles/ExternalLED.dir/C_/RaspberryPiPico/pico-sdk/lib/tinyusb/src/device/usbd_control.c.obj
                0x100061a4                usbd_control_xfer_cb
 .text._prep_out_transaction
                0x10006270       0x4a CMakeFiles/ExternalLED.dir/C_/RaspberryPiPico/pico-sdk/lib/tinyusb/src/class/cdc/cdc_device.c.obj
 *fill*         0x100062ba        0x2 
 .text.tud_cdc_n_connected
                0x100062bc       0x44 CMakeFiles/ExternalLED.dir/C_/RaspberryPiPico/pico-sdk/lib/tinyusb/src/class/cdc/cdc_device.c.obj
                0x100062bc                tud_cdc_n_connected
 .text.tud_cdc_n_available
                0x10006300       0x18 CMakeFiles/ExternalLED.dir/C_/RaspberryPiPico/pico-sdk/lib/tinyusb/src/class/cdc/cdc_device.c.obj
                0x10006300                tud_cdc_n_available
 .text.tud_cdc_n_read
                0x10006318       0x28 CMakeFiles/ExternalLED.dir/C_/RaspberryPiPico/pico-sdk/lib/tinyusb/src/class/cdc/cdc_device.c.obj
                0x10006318                tud_cdc_n_read
 .text.tud_cdc_n_write_flush
                0x10006340       0xb8 CMakeFiles/ExternalLED.dir/C_/RaspberryPiPico/pico-sdk/lib/tinyusb/src/class/cdc/cdc_device.c.obj
                0x10006340                tud_cdc_n_write_flush
 .text.tud_cdc_n_write
                0x100063f8       0x38 CMakeFiles/ExternalLED.dir/C_/RaspberryPiPico/pico-sdk/lib/tinyusb/src/class/cdc/cdc_device.c.obj
                0x100063f8                tud_cdc_n_write
 .text.tud_cdc_n_write_available
                0x10006430       0x1c CMakeFiles/ExternalLED.dir/C_/RaspberryPiPico/pico-sdk/lib/tinyusb/src/class/cdc/cdc_device.c.obj
                0x10006430                tud_cdc_n_write_available
 .text.cdcd_init
                0x1000644c       0xbc CMakeFiles/ExternalLED.dir/C_/RaspberryPiPico/pico-sdk/lib/tinyusb/src/class/cdc/cdc_device.c.obj
                0x1000644c                cdcd_init
 .text.cdcd_reset
                0x10006508       0x44 CMakeFiles/ExternalLED.dir/C_/RaspberryPiPico/pico-sdk/lib/tinyusb/src/class/cdc/cdc_device.c.obj
                0x10006508                cdcd_reset
 .text.cdcd_open
                0x1000654c       0xcc CMakeFiles/ExternalLED.dir/C_/RaspberryPiPico/pico-sdk/lib/tinyusb/src/class/cdc/cdc_device.c.obj
                0x1000654c                cdcd_open
 .text.cdcd_control_xfer_cb
                0x10006618      0x134 CMakeFiles/ExternalLED.dir/C_/RaspberryPiPico/pico-sdk/lib/tinyusb/src/class/cdc/cdc_device.c.obj
                0x10006618                cdcd_control_xfer_cb
 .text.cdcd_xfer_cb
                0x1000674c      0x130 CMakeFiles/ExternalLED.dir/C_/RaspberryPiPico/pico-sdk/lib/tinyusb/src/class/cdc/cdc_device.c.obj
                0x1000674c                cdcd_xfer_cb
 .text.tusb_init
                0x1000687c        0xa CMakeFiles/ExternalLED.dir/C_/RaspberryPiPico/pico-sdk/lib/tinyusb/src/tusb.c.obj
                0x1000687c                tusb_init
 .text.tusb_inited
                0x10006886        0xe CMakeFiles/ExternalLED.dir/C_/RaspberryPiPico/pico-sdk/lib/tinyusb/src/tusb.c.obj
                0x10006886                tusb_inited
 .text.tu_edpt_claim
                0x10006894       0x50 CMakeFiles/ExternalLED.dir/C_/RaspberryPiPico/pico-sdk/lib/tinyusb/src/tusb.c.obj
                0x10006894                tu_edpt_claim
 .text.tu_edpt_release
                0x100068e4       0x3c CMakeFiles/ExternalLED.dir/C_/RaspberryPiPico/pico-sdk/lib/tinyusb/src/tusb.c.obj
                0x100068e4                tu_edpt_release
 .text.tu_edpt_validate
                0x10006920       0x78 CMakeFiles/ExternalLED.dir/C_/RaspberryPiPico/pico-sdk/lib/tinyusb/src/tusb.c.obj
                0x10006920                tu_edpt_validate
 .text.tu_edpt_bind_driver
                0x10006998       0x26 CMakeFiles/ExternalLED.dir/C_/RaspberryPiPico/pico-sdk/lib/tinyusb/src/tusb.c.obj
                0x10006998                tu_edpt_bind_driver
 .text.advance_index
                0x100069be       0x1a CMakeFiles/ExternalLED.dir/C_/RaspberryPiPico/pico-sdk/lib/tinyusb/src/common/tusb_fifo.c.obj
 .text._tu_fifo_peek
                0x100069d8       0x56 CMakeFiles/ExternalLED.dir/C_/RaspberryPiPico/pico-sdk/lib/tinyusb/src/common/tusb_fifo.c.obj
 .text._ff_pull_const_addr
                0x10006a2e       0x4c CMakeFiles/ExternalLED.dir/C_/RaspberryPiPico/pico-sdk/lib/tinyusb/src/common/tusb_fifo.c.obj
 .text._ff_pull_n
                0x10006a7a      0x110 CMakeFiles/ExternalLED.dir/C_/RaspberryPiPico/pico-sdk/lib/tinyusb/src/common/tusb_fifo.c.obj
 .text._tu_fifo_peek_n
                0x10006b8a       0x6a CMakeFiles/ExternalLED.dir/C_/RaspberryPiPico/pico-sdk/lib/tinyusb/src/common/tusb_fifo.c.obj
 .text._tu_fifo_read_n
                0x10006bf4       0x4e CMakeFiles/ExternalLED.dir/C_/RaspberryPiPico/pico-sdk/lib/tinyusb/src/common/tusb_fifo.c.obj
 .text._ff_push_const_addr
                0x10006c42       0x40 CMakeFiles/ExternalLED.dir/C_/RaspberryPiPico/pico-sdk/lib/tinyusb/src/common/tusb_fifo.c.obj
 .text._ff_push_n
                0x10006c82      0x10c CMakeFiles/ExternalLED.dir/C_/RaspberryPiPico/pico-sdk/lib/tinyusb/src/common/tusb_fifo.c.obj
 .text._tu_fifo_write_n
                0x10006d8e       0xf0 CMakeFiles/ExternalLED.dir/C_/RaspberryPiPico/pico-sdk/lib/tinyusb/src/common/tusb_fifo.c.obj
 .text.tu_fifo_config
                0x10006e7e       0x7c CMakeFiles/ExternalLED.dir/C_/RaspberryPiPico/pico-sdk/lib/tinyusb/src/common/tusb_fifo.c.obj
                0x10006e7e                tu_fifo_config
 .text.tu_fifo_count
                0x10006efa       0x2a CMakeFiles/ExternalLED.dir/C_/RaspberryPiPico/pico-sdk/lib/tinyusb/src/common/tusb_fifo.c.obj
                0x10006efa                tu_fifo_count
 .text.tu_fifo_empty
                0x10006f24       0x10 CMakeFiles/ExternalLED.dir/C_/RaspberryPiPico/pico-sdk/lib/tinyusb/src/common/tusb_fifo.c.obj
                0x10006f24                tu_fifo_empty
 .text.tu_fifo_full
                0x10006f34       0x28 CMakeFiles/ExternalLED.dir/C_/RaspberryPiPico/pico-sdk/lib/tinyusb/src/common/tusb_fifo.c.obj
                0x10006f34                tu_fifo_full
 .text.tu_fifo_remaining
                0x10006f5c       0x2c CMakeFiles/ExternalLED.dir/C_/RaspberryPiPico/pico-sdk/lib/tinyusb/src/common/tusb_fifo.c.obj
                0x10006f5c                tu_fifo_remaining
 .text.tu_fifo_read
                0x10006f88       0x42 CMakeFiles/ExternalLED.dir/C_/RaspberryPiPico/pico-sdk/lib/tinyusb/src/common/tusb_fifo.c.obj
                0x10006f88                tu_fifo_read
 .text.tu_fifo_read_n
                0x10006fca        0xa CMakeFiles/ExternalLED.dir/C_/RaspberryPiPico/pico-sdk/lib/tinyusb/src/common/tusb_fifo.c.obj
                0x10006fca                tu_fifo_read_n
 .text.tu_fifo_write
                0x10006fd4       0x64 CMakeFiles/ExternalLED.dir/C_/RaspberryPiPico/pico-sdk/lib/tinyusb/src/common/tusb_fifo.c.obj
                0x10006fd4                tu_fifo_write
 .text.tu_fifo_write_n
                0x10007038        0xa CMakeFiles/ExternalLED.dir/C_/RaspberryPiPico/pico-sdk/lib/tinyusb/src/common/tusb_fifo.c.obj
                0x10007038                tu_fifo_write_n
 .text.tu_fifo_clear
                0x10007042       0x3e CMakeFiles/ExternalLED.dir/C_/RaspberryPiPico/pico-sdk/lib/tinyusb/src/common/tusb_fifo.c.obj
                0x10007042                tu_fifo_clear
 .text.tu_fifo_set_overwritable
                0x10007080       0x46 CMakeFiles/ExternalLED.dir/C_/RaspberryPiPico/pico-sdk/lib/tinyusb/src/common/tusb_fifo.c.obj
                0x10007080                tu_fifo_set_overwritable
 .text.core1_trampoline
                0x100070c6        0x2 CMakeFiles/ExternalLED.dir/C_/RaspberryPiPico/pico-sdk/src/rp2_common/pico_multicore/multicore.c.obj
 .text.core1_wrapper
                0x100070c8        0xc CMakeFiles/ExternalLED.dir/C_/RaspberryPiPico/pico-sdk/src/rp2_common/pico_multicore/multicore.c.obj
                0x100070c8                core1_wrapper
 .text.multicore_fifo_push_blocking
                0x100070d4       0x14 CMakeFiles/ExternalLED.dir/C_/RaspberryPiPico/pico-sdk/src/rp2_common/pico_multicore/multicore.c.obj
                0x100070d4                multicore_fifo_push_blocking
 .text.multicore_fifo_pop_blocking
                0x100070e8       0x16 CMakeFiles/ExternalLED.dir/C_/RaspberryPiPico/pico-sdk/src/rp2_common/pico_multicore/multicore.c.obj
                0x100070e8                multicore_fifo_pop_blocking
 .text.multicore_launch_core1_raw
                0x100070fe       0x6e CMakeFiles/ExternalLED.dir/C_/RaspberryPiPico/pico-sdk/src/rp2_common/pico_multicore/multicore.c.obj
                0x100070fe                multicore_launch_core1_raw
 .text.multicore_launch_core1_with_stack
                0x1000716c       0x50 CMakeFiles/ExternalLED.dir/C_/RaspberryPiPico/pico-sdk/src/rp2_common/pico_multicore/multicore.c.obj
                0x1000716c                multicore_launch_core1_with_stack
 .text.multicore_launch_core1
                0x100071bc       0x24 CMakeFiles/ExternalLED.dir/C_/RaspberryPiPico/pico-sdk/src/rp2_common/pico_multicore/multicore.c.obj
                0x100071bc                multicore_launch_core1
 .text.strlen   0x100071e0       0x5c c:/raspberrypipico/gcc-arm-none-eabi/bin/../lib/gcc/arm-none-eabi/10.3.1/../../../../arm-none-eabi/lib/thumb/v6-m/nofp\libg.a(lib_a-strlen-stub.o)
                0x100071e0                strlen
 *(.fini)
 .fini          0x1000723c        0x4 c:/raspberrypipico/gcc-arm-none-eabi/bin/../lib/gcc/arm-none-eabi/10.3.1/thumb/v6-m/nofp/crti.o
                0x1000723c                _fini
 .fini.__stub   0x10007240       0xe0 linker stubs
 *crtbegin.o(.ctors)
 *crtbegin?.o(.ctors)
 *(EXCLUDE_FILE(*crtend.o *crtend?.o) .ctors)
 *(SORT_BY_NAME(.ctors.*))
 *(.ctors)
 *crtbegin.o(.dtors)
 *crtbegin?.o(.dtors)
 *(EXCLUDE_FILE(*crtend.o *crtend?.o) .dtors)
 *(SORT_BY_NAME(.dtors.*))
 *(.dtors)
 *(.eh_frame*)
 .eh_frame      0x10007320        0x0 c:/raspberrypipico/gcc-arm-none-eabi/bin/../lib/gcc/arm-none-eabi/10.3.1/thumb/v6-m/nofp/crtbegin.o
                0x10007320                . = ALIGN (0x4)

.glue_7         0x10007320        0x0
 .glue_7        0x10007320        0x0 linker stubs

.glue_7t        0x10007320        0x0
 .glue_7t       0x10007320        0x0 linker stubs

.vfp11_veneer   0x10007320        0x0
 .vfp11_veneer  0x10007320        0x0 linker stubs

.v4_bx          0x10007320        0x0
 .v4_bx         0x10007320        0x0 linker stubs

.iplt           0x10007320        0x0
 .iplt          0x10007320        0x0 c:/raspberrypipico/gcc-arm-none-eabi/bin/../lib/gcc/arm-none-eabi/10.3.1/thumb/v6-m/nofp/crtbegin.o

.rodata         0x10007320     0x1668
 *(EXCLUDE_FILE(*libm.a: *libc.a:*lib_a-mem*.o *libgcc.a:) .rodata*)
 .rodata.spin_lock_claim_unused.str1.4
                0x10007320       0x1b CMakeFiles/ExternalLED.dir/C_/RaspberryPiPico/pico-sdk/src/rp2_common/hardware_sync/sync.c.obj
 *fill*         0x1000733b        0x1 
 .rodata.make_branch.str1.4
                0x1000733c       0x6e CMakeFiles/ExternalLED.dir/C_/RaspberryPiPico/pico-sdk/src/rp2_common/hardware_irq/irq.c.obj
 *fill*         0x100073aa        0x2 
 .rodata.insert_branch_and_link.str1.4
                0x100073ac       0x10 CMakeFiles/ExternalLED.dir/C_/RaspberryPiPico/pico-sdk/src/rp2_common/hardware_irq/irq.c.obj
 .rodata.irq_set_exclusive_handler.str1.4
                0x100073bc       0x36 CMakeFiles/ExternalLED.dir/C_/RaspberryPiPico/pico-sdk/src/rp2_common/hardware_irq/irq.c.obj
 *fill*         0x100073f2        0x2 
 .rodata.irq_add_shared_handler.str1.4
                0x100073f4       0xd9 CMakeFiles/ExternalLED.dir/C_/RaspberryPiPico/pico-sdk/src/rp2_common/hardware_irq/irq.c.obj
 *fill*         0x100074cd        0x3 
 .rodata.irq_remove_handler.str1.4
                0x100074d0       0x3a CMakeFiles/ExternalLED.dir/C_/RaspberryPiPico/pico-sdk/src/rp2_common/hardware_irq/irq.c.obj
 *fill*         0x1000750a        0x2 
 .rodata.irq_add_tail_to_free_list.str1.4
                0x1000750c       0x3a CMakeFiles/ExternalLED.dir/C_/RaspberryPiPico/pico-sdk/src/rp2_common/hardware_irq/irq.c.obj
 *fill*         0x10007546        0x2 
 .rodata.user_irq_claim_unused.str1.4
                0x10007548       0x1b CMakeFiles/ExternalLED.dir/C_/RaspberryPiPico/pico-sdk/src/rp2_common/hardware_irq/irq.c.obj
 *fill*         0x10007563        0x1 
 .rodata.__func__.0
                0x10007564       0x1a CMakeFiles/ExternalLED.dir/C_/RaspberryPiPico/pico-sdk/src/rp2_common/hardware_irq/irq.c.obj
 *fill*         0x1000757e        0x2 
 .rodata.__func__.1
                0x10007580       0x17 CMakeFiles/ExternalLED.dir/C_/RaspberryPiPico/pico-sdk/src/rp2_common/hardware_irq/irq.c.obj
 *fill*         0x10007597        0x1 
 .rodata.__func__.2
                0x10007598       0x13 CMakeFiles/ExternalLED.dir/C_/RaspberryPiPico/pico-sdk/src/rp2_common/hardware_irq/irq.c.obj
 *fill*         0x100075ab        0x1 
 .rodata.__func__.3
                0x100075ac        0xc CMakeFiles/ExternalLED.dir/C_/RaspberryPiPico/pico-sdk/src/rp2_common/hardware_irq/irq.c.obj
 .rodata.__func__.4
                0x100075b8        0xf CMakeFiles/ExternalLED.dir/C_/RaspberryPiPico/pico-sdk/src/rp2_common/hardware_irq/irq.c.obj
 *fill*         0x100075c7        0x1 
 .rodata.__func__.5
                0x100075c8       0x17 CMakeFiles/ExternalLED.dir/C_/RaspberryPiPico/pico-sdk/src/rp2_common/hardware_irq/irq.c.obj
 *fill*         0x100075df        0x1 
 .rodata.__func__.6
                0x100075e0       0x1a CMakeFiles/ExternalLED.dir/C_/RaspberryPiPico/pico-sdk/src/rp2_common/hardware_irq/irq.c.obj
 *fill*         0x100075fa        0x2 
 .rodata.str1.4
                0x100075fc       0xf1 CMakeFiles/ExternalLED.dir/C_/RaspberryPiPico/pico-sdk/src/common/pico_sync/mutex.c.obj
 *fill*         0x100076ed        0x3 
 .rodata.__func__.1
                0x100076f0        0xb CMakeFiles/ExternalLED.dir/C_/RaspberryPiPico/pico-sdk/src/common/pico_sync/mutex.c.obj
 *fill*         0x100076fb        0x1 
 .rodata.__func__.3
                0x100076fc       0x18 CMakeFiles/ExternalLED.dir/C_/RaspberryPiPico/pico-sdk/src/common/pico_sync/mutex.c.obj
 .rodata.__func__.4
                0x10007714       0x15 CMakeFiles/ExternalLED.dir/C_/RaspberryPiPico/pico-sdk/src/common/pico_sync/mutex.c.obj
 *fill*         0x10007729        0x3 
 .rodata.repeating_timer_callback.str1.4
                0x1000772c       0x4c CMakeFiles/ExternalLED.dir/C_/RaspberryPiPico/pico-sdk/src/common/pico_time/time.c.obj
 .rodata.timer_pool_entry_comparator.str1.4
                0x10007778       0x22 CMakeFiles/ExternalLED.dir/C_/RaspberryPiPico/pico-sdk/src/common/pico_time/time.c.obj
 *fill*         0x1000779a        0x2 
 .rodata.ph_add_child_node.str1.4
                0x1000779c       0x96 CMakeFiles/ExternalLED.dir/C_/RaspberryPiPico/pico-sdk/src/common/pico_time/time.c.obj
 *fill*         0x10007832        0x2 
 .rodata.add_alarm_under_lock.str1.4
                0x10007834       0x28 CMakeFiles/ExternalLED.dir/C_/RaspberryPiPico/pico-sdk/src/common/pico_time/time.c.obj
                                 0x2b (size before relaxing)
 .rodata.alarm_pool_alarm_callback.str1.4
                0x1000785c       0x98 CMakeFiles/ExternalLED.dir/C_/RaspberryPiPico/pico-sdk/src/common/pico_time/time.c.obj
                                 0xfc (size before relaxing)
 .rodata.alarm_pool_get_default.str1.4
                0x100078f4       0x21 CMakeFiles/ExternalLED.dir/C_/RaspberryPiPico/pico-sdk/src/common/pico_time/time.c.obj
 *fill*         0x10007915        0x3 
 .rodata.alarm_pool_cancel_alarm.str1.4
                0x10007918       0x27 CMakeFiles/ExternalLED.dir/C_/RaspberryPiPico/pico-sdk/src/common/pico_time/time.c.obj
 *fill*         0x1000793f        0x1 
 .rodata.sleep_until.str1.4
                0x10007940       0x4d CMakeFiles/ExternalLED.dir/C_/RaspberryPiPico/pico-sdk/src/common/pico_time/time.c.obj
 *fill*         0x1000798d        0x3 
 .rodata.__func__.1
                0x10007990       0x18 CMakeFiles/ExternalLED.dir/C_/RaspberryPiPico/pico-sdk/src/common/pico_time/time.c.obj
 .rodata.__func__.10
                0x100079a8       0x15 CMakeFiles/ExternalLED.dir/C_/RaspberryPiPico/pico-sdk/src/common/pico_time/time.c.obj
 *fill*         0x100079bd        0x3 
 .rodata.__func__.11
                0x100079c0       0x1a CMakeFiles/ExternalLED.dir/C_/RaspberryPiPico/pico-sdk/src/common/pico_time/time.c.obj
 *fill*         0x100079da        0x2 
 .rodata.__func__.12
                0x100079dc        0xa CMakeFiles/ExternalLED.dir/C_/RaspberryPiPico/pico-sdk/src/common/pico_time/time.c.obj
 *fill*         0x100079e6        0x2 
 .rodata.__func__.3
                0x100079e8       0x17 CMakeFiles/ExternalLED.dir/C_/RaspberryPiPico/pico-sdk/src/common/pico_time/time.c.obj
 *fill*         0x100079ff        0x1 
 .rodata.__func__.4
                0x10007a00       0x12 CMakeFiles/ExternalLED.dir/C_/RaspberryPiPico/pico-sdk/src/common/pico_time/time.c.obj
 *fill*         0x10007a12        0x2 
 .rodata.__func__.5
                0x10007a14        0xd CMakeFiles/ExternalLED.dir/C_/RaspberryPiPico/pico-sdk/src/common/pico_time/time.c.obj
 *fill*         0x10007a21        0x3 
 .rodata.__func__.6
                0x10007a24       0x12 CMakeFiles/ExternalLED.dir/C_/RaspberryPiPico/pico-sdk/src/common/pico_time/time.c.obj
 *fill*         0x10007a36        0x2 
 .rodata.__func__.7
                0x10007a38        0xf CMakeFiles/ExternalLED.dir/C_/RaspberryPiPico/pico-sdk/src/common/pico_time/time.c.obj
 *fill*         0x10007a47        0x1 
 .rodata.__func__.8
                0x10007a48        0xc CMakeFiles/ExternalLED.dir/C_/RaspberryPiPico/pico-sdk/src/common/pico_time/time.c.obj
 .rodata.__func__.9
                0x10007a54       0x15 CMakeFiles/ExternalLED.dir/C_/RaspberryPiPico/pico-sdk/src/common/pico_time/time.c.obj
 *fill*         0x10007a69        0x3 
 .rodata.hardware_alarm_claim.str1.4
                0x10007a6c       0x22 CMakeFiles/ExternalLED.dir/C_/RaspberryPiPico/pico-sdk/src/rp2_common/hardware_timer/timer.c.obj
 .rodata.busy_wait_us.str1.4
                0x10007a8e       0x62 CMakeFiles/ExternalLED.dir/C_/RaspberryPiPico/pico-sdk/src/rp2_common/hardware_timer/timer.c.obj
 *fill*         0x10007a8e        0x2 
 .rodata.hardware_alarm_set_target.str1.4
                0x10007a90       0x66 CMakeFiles/ExternalLED.dir/C_/RaspberryPiPico/pico-sdk/src/rp2_common/hardware_timer/timer.c.obj
 *fill*         0x10007af6        0x2 
 .rodata.__func__.0
                0x10007af8       0x1a CMakeFiles/ExternalLED.dir/C_/RaspberryPiPico/pico-sdk/src/rp2_common/hardware_timer/timer.c.obj
 *fill*         0x10007b12        0x2 
 .rodata.__func__.1
                0x10007b14       0x15 CMakeFiles/ExternalLED.dir/C_/RaspberryPiPico/pico-sdk/src/rp2_common/hardware_timer/timer.c.obj
 .rodata.ph_add_child_node.str1.4
                0x10007b29       0x96 CMakeFiles/ExternalLED.dir/C_/RaspberryPiPico/pico-sdk/src/common/pico_util/pheap.c.obj
 *fill*         0x10007b29        0x3 
 .rodata.ph_remove_any_head.str1.4
                0x10007b2c       0x90 CMakeFiles/ExternalLED.dir/C_/RaspberryPiPico/pico-sdk/src/common/pico_util/pheap.c.obj
                                 0xa4 (size before relaxing)
 .rodata.ph_remove_and_free_node.str1.4
                0x10007bbc       0x1e CMakeFiles/ExternalLED.dir/C_/RaspberryPiPico/pico-sdk/src/common/pico_util/pheap.c.obj
                                 0x26 (size before relaxing)
 *fill*         0x10007bda        0x2 
 .rodata.__func__.0
                0x10007bdc       0x18 CMakeFiles/ExternalLED.dir/C_/RaspberryPiPico/pico-sdk/src/common/pico_util/pheap.c.obj
 .rodata.__func__.1
                0x10007bf4       0x13 CMakeFiles/ExternalLED.dir/C_/RaspberryPiPico/pico-sdk/src/common/pico_util/pheap.c.obj
 *fill*         0x10007c07        0x1 
 .rodata.__func__.2
                0x10007c08       0x12 CMakeFiles/ExternalLED.dir/C_/RaspberryPiPico/pico-sdk/src/common/pico_util/pheap.c.obj
 *fill*         0x10007c1a        0x2 
 .rodata.__func__.3
                0x10007c1c        0xc CMakeFiles/ExternalLED.dir/C_/RaspberryPiPico/pico-sdk/src/common/pico_util/pheap.c.obj
 .rodata.clock_configure.str1.4
                0x10007c28       0x58 CMakeFiles/ExternalLED.dir/C_/RaspberryPiPico/pico-sdk/src/rp2_common/hardware_clocks/clocks.c.obj
 .rodata.__func__.1
                0x10007c80       0x10 CMakeFiles/ExternalLED.dir/C_/RaspberryPiPico/pico-sdk/src/rp2_common/hardware_clocks/clocks.c.obj
 .rodata.pll_init.str1.4
                0x10007c90      0x124 CMakeFiles/ExternalLED.dir/C_/RaspberryPiPico/pico-sdk/src/rp2_common/hardware_pll/pll.c.obj
 .rodata.__func__.0
                0x10007db4        0x9 CMakeFiles/ExternalLED.dir/C_/RaspberryPiPico/pico-sdk/src/rp2_common/hardware_pll/pll.c.obj
 *fill*         0x10007dbd        0x3 
 .rodata.__assert_func.str1.4
                0x10007dc0       0x3f CMakeFiles/ExternalLED.dir/C_/RaspberryPiPico/pico-sdk/src/rp2_common/pico_runtime/runtime.c.obj
                                 0x43 (size before relaxing)
 *fill*         0x10007dff        0x1 
 .rodata.runtime_init.str1.4
                0x10007e00       0x62 CMakeFiles/ExternalLED.dir/C_/RaspberryPiPico/pico-sdk/src/rp2_common/pico_runtime/runtime.c.obj
 *fill*         0x10007e62        0x2 
 .rodata.panic.str1.4
                0x10007e64       0x12 CMakeFiles/ExternalLED.dir/C_/RaspberryPiPico/pico-sdk/src/rp2_common/pico_runtime/runtime.c.obj
 *fill*         0x10007e76        0x2 
 .rodata.__func__.2
                0x10007e78        0xd CMakeFiles/ExternalLED.dir/C_/RaspberryPiPico/pico-sdk/src/rp2_common/pico_runtime/runtime.c.obj
 *fill*         0x10007e85        0x3 
 .rodata._ftoa.str1.4
                0x10007e88       0x15 CMakeFiles/ExternalLED.dir/C_/RaspberryPiPico/pico-sdk/src/rp2_common/pico_printf/printf.c.obj
 *fill*         0x10007e9d        0x3 
 .rodata._vsnprintf
                0x10007ea0      0x1e0 CMakeFiles/ExternalLED.dir/C_/RaspberryPiPico/pico-sdk/src/rp2_common/pico_printf/printf.c.obj
 .rodata.pow10.0
                0x10008080       0x50 CMakeFiles/ExternalLED.dir/C_/RaspberryPiPico/pico-sdk/src/rp2_common/pico_printf/printf.c.obj
 .rodata.__aeabi_double_init.str1.4
                0x100080d0       0x9d CMakeFiles/ExternalLED.dir/C_/RaspberryPiPico/pico-sdk/src/rp2_common/pico_double/double_init_rom.c.obj
 *fill*         0x1000816d        0x3 
 .rodata.__func__.0
                0x10008170       0x14 CMakeFiles/ExternalLED.dir/C_/RaspberryPiPico/pico-sdk/src/rp2_common/pico_double/double_init_rom.c.obj
 .rodata.__aeabi_float_init.str1.4
                0x10008184       0x7b CMakeFiles/ExternalLED.dir/C_/RaspberryPiPico/pico-sdk/src/rp2_common/pico_float/float_init_rom.c.obj
                                 0x7f (size before relaxing)
 *fill*         0x100081ff        0x1 
 .rodata.__func__.0
                0x10008200       0x13 CMakeFiles/ExternalLED.dir/C_/RaspberryPiPico/pico-sdk/src/rp2_common/pico_float/float_init_rom.c.obj
 *fill*         0x10008213        0x1 
 .rodata.str1.4
                0x10008214       0x44 CMakeFiles/ExternalLED.dir/C_/RaspberryPiPico/pico-sdk/src/rp2_common/pico_standard_link/binary_info.c.obj
 .rodata.__bi_44
                0x10008258        0xc CMakeFiles/ExternalLED.dir/C_/RaspberryPiPico/pico-sdk/src/rp2_common/pico_standard_link/binary_info.c.obj
 .rodata.__bi_56
                0x10008264        0xc CMakeFiles/ExternalLED.dir/C_/RaspberryPiPico/pico-sdk/src/rp2_common/pico_standard_link/binary_info.c.obj
 .rodata.__bi_75
                0x10008270        0xc CMakeFiles/ExternalLED.dir/C_/RaspberryPiPico/pico-sdk/src/rp2_common/pico_standard_link/binary_info.c.obj
 .rodata.__bi_81
                0x1000827c        0xc CMakeFiles/ExternalLED.dir/C_/RaspberryPiPico/pico-sdk/src/rp2_common/pico_standard_link/binary_info.c.obj
 .rodata.stdout_serialize_begin.str1.4
                0x10008288       0x62 CMakeFiles/ExternalLED.dir/C_/RaspberryPiPico/pico-sdk/src/rp2_common/pico_stdio/stdio.c.obj
 .rodata.__func__.3
                0x10008288       0x15 CMakeFiles/ExternalLED.dir/C_/RaspberryPiPico/pico-sdk/src/rp2_common/pico_stdio/stdio.c.obj
 *fill*         0x1000829d        0x3 
 .rodata.crlf_str.2
                0x100082a0        0x2 CMakeFiles/ExternalLED.dir/C_/RaspberryPiPico/pico-sdk/src/rp2_common/pico_stdio/stdio.c.obj
 *fill*         0x100082a2        0x2 
 .rodata.str1.4
                0x100082a4       0x2c CMakeFiles/ExternalLED.dir/C_/RaspberryPiPico/pico-sdk/src/rp2_common/pico_stdio_uart/stdio_uart.c.obj
 .rodata.__bi_33.4
                0x100082d0        0xc CMakeFiles/ExternalLED.dir/C_/RaspberryPiPico/pico-sdk/src/rp2_common/pico_stdio_uart/stdio_uart.c.obj
 .rodata.__bi_34.5
                0x100082dc        0x8 CMakeFiles/ExternalLED.dir/C_/RaspberryPiPico/pico-sdk/src/rp2_common/pico_stdio_uart/stdio_uart.c.obj
 .rodata._resetd_driver
                0x100082e4       0x18 CMakeFiles/ExternalLED.dir/C_/RaspberryPiPico/pico-sdk/src/rp2_common/pico_stdio_usb/reset_interface.c.obj
 .rodata.low_priority_worker_irq.str1.4
                0x100082fc       0x62 CMakeFiles/ExternalLED.dir/C_/RaspberryPiPico/pico-sdk/src/rp2_common/pico_stdio_usb/stdio_usb.c.obj
 .rodata.stdio_usb_init.str1.4
                0x100082fc       0x46 CMakeFiles/ExternalLED.dir/C_/RaspberryPiPico/pico-sdk/src/rp2_common/pico_stdio_usb/stdio_usb.c.obj
                                 0x4e (size before relaxing)
 *fill*         0x10008342        0x2 
 .rodata.str1.4
                0x10008344       0x13 CMakeFiles/ExternalLED.dir/C_/RaspberryPiPico/pico-sdk/src/rp2_common/pico_stdio_usb/stdio_usb.c.obj
 *fill*         0x10008357        0x1 
 .rodata.__bi_182.0
                0x10008358        0xc CMakeFiles/ExternalLED.dir/C_/RaspberryPiPico/pico-sdk/src/rp2_common/pico_stdio_usb/stdio_usb.c.obj
 .rodata.__func__.1
                0x10008364        0xf CMakeFiles/ExternalLED.dir/C_/RaspberryPiPico/pico-sdk/src/rp2_common/pico_stdio_usb/stdio_usb.c.obj
 *fill*         0x10008373        0x1 
 .rodata.__func__.3
                0x10008374       0x15 CMakeFiles/ExternalLED.dir/C_/RaspberryPiPico/pico-sdk/src/rp2_common/pico_stdio_usb/stdio_usb.c.obj
 *fill*         0x10008389        0x3 
 .rodata.str1.4
                0x1000838c       0x2a CMakeFiles/ExternalLED.dir/C_/RaspberryPiPico/pico-sdk/src/rp2_common/pico_stdio_usb/stdio_usb_descriptors.c.obj
 *fill*         0x100083b6        0x2 
 .rodata.usbd_desc_cfg
                0x100083b8       0x54 CMakeFiles/ExternalLED.dir/C_/RaspberryPiPico/pico-sdk/src/rp2_common/pico_stdio_usb/stdio_usb_descriptors.c.obj
 .rodata.usbd_desc_device
                0x1000840c       0x12 CMakeFiles/ExternalLED.dir/C_/RaspberryPiPico/pico-sdk/src/rp2_common/pico_stdio_usb/stdio_usb_descriptors.c.obj
 *fill*         0x1000841e        0x2 
 .rodata.usbd_desc_str
                0x10008420       0x18 CMakeFiles/ExternalLED.dir/C_/RaspberryPiPico/pico-sdk/src/rp2_common/pico_stdio_usb/stdio_usb_descriptors.c.obj
 .rodata.pico_get_unique_board_id_string.str1.4
                0x10008438       0x4e CMakeFiles/ExternalLED.dir/C_/RaspberryPiPico/pico-sdk/src/rp2_common/pico_unique_id/unique_id.c.obj
 *fill*         0x10008486        0x2 
 .rodata.__func__.0
                0x10008488       0x20 CMakeFiles/ExternalLED.dir/C_/RaspberryPiPico/pico-sdk/src/rp2_common/pico_unique_id/unique_id.c.obj
 .rodata.str1.4
                0x100084a8      0x15a CMakeFiles/ExternalLED.dir/C_/RaspberryPiPico/pico-sdk/src/rp2_common/hardware_flash/flash.c.obj
 *fill*         0x10008602        0x2 
 .rodata.__func__.0
                0x10008604        0xd CMakeFiles/ExternalLED.dir/C_/RaspberryPiPico/pico-sdk/src/rp2_common/hardware_flash/flash.c.obj
 *fill*         0x10008611        0x3 
 .rodata._hw_endpoint_alloc.str1.4
                0x10008614       0xb9 CMakeFiles/ExternalLED.dir/C_/RaspberryPiPico/pico-sdk/lib/tinyusb/src/portable/raspberrypi/rp2040/dcd_rp2040.c.obj
 *fill*         0x100086cd        0x3 
 .rodata.str1.4
                0x100086d0       0x14 CMakeFiles/ExternalLED.dir/C_/RaspberryPiPico/pico-sdk/lib/tinyusb/src/portable/raspberrypi/rp2040/dcd_rp2040.c.obj
 .rodata.dcd_int_enable.str1.4
                0x100086e4        0xc CMakeFiles/ExternalLED.dir/C_/RaspberryPiPico/pico-sdk/lib/tinyusb/src/portable/raspberrypi/rp2040/dcd_rp2040.c.obj
 .rodata.__func__.0
                0x100086f0        0xe CMakeFiles/ExternalLED.dir/C_/RaspberryPiPico/pico-sdk/lib/tinyusb/src/portable/raspberrypi/rp2040/dcd_rp2040.c.obj
 *fill*         0x100086fe        0x2 
 .rodata.__func__.1
                0x10008700        0xe CMakeFiles/ExternalLED.dir/C_/RaspberryPiPico/pico-sdk/lib/tinyusb/src/portable/raspberrypi/rp2040/dcd_rp2040.c.obj
 *fill*         0x1000870e        0x2 
 .rodata.__func__.3
                0x10008710       0x10 CMakeFiles/ExternalLED.dir/C_/RaspberryPiPico/pico-sdk/lib/tinyusb/src/portable/raspberrypi/rp2040/dcd_rp2040.c.obj
 .rodata.__func__.5
                0x10008720        0xf CMakeFiles/ExternalLED.dir/C_/RaspberryPiPico/pico-sdk/lib/tinyusb/src/portable/raspberrypi/rp2040/dcd_rp2040.c.obj
 *fill*         0x1000872f        0x1 
 .rodata.__func__.6
                0x10008730       0x13 CMakeFiles/ExternalLED.dir/C_/RaspberryPiPico/pico-sdk/lib/tinyusb/src/portable/raspberrypi/rp2040/dcd_rp2040.c.obj
 *fill*         0x10008743        0x1 
 .rodata.__func__.7
                0x10008744        0x9 CMakeFiles/ExternalLED.dir/C_/RaspberryPiPico/pico-sdk/lib/tinyusb/src/portable/raspberrypi/rp2040/dcd_rp2040.c.obj
 *fill*         0x1000874d        0x3 
 .rodata.str1.4
                0x10008750       0xe1 CMakeFiles/ExternalLED.dir/C_/RaspberryPiPico/pico-sdk/lib/tinyusb/src/portable/raspberrypi/rp2040/rp2040_usb.c.obj
                                 0xeb (size before relaxing)
 *fill*         0x10008831        0x3 
 .rodata.__func__.0
                0x10008834        0xf CMakeFiles/ExternalLED.dir/C_/RaspberryPiPico/pico-sdk/lib/tinyusb/src/portable/raspberrypi/rp2040/rp2040_usb.c.obj
 *fill*         0x10008843        0x1 
 .rodata.process_get_descriptor
                0x10008844       0x40 CMakeFiles/ExternalLED.dir/C_/RaspberryPiPico/pico-sdk/lib/tinyusb/src/device/usbd.c.obj
 .rodata.process_control_request
                0x10008884       0x28 CMakeFiles/ExternalLED.dir/C_/RaspberryPiPico/pico-sdk/lib/tinyusb/src/device/usbd.c.obj
 .rodata.tud_task_ext
                0x100088ac       0x24 CMakeFiles/ExternalLED.dir/C_/RaspberryPiPico/pico-sdk/lib/tinyusb/src/device/usbd.c.obj
 .rodata._usbd_driver
                0x100088d0       0x18 CMakeFiles/ExternalLED.dir/C_/RaspberryPiPico/pico-sdk/lib/tinyusb/src/device/usbd.c.obj
 .rodata.multicore_lockout_start_block_until.str1.4
                0x100088e8       0x5e CMakeFiles/ExternalLED.dir/C_/RaspberryPiPico/pico-sdk/src/rp2_common/pico_multicore/multicore.c.obj
 *fill*         0x10008946        0x2 
 .rodata.multicore_launch_core1_with_stack.str1.4
                0x10008948       0x19 CMakeFiles/ExternalLED.dir/C_/RaspberryPiPico/pico-sdk/src/rp2_common/pico_multicore/multicore.c.obj
 *fill*         0x10008961        0x3 
 .rodata.__func__.2
                0x10008964       0x22 CMakeFiles/ExternalLED.dir/C_/RaspberryPiPico/pico-sdk/src/rp2_common/pico_multicore/multicore.c.obj
                0x10008988                . = ALIGN (0x4)
 *fill*         0x10008986        0x2 
 *(SORT_BY_ALIGNMENT(SORT_BY_NAME(.flashdata*)))
                0x10008988                . = ALIGN (0x4)

.ARM.extab
 *(.ARM.extab* .gnu.linkonce.armextab.*)
                0x10008988                __exidx_start = .

.ARM.exidx
 *(.ARM.exidx* .gnu.linkonce.armexidx.*)
                0x10008988                __exidx_end = .
                0x10008988                . = ALIGN (0x4)
                0x10008988                __binary_info_start = .

.binary_info    0x10008988       0x2c
 *(.binary_info.keep.*)
 .binary_info.keep.__bi_ptr22
                0x10008988        0x4 CMakeFiles/ExternalLED.dir/C_/RaspberryPiPico/pico-sdk/src/rp2_common/pico_standard_link/binary_info.c.obj
 .binary_info.keep.__bi_ptr30
                0x1000898c        0x4 CMakeFiles/ExternalLED.dir/C_/RaspberryPiPico/pico-sdk/src/rp2_common/pico_standard_link/binary_info.c.obj
 .binary_info.keep.__bi_ptr38
                0x10008990        0x4 CMakeFiles/ExternalLED.dir/C_/RaspberryPiPico/pico-sdk/src/rp2_common/pico_standard_link/binary_info.c.obj
 .binary_info.keep.__bi_ptr44
                0x10008994        0x4 CMakeFiles/ExternalLED.dir/C_/RaspberryPiPico/pico-sdk/src/rp2_common/pico_standard_link/binary_info.c.obj
 .binary_info.keep.__bi_ptr50
                0x10008998        0x4 CMakeFiles/ExternalLED.dir/C_/RaspberryPiPico/pico-sdk/src/rp2_common/pico_standard_link/binary_info.c.obj
 .binary_info.keep.__bi_ptr56
                0x1000899c        0x4 CMakeFiles/ExternalLED.dir/C_/RaspberryPiPico/pico-sdk/src/rp2_common/pico_standard_link/binary_info.c.obj
 .binary_info.keep.__bi_ptr75
                0x100089a0        0x4 CMakeFiles/ExternalLED.dir/C_/RaspberryPiPico/pico-sdk/src/rp2_common/pico_standard_link/binary_info.c.obj
 .binary_info.keep.__bi_ptr81
                0x100089a4        0x4 CMakeFiles/ExternalLED.dir/C_/RaspberryPiPico/pico-sdk/src/rp2_common/pico_standard_link/binary_info.c.obj
 *(.binary_info.*)
 .binary_info.__bi_ptr33
                0x100089a8        0x4 CMakeFiles/ExternalLED.dir/C_/RaspberryPiPico/pico-sdk/src/rp2_common/pico_stdio_uart/stdio_uart.c.obj
 .binary_info.__bi_ptr34
                0x100089ac        0x4 CMakeFiles/ExternalLED.dir/C_/RaspberryPiPico/pico-sdk/src/rp2_common/pico_stdio_uart/stdio_uart.c.obj
 .binary_info.__bi_ptr182
                0x100089b0        0x4 CMakeFiles/ExternalLED.dir/C_/RaspberryPiPico/pico-sdk/src/rp2_common/pico_stdio_usb/stdio_usb.c.obj
                0x100089b4                __binary_info_end = .

.rel.dyn        0x100089b4        0x0
 .rel.iplt      0x100089b4        0x0 c:/raspberrypipico/gcc-arm-none-eabi/bin/../lib/gcc/arm-none-eabi/10.3.1/thumb/v6-m/nofp/crtbegin.o
                0x100089b4                . = ALIGN (0x4)

.ram_vector_table
                0x20000000       0xc0
 *(.ram_vector_table)
 .ram_vector_table
                0x20000000       0xc0 CMakeFiles/ExternalLED.dir/C_/RaspberryPiPico/pico-sdk/src/rp2_common/pico_runtime/runtime.c.obj
                0x20000000                ram_vector_table

.data           0x200000c0      0xc10 load address 0x100089b4
                0x200000c0                __data_start__ = .
 *(vtable)
 *(.time_critical*)
 .time_critical.mutex_try_enter
                0x200000c0       0x46 CMakeFiles/ExternalLED.dir/C_/RaspberryPiPico/pico-sdk/src/common/pico_sync/mutex.c.obj
                0x200000c0                mutex_try_enter
 *fill*         0x20000106        0x2 
 .time_critical.mutex_enter_block_until
                0x20000108       0x8c CMakeFiles/ExternalLED.dir/C_/RaspberryPiPico/pico-sdk/src/common/pico_sync/mutex.c.obj
                0x20000108                mutex_enter_block_until
 .time_critical.mutex_try_enter_block_until
                0x20000194       0x34 CMakeFiles/ExternalLED.dir/C_/RaspberryPiPico/pico-sdk/src/common/pico_sync/mutex.c.obj
                0x20000194                mutex_try_enter_block_until
 .time_critical.mutex_enter_timeout_ms
                0x200001c8       0x68 CMakeFiles/ExternalLED.dir/C_/RaspberryPiPico/pico-sdk/src/common/pico_sync/mutex.c.obj
                0x200001c8                mutex_enter_timeout_ms
 .time_critical.mutex_exit
                0x20000230       0x4c CMakeFiles/ExternalLED.dir/C_/RaspberryPiPico/pico-sdk/src/common/pico_sync/mutex.c.obj
                0x20000230                mutex_exit
 .time_critical.flash_init_boot2_copyout
                0x2000027c       0x30 CMakeFiles/ExternalLED.dir/C_/RaspberryPiPico/pico-sdk/src/rp2_common/hardware_flash/flash.c.obj
 .time_critical.flash_enable_xip_via_boot2
                0x200002ac       0x10 CMakeFiles/ExternalLED.dir/C_/RaspberryPiPico/pico-sdk/src/rp2_common/hardware_flash/flash.c.obj
 .time_critical.flash_cs_force
                0x200002bc       0x28 CMakeFiles/ExternalLED.dir/C_/RaspberryPiPico/pico-sdk/src/rp2_common/hardware_flash/flash.c.obj
 .time_critical.flash_do_cmd
                0x200002e4       0xd8 CMakeFiles/ExternalLED.dir/C_/RaspberryPiPico/pico-sdk/src/rp2_common/hardware_flash/flash.c.obj
                0x200002e4                flash_do_cmd
 .time_critical.reset_non_control_endpoints
                0x200003bc       0x40 CMakeFiles/ExternalLED.dir/C_/RaspberryPiPico/pico-sdk/lib/tinyusb/src/portable/raspberrypi/rp2040/dcd_rp2040.c.obj
 .time_critical.hw_handle_buff_status
                0x200003fc       0xa4 CMakeFiles/ExternalLED.dir/C_/RaspberryPiPico/pico-sdk/lib/tinyusb/src/portable/raspberrypi/rp2040/dcd_rp2040.c.obj
 .time_critical.dcd_rp2040_irq
                0x200004a0      0x1cc CMakeFiles/ExternalLED.dir/C_/RaspberryPiPico/pico-sdk/lib/tinyusb/src/portable/raspberrypi/rp2040/dcd_rp2040.c.obj
 .time_critical.e15_is_bulkin_ep
                0x2000066c       0x2c CMakeFiles/ExternalLED.dir/C_/RaspberryPiPico/pico-sdk/lib/tinyusb/src/portable/raspberrypi/rp2040/rp2040_usb.c.obj
 .time_critical.e15_is_critical_frame_period
                0x20000698       0x30 CMakeFiles/ExternalLED.dir/C_/RaspberryPiPico/pico-sdk/lib/tinyusb/src/portable/raspberrypi/rp2040/rp2040_usb.c.obj
 .time_critical.prepare_ep_buffer
                0x200006c8       0x70 CMakeFiles/ExternalLED.dir/C_/RaspberryPiPico/pico-sdk/lib/tinyusb/src/portable/raspberrypi/rp2040/rp2040_usb.c.obj
 .time_critical.sync_ep_buffer
                0x20000738       0x80 CMakeFiles/ExternalLED.dir/C_/RaspberryPiPico/pico-sdk/lib/tinyusb/src/portable/raspberrypi/rp2040/rp2040_usb.c.obj
 .time_critical._hw_endpoint_xfer_sync
                0x200007b8       0x28 CMakeFiles/ExternalLED.dir/C_/RaspberryPiPico/pico-sdk/lib/tinyusb/src/portable/raspberrypi/rp2040/rp2040_usb.c.obj
 .time_critical.hw_endpoint_reset_transfer
                0x200007e0        0xc CMakeFiles/ExternalLED.dir/C_/RaspberryPiPico/pico-sdk/lib/tinyusb/src/portable/raspberrypi/rp2040/rp2040_usb.c.obj
                0x200007e0                hw_endpoint_reset_transfer
 .time_critical._hw_endpoint_buffer_control_update32
                0x200007ec       0x58 CMakeFiles/ExternalLED.dir/C_/RaspberryPiPico/pico-sdk/lib/tinyusb/src/portable/raspberrypi/rp2040/rp2040_usb.c.obj
                0x200007ec                _hw_endpoint_buffer_control_update32
 .time_critical.hw_endpoint_start_next_buffer
                0x20000844       0x88 CMakeFiles/ExternalLED.dir/C_/RaspberryPiPico/pico-sdk/lib/tinyusb/src/portable/raspberrypi/rp2040/rp2040_usb.c.obj
                0x20000844                hw_endpoint_start_next_buffer
 .time_critical.hw_endpoint_xfer_continue
                0x200008cc       0x50 CMakeFiles/ExternalLED.dir/C_/RaspberryPiPico/pico-sdk/lib/tinyusb/src/portable/raspberrypi/rp2040/rp2040_usb.c.obj
                0x200008cc                hw_endpoint_xfer_continue
 .time_critical.tinyusb
                0x2000091c      0x200 CMakeFiles/ExternalLED.dir/C_/RaspberryPiPico/pico-sdk/lib/tinyusb/src/device/usbd.c.obj
                0x2000091c                dcd_event_handler
 *(.text*)
 .text          0x20000b1c        0x4 c:/raspberrypipico/gcc-arm-none-eabi/bin/../lib/gcc/arm-none-eabi/10.3.1/thumb/v6-m/nofp\libgcc.a(_dvmd_tls.o)
                0x20000b1c                __aeabi_idiv0
                0x20000b1c                __aeabi_ldiv0
 .text.__stub   0x20000b20       0x90 linker stubs
                0x20000bb0                . = ALIGN (0x4)
 *(.rodata*)
                0x20000bb0                . = ALIGN (0x4)
 *(.data*)
 .data.striped_spin_lock_num
                0x20000bb0        0x1 CMakeFiles/ExternalLED.dir/C_/RaspberryPiPico/pico-sdk/src/rp2_common/hardware_sync/sync.c.obj
 *fill*         0x20000bb1        0x3 
 .data          0x20000bb4       0x48 CMakeFiles/ExternalLED.dir/C_/RaspberryPiPico/pico-sdk/src/rp2_common/hardware_irq/irq_handler_chain.S.obj
                0x20000bb4                irq_handler_chain_slots
                0x20000be4                irq_handler_chain_first_slot
                0x20000bee                irq_handler_chain_remove_tail
 .data.default_alarm_pool
                0x20000bfc       0x18 CMakeFiles/ExternalLED.dir/C_/RaspberryPiPico/pico-sdk/src/common/pico_time/time.c.obj
 .data.default_alarm_pool_heap
                0x20000c14       0x10 CMakeFiles/ExternalLED.dir/C_/RaspberryPiPico/pico-sdk/src/common/pico_time/time.c.obj
 *fill*         0x20000c24        0xc 
 .data.aeabi_bits_funcs
                0x20000c30       0x10 CMakeFiles/ExternalLED.dir/C_/RaspberryPiPico/pico-sdk/src/rp2_common/pico_bit_ops/bit_ops_aeabi.S.obj
                0x20000c30                aeabi_bits_funcs
                0x20000c40                aeabi_bits_funcs_end
 .data.aeabi_mem_funcs
                0x20000c40       0x10 CMakeFiles/ExternalLED.dir/C_/RaspberryPiPico/pico-sdk/src/rp2_common/pico_mem_ops/mem_ops_aeabi.S.obj
                0x20000c40                aeabi_mem_funcs
                0x20000c50                aeabi_mem_funcs_end
 .data.stdio_uart
                0x20000c50       0x18 CMakeFiles/ExternalLED.dir/C_/RaspberryPiPico/pico-sdk/src/rp2_common/pico_stdio_uart/stdio_uart.c.obj
                0x20000c50                stdio_uart
 .data.stdio_usb
                0x20000c68       0x18 CMakeFiles/ExternalLED.dir/C_/RaspberryPiPico/pico-sdk/src/rp2_common/pico_stdio_usb/stdio_usb.c.obj
                0x20000c68                stdio_usb
 .data.ep_dir_string
                0x20000c80        0x8 CMakeFiles/ExternalLED.dir/C_/RaspberryPiPico/pico-sdk/lib/tinyusb/src/portable/raspberrypi/rp2040/rp2040_usb.c.obj
                0x20000c80                ep_dir_string
 .data._usbd_qdef
                0x20000c88       0x1c CMakeFiles/ExternalLED.dir/C_/RaspberryPiPico/pico-sdk/lib/tinyusb/src/device/usbd.c.obj
                0x20000c88                _usbd_qdef
 .data._usbd_rhport
                0x20000ca4        0x1 CMakeFiles/ExternalLED.dir/C_/RaspberryPiPico/pico-sdk/lib/tinyusb/src/device/usbd.c.obj
                0x20000ca8                . = ALIGN (0x4)
 *fill*         0x20000ca5        0x3 
 *(.after_data.*)
                0x20000ca8                . = ALIGN (0x4)
                0x20000ca8                PROVIDE (__mutex_array_start = .)
 *(SORT_BY_NAME(.mutex_array.*))
 *(.mutex_array)
 .mutex_array   0x20000ca8        0x8 CMakeFiles/ExternalLED.dir/C_/RaspberryPiPico/pico-sdk/src/rp2_common/pico_malloc/pico_malloc.c.obj
 .mutex_array   0x20000cb0        0x8 CMakeFiles/ExternalLED.dir/C_/RaspberryPiPico/pico-sdk/src/rp2_common/pico_stdio/stdio.c.obj
                0x20000cb8                PROVIDE (__mutex_array_end = .)
                0x20000cb8                . = ALIGN (0x4)
                0x20000cb8                PROVIDE (__preinit_array_start = .)
 *(SORT_BY_NAME(.preinit_array.*))
 .preinit_array.00001
                0x20000cb8        0x4 CMakeFiles/ExternalLED.dir/C_/RaspberryPiPico/pico-sdk/src/rp2_common/pico_mem_ops/mem_ops_aeabi.S.obj
 .preinit_array.00010
                0x20000cbc        0x4 CMakeFiles/ExternalLED.dir/C_/RaspberryPiPico/pico-sdk/src/rp2_common/pico_bit_ops/bit_ops_aeabi.S.obj
 .preinit_array.00020
                0x20000cc0        0x4 CMakeFiles/ExternalLED.dir/C_/RaspberryPiPico/pico-sdk/src/rp2_common/pico_double/double_aeabi.S.obj
 .preinit_array.00020
                0x20000cc4        0x4 CMakeFiles/ExternalLED.dir/C_/RaspberryPiPico/pico-sdk/src/rp2_common/pico_float/float_aeabi.S.obj
 *(.preinit_array)