Archive member included to satisfy reference by file (symbol)

c:/raspberrypipico/gcc-arm-none-eabi/bin/../lib/gcc/arm-none-eabi/10.3.1/thumb/v6-m/nofp\libgcc.a(_dvmd_tls.o)
                              CMakeFiles/Cloud_Data_Upload.dir/C_/RaspberryPiPico/pico-sdk/src/rp2_common/pico_divider/divider.S.obj (__aeabi_idiv0)
c:/raspberrypipico/gcc-arm-none-eabi/bin/../lib/gcc/arm-none-eabi/10.3.1/../../../../arm-none-eabi/lib/thumb/v6-m/nofp\libg.a(lib_a-calloc.o)
                              CMakeFiles/Cloud_Data_Upload.dir/C_/RaspberryPiPico/pico-sdk/src/rp2_common/pico_malloc/pico_malloc.c.obj (calloc)
c:/raspberrypipico/gcc-arm-none-eabi/bin/../lib/gcc/arm-none-eabi/10.3.1/../../../../arm-none-eabi/lib/thumb/v6-m/nofp\libg.a(lib_a-callocr.o)
                              c:/raspberrypipico/gcc-arm-none-eabi/bin/../lib/gcc/arm-none-eabi/10.3.1/../../../../arm-none-eabi/lib/thumb/v6-m/nofp\libg.a(lib_a-calloc.o) (_calloc_r)
c:/raspberrypipico/gcc-arm-none-eabi/bin/../lib/gcc/arm-none-eabi/10.3.1/../../../../arm-none-eabi/lib/thumb/v6-m/nofp\libg.a(lib_a-errno.o)
                              c:/raspberrypipico/gcc-arm-none-eabi/bin/../lib/gcc/arm-none-eabi/10.3.1/../../../../arm-none-eabi/lib/thumb/v6-m/nofp\libg.a(lib_a-callocr.o) (__errno)
c:/raspberrypipico/gcc-arm-none-eabi/bin/../lib/gcc/arm-none-eabi/10.3.1/../../../../arm-none-eabi/lib/thumb/v6-m/nofp\libg.a(lib_a-impure.o)
                              c:/raspberrypipico/gcc-arm-none-eabi/bin/../lib/gcc/arm-none-eabi/10.3.1/../../../../arm-none-eabi/lib/thumb/v6-m/nofp\libg.a(lib_a-calloc.o) (_impure_ptr)
c:/raspberrypipico/gcc-arm-none-eabi/bin/../lib/gcc/arm-none-eabi/10.3.1/../../../../arm-none-eabi/lib/thumb/v6-m/nofp\libg.a(lib_a-init.o)
                              c:/raspberrypipico/gcc-arm-none-eabi/bin/../lib/gcc/arm-none-eabi/10.3.1/../../../../arm-none-eabi/lib/thumb/v6-m/nofp/crt0.o (__libc_init_array)
c:/raspberrypipico/gcc-arm-none-eabi/bin/../lib/gcc/arm-none-eabi/10.3.1/../../../../arm-none-eabi/lib/thumb/v6-m/nofp\libg.a(lib_a-malloc.o)
                              CMakeFiles/Cloud_Data_Upload.dir/C_/RaspberryPiPico/pico-sdk/src/rp2_common/pico_malloc/pico_malloc.c.obj (malloc)
c:/raspberrypipico/gcc-arm-none-eabi/bin/../lib/gcc/arm-none-eabi/10.3.1/../../../../arm-none-eabi/lib/thumb/v6-m/nofp\libg.a(lib_a-mallocr.o)
                              c:/raspberrypipico/gcc-arm-none-eabi/bin/../lib/gcc/arm-none-eabi/10.3.1/../../../../arm-none-eabi/lib/thumb/v6-m/nofp\libg.a(lib_a-callocr.o) (_malloc_r)
c:/raspberrypipico/gcc-arm-none-eabi/bin/../lib/gcc/arm-none-eabi/10.3.1/../../../../arm-none-eabi/lib/thumb/v6-m/nofp\libg.a(lib_a-mlock.o)
                              c:/raspberrypipico/gcc-arm-none-eabi/bin/../lib/gcc/arm-none-eabi/10.3.1/../../../../arm-none-eabi/lib/thumb/v6-m/nofp\libg.a(lib_a-mallocr.o) (__malloc_lock)
c:/raspberrypipico/gcc-arm-none-eabi/bin/../lib/gcc/arm-none-eabi/10.3.1/../../../../arm-none-eabi/lib/thumb/v6-m/nofp\libg.a(lib_a-realloc.o)
                              CMakeFiles/Cloud_Data_Upload.dir/C_/RaspberryPiPico/pico-sdk/src/rp2_common/pico_malloc/pico_malloc.c.obj (realloc)
c:/raspberrypipico/gcc-arm-none-eabi/bin/../lib/gcc/arm-none-eabi/10.3.1/../../../../arm-none-eabi/lib/thumb/v6-m/nofp\libg.a(lib_a-reallocr.o)
                              c:/raspberrypipico/gcc-arm-none-eabi/bin/../lib/gcc/arm-none-eabi/10.3.1/../../../../arm-none-eabi/lib/thumb/v6-m/nofp\libg.a(lib_a-realloc.o) (_realloc_r)
c:/raspberrypipico/gcc-arm-none-eabi/bin/../lib/gcc/arm-none-eabi/10.3.1/../../../../arm-none-eabi/lib/thumb/v6-m/nofp\libg.a(lib_a-sbrkr.o)
                              c:/raspberrypipico/gcc-arm-none-eabi/bin/../lib/gcc/arm-none-eabi/10.3.1/../../../../arm-none-eabi/lib/thumb/v6-m/nofp\libg.a(lib_a-mallocr.o) (_sbrk_r)
c:/raspberrypipico/gcc-arm-none-eabi/bin/../lib/gcc/arm-none-eabi/10.3.1/../../../../arm-none-eabi/lib/thumb/v6-m/nofp\libg.a(lib_a-strlen-stub.o)
                              CMakeFiles/Cloud_Data_Upload.dir/C_/RaspberryPiPico/pico-sdk/src/rp2_common/pico_stdio/stdio.c.obj (strlen)
c:/raspberrypipico/gcc-arm-none-eabi/bin/../lib/gcc/arm-none-eabi/10.3.1/../../../../arm-none-eabi/lib/thumb/v6-m/nofp\libg.a(lib_a-freer.o)
                              c:/raspberrypipico/gcc-arm-none-eabi/bin/../lib/gcc/arm-none-eabi/10.3.1/../../../../arm-none-eabi/lib/thumb/v6-m/nofp\libg.a(lib_a-malloc.o) (_free_r)
c:/raspberrypipico/gcc-arm-none-eabi/bin/../lib/gcc/arm-none-eabi/10.3.1/../../../../arm-none-eabi/lib/thumb/v6-m/nofp\libg.a(lib_a-lock.o)
                              c:/raspberrypipico/gcc-arm-none-eabi/bin/../lib/gcc/arm-none-eabi/10.3.1/../../../../arm-none-eabi/lib/thumb/v6-m/nofp\libg.a(lib_a-mlock.o) (__retarget_lock_acquire_recursive)
c:/raspberrypipico/gcc-arm-none-eabi/bin/../lib/gcc/arm-none-eabi/10.3.1/../../../../arm-none-eabi/lib/thumb/v6-m/nofp\libg.a(lib_a-memmove.o)
[...]
Memory Configuration

Name             Origin             Length             Attributes
FLASH            0x10000000         0x00200000         xr
RAM              0x20000000         0x00040000         xrw
SCRATCH_X        0x20040000         0x00001000         xrw
SCRATCH_Y        0x20041000         0x00001000         xrw
*default*        0x00000000         0xffffffff

Linker script and memory map

LOAD c:/raspberrypipico/gcc-arm-none-eabi/bin/../lib/gcc/arm-none-eabi/10.3.1/thumb/v6-m/nofp/crti.o
LOAD c:/raspberrypipico/gcc-arm-none-eabi/bin/../lib/gcc/arm-none-eabi/10.3.1/thumb/v6-m/nofp/crtbegin.o
LOAD c:/raspberrypipico/gcc-arm-none-eabi/bin/../lib/gcc/arm-none-eabi/10.3.1/../../../../arm-none-eabi/lib/thumb/v6-m/nofp/crt0.o

.flash_begin    0x10000000        0x0
                0x10000000                __flash_binary_start = .

.boot2          0x10000000      0x100
                0x10000000                __boot2_start__ = .
 *(.boot2)
 .boot2         0x10000000      0x100 C:\Users\SYS09\AppData\Local\Temp\ccKxrokl.o
                0x10000100                __boot2_end__ = .
                0x00000001                ASSERT (((__boot2_end__ - __boot2_start__) == 0x100), ERROR: Pico second stage bootloader must be 256 bytes in size)

.text           0x10000100     0x72f8
                0x10000100                __logical_binary_start = .
 *(.vectors)
 .vectors       0x10000100       0xd4 CMakeFiles/Cloud_Data_Upload.dir/C_/RaspberryPiPico/pico-sdk/src/rp2_common/pico_standard_link/crt0.S.obj
                0x10000100                __VECTOR_TABLE
                0x10000100                __vectors
                0x100001c0                isr_invalid
                0x100001c0                __default_isrs_start
                0x100001c2                isr_nmi
                0x100001c4                isr_hardfault
                0x100001c6                isr_svcall
                0x100001c8                isr_pendsv
                0x100001ca                isr_systick
                0x100001cc                isr_irq23
                0x100001cc                isr_irq18
                0x100001cc                isr_irq11
                0x100001cc                isr_irq28
                0x100001cc                isr_irq19
                0x100001cc                isr_irq0
                0x100001cc                isr_irq6
                0x100001cc                isr_irq5
                0x100001cc                isr_irq12
                0x100001cc                isr_irq22
                0x100001cc                isr_irq31
                0x100001cc                isr_irq17
                0x100001cc                isr_irq27
                0x100001cc                isr_irq30
                0x100001cc                isr_irq2
                0x100001cc                isr_irq10
                0x100001cc                isr_irq8
                0x100001cc                isr_irq24
                0x100001cc                isr_irq1
                0x100001cc                isr_irq7
                0x100001cc                isr_irq21
                0x100001cc                isr_irq20
                0x100001cc                isr_irq15
                0x100001cc                isr_irq25
                0x100001cc                isr_irq13
                0x100001cc                __unhandled_user_irq
                0x100001cc                isr_irq4
                0x100001cc                isr_irq16
                0x100001cc                isr_irq29
                0x100001cc                isr_irq26
                0x100001cc                __default_isrs_end
                0x100001cc                isr_irq3
                0x100001cc                isr_irq14
                0x100001cc                isr_irq9
                0x100001d2                unhandled_user_irq_num_in_r0
 *(.binary_info_header)
 .binary_info_header
                0x100001d4       0x14 CMakeFiles/Cloud_Data_Upload.dir/C_/RaspberryPiPico/pico-sdk/src/rp2_common/pico_standard_link/crt0.S.obj
                0x100001e8                __binary_info_header_end = .
 *(.reset)
 .reset         0x100001e8       0xa0 CMakeFiles/Cloud_Data_Upload.dir/C_/RaspberryPiPico/pico-sdk/src/rp2_common/pico_standard_link/crt0.S.obj
                0x100001e8                _entry_point
 .reset         0x10000288       0x30 CMakeFiles/Cloud_Data_Upload.dir/C_/RaspberryPiPico/pico-sdk/src/rp2_common/pico_standard_link/binary_info.c.obj
 *(.init)
 .init          0x100002b8        0x4 c:/raspberrypipico/gcc-arm-none-eabi/bin/../lib/gcc/arm-none-eabi/10.3.1/thumb/v6-m/nofp/crti.o
                0x100002b8                _init
 *(EXCLUDE_FILE(*libm.a: *libc.a:*lib_a-mem*.o *libgcc.a:) .text*)
 .text          0x100002bc       0x48 c:/raspberrypipico/gcc-arm-none-eabi/bin/../lib/gcc/arm-none-eabi/10.3.1/thumb/v6-m/nofp/crtbegin.o
 .text.main     0x10000304      0x158 CMakeFiles/Cloud_Data_Upload.dir/Cloud_Data_Upload.c.obj
                0x10000304                main
 .text.gpio_set_function
                0x1000045c       0x30 CMakeFiles/Cloud_Data_Upload.dir/C_/RaspberryPiPico/pico-sdk/src/rp2_common/hardware_gpio/gpio.c.obj
                0x1000045c                gpio_set_function
 .text.running_on_fpga
                0x1000048c       0x14 CMakeFiles/Cloud_Data_Upload.dir/C_/RaspberryPiPico/pico-sdk/src/rp2_common/pico_platform/platform.c.obj
                0x1000048c                running_on_fpga
 .text.hw_claim_lock
                0x100004a0       0x18 CMakeFiles/Cloud_Data_Upload.dir/C_/RaspberryPiPico/pico-sdk/src/rp2_common/hardware_claim/claim.c.obj
                0x100004a0                hw_claim_lock
 .text.hw_claim_unlock
                0x100004b8       0x14 CMakeFiles/Cloud_Data_Upload.dir/C_/RaspberryPiPico/pico-sdk/src/rp2_common/hardware_claim/claim.c.obj
                0x100004b8                hw_claim_unlock
 .text.hw_claim_or_assert
                0x100004cc       0x32 CMakeFiles/Cloud_Data_Upload.dir/C_/RaspberryPiPico/pico-sdk/src/rp2_common/hardware_claim/claim.c.obj
                0x100004cc                hw_claim_or_assert
 .text.hw_claim_unused_from_range
                0x100004fe       0x50 CMakeFiles/Cloud_Data_Upload.dir/C_/RaspberryPiPico/pico-sdk/src/rp2_common/hardware_claim/claim.c.obj
                0x100004fe                hw_claim_unused_from_range
 *fill*         0x1000054e        0x2 
 .text.spin_locks_reset
                0x10000550       0x20 CMakeFiles/Cloud_Data_Upload.dir/C_/RaspberryPiPico/pico-sdk/src/rp2_common/hardware_sync/sync.c.obj
                0x10000550                spin_locks_reset
 .text.next_striped_spin_lock_num
                0x10000570       0x1c CMakeFiles/Cloud_Data_Upload.dir/C_/RaspberryPiPico/pico-sdk/src/rp2_common/hardware_sync/sync.c.obj
                0x10000570                next_striped_spin_lock_num
 .text.spin_lock_claim_unused
                0x1000058c       0x20 CMakeFiles/Cloud_Data_Upload.dir/C_/RaspberryPiPico/pico-sdk/src/rp2_common/hardware_sync/sync.c.obj
                0x1000058c                spin_lock_claim_unused
 .text.set_raw_irq_handler_and_unlock
                0x100005ac       0x28 CMakeFiles/Cloud_Data_Upload.dir/C_/RaspberryPiPico/pico-sdk/src/rp2_common/hardware_irq/irq.c.obj
 .text.make_branch
                0x100005d4       0x48 CMakeFiles/Cloud_Data_Upload.dir/C_/RaspberryPiPico/pico-sdk/src/rp2_common/hardware_irq/irq.c.obj
 .text.insert_branch_and_link
                0x1000061c       0x40 CMakeFiles/Cloud_Data_Upload.dir/C_/RaspberryPiPico/pico-sdk/src/rp2_common/hardware_irq/irq.c.obj
 .text.irq_is_enabled
                0x1000065c       0x18 CMakeFiles/Cloud_Data_Upload.dir/C_/RaspberryPiPico/pico-sdk/src/rp2_common/hardware_irq/irq.c.obj
                0x1000065c                irq_is_enabled
 .text.irq_set_mask_enabled
                0x10000674       0x20 CMakeFiles/Cloud_Data_Upload.dir/C_/RaspberryPiPico/pico-sdk/src/rp2_common/hardware_irq/irq.c.obj
                0x10000674                irq_set_mask_enabled
 .text.irq_set_enabled
                0x10000694        0xe CMakeFiles/Cloud_Data_Upload.dir/C_/RaspberryPiPico/pico-sdk/src/rp2_common/hardware_irq/irq.c.obj
                0x10000694                irq_set_enabled
 *fill*         0x100006a2        0x2 
 .text.irq_set_pending
                0x100006a4       0x10 CMakeFiles/Cloud_Data_Upload.dir/C_/RaspberryPiPico/pico-sdk/src/rp2_common/hardware_irq/irq.c.obj
                0x100006a4                irq_set_pending
 .text.irq_get_vtable_handler
                0x100006b4       0x10 CMakeFiles/Cloud_Data_Upload.dir/C_/RaspberryPiPico/pico-sdk/src/rp2_common/hardware_irq/irq.c.obj
                0x100006b4                irq_get_vtable_handler
 .text.irq_has_shared_handler
                0x100006c4       0x24 CMakeFiles/Cloud_Data_Upload.dir/C_/RaspberryPiPico/pico-sdk/src/rp2_common/hardware_irq/irq.c.obj
                0x100006c4                irq_has_shared_handler
 .text.irq_set_exclusive_handler
                0x100006e8       0x54 CMakeFiles/Cloud_Data_Upload.dir/C_/RaspberryPiPico/pico-sdk/src/rp2_common/hardware_irq/irq.c.obj
                0x100006e8                irq_set_exclusive_handler
 .text.irq_add_shared_handler
                0x1000073c      0x234 CMakeFiles/Cloud_Data_Upload.dir/C_/RaspberryPiPico/pico-sdk/src/rp2_common/hardware_irq/irq.c.obj
                0x1000073c                irq_add_shared_handler
 .text.irq_remove_handler
                0x10000970      0x1ac CMakeFiles/Cloud_Data_Upload.dir/C_/RaspberryPiPico/pico-sdk/src/rp2_common/hardware_irq/irq.c.obj
                0x10000970                irq_remove_handler
 .text.irq_add_tail_to_free_list
                0x10000b1c       0xf0 CMakeFiles/Cloud_Data_Upload.dir/C_/RaspberryPiPico/pico-sdk/src/rp2_common/hardware_irq/irq.c.obj
                0x10000b1c                irq_add_tail_to_free_list
 .text.irq_init_priorities
                0x10000c0c       0x1c CMakeFiles/Cloud_Data_Upload.dir/C_/RaspberryPiPico/pico-sdk/src/rp2_common/hardware_irq/irq.c.obj
                0x10000c0c                irq_init_priorities
 .text.user_irq_claim_unused
                0x10000c28       0x28 CMakeFiles/Cloud_Data_Upload.dir/C_/RaspberryPiPico/pico-sdk/src/rp2_common/hardware_irq/irq.c.obj
                0x10000c28                user_irq_claim_unused
 .text.lock_init
                0x10000c50       0x10 CMakeFiles/Cloud_Data_Upload.dir/C_/RaspberryPiPico/pico-sdk/src/common/pico_sync/lock_core.c.obj
                0x10000c50                lock_init
 .text.mutex_init
                0x10000c60       0x1a CMakeFiles/Cloud_Data_Upload.dir/C_/RaspberryPiPico/pico-sdk/src/common/pico_sync/mutex.c.obj
                0x10000c60                mutex_init
 .text.recursive_mutex_init
                0x10000c7a       0x1e CMakeFiles/Cloud_Data_Upload.dir/C_/RaspberryPiPico/pico-sdk/src/common/pico_sync/mutex.c.obj
                0x10000c7a                recursive_mutex_init
 .text.critical_section_init_with_lock_num
                0x10000c98       0x14 CMakeFiles/Cloud_Data_Upload.dir/C_/RaspberryPiPico/pico-sdk/src/common/pico_sync/critical_section.c.obj
                0x10000c98                critical_section_init_with_lock_num
 .text.critical_section_init
                0x10000cac       0x14 CMakeFiles/Cloud_Data_Upload.dir/C_/RaspberryPiPico/pico-sdk/src/common/pico_sync/critical_section.c.obj
                0x10000cac                critical_section_init
 .text.alarm_pool_post_alloc_init
                0x10000cc0       0x40 CMakeFiles/Cloud_Data_Upload.dir/C_/RaspberryPiPico/pico-sdk/src/common/pico_time/time.c.obj
 .text.sleep_until_callback
                0x10000d00       0x30 CMakeFiles/Cloud_Data_Upload.dir/C_/RaspberryPiPico/pico-sdk/src/common/pico_time/time.c.obj
 .text.timer_pool_entry_comparator
                0x10000d30       0x7c CMakeFiles/Cloud_Data_Upload.dir/C_/RaspberryPiPico/pico-sdk/src/common/pico_time/time.c.obj
                0x10000d30                timer_pool_entry_comparator
 .text.ph_add_child_node
                0x10000dac       0xa4 CMakeFiles/Cloud_Data_Upload.dir/C_/RaspberryPiPico/pico-sdk/src/common/pico_time/time.c.obj
 .text.ph_merge_nodes
                0x10000e50       0x3e CMakeFiles/Cloud_Data_Upload.dir/C_/RaspberryPiPico/pico-sdk/src/common/pico_time/time.c.obj
 *fill*         0x10000e8e        0x2 
 .text.add_alarm_under_lock
                0x10000e90      0x174 CMakeFiles/Cloud_Data_Upload.dir/C_/RaspberryPiPico/pico-sdk/src/common/pico_time/time.c.obj
 .text.alarm_pool_alarm_callback
                0x10001004      0x33c CMakeFiles/Cloud_Data_Upload.dir/C_/RaspberryPiPico/pico-sdk/src/common/pico_time/time.c.obj
 .text.alarm_pool_init_default
                0x10001340       0x40 CMakeFiles/Cloud_Data_Upload.dir/C_/RaspberryPiPico/pico-sdk/src/common/pico_time/time.c.obj
                0x10001340                alarm_pool_init_default
 .text.alarm_pool_get_default
                0x10001380       0x2c CMakeFiles/Cloud_Data_Upload.dir/C_/RaspberryPiPico/pico-sdk/src/common/pico_time/time.c.obj
                0x10001380                alarm_pool_get_default
 .text.alarm_pool_add_alarm_at
                0x100013ac      0x168 CMakeFiles/Cloud_Data_Upload.dir/C_/RaspberryPiPico/pico-sdk/src/common/pico_time/time.c.obj
                0x100013ac                alarm_pool_add_alarm_at
 .text.alarm_pool_cancel_alarm
                0x10001514       0xf8 CMakeFiles/Cloud_Data_Upload.dir/C_/RaspberryPiPico/pico-sdk/src/common/pico_time/time.c.obj
                0x10001514                alarm_pool_cancel_alarm
 .text.alarm_pool_core_num
                0x1000160c        0x4 CMakeFiles/Cloud_Data_Upload.dir/C_/RaspberryPiPico/pico-sdk/src/common/pico_time/time.c.obj
                0x1000160c                alarm_pool_core_num
 .text.sleep_until
                0x10001610       0xfc CMakeFiles/Cloud_Data_Upload.dir/C_/RaspberryPiPico/pico-sdk/src/common/pico_time/time.c.obj
                0x10001610                sleep_until
 .text.sleep_us
                0x1000170c       0x58 CMakeFiles/Cloud_Data_Upload.dir/C_/RaspberryPiPico/pico-sdk/src/common/pico_time/time.c.obj
                0x1000170c                sleep_us
 .text.sleep_ms
                0x10001764       0x14 CMakeFiles/Cloud_Data_Upload.dir/C_/RaspberryPiPico/pico-sdk/src/common/pico_time/time.c.obj
                0x10001764                sleep_ms
 .text.best_effort_wfe_or_timeout
                0x10001778       0xac CMakeFiles/Cloud_Data_Upload.dir/C_/RaspberryPiPico/pico-sdk/src/common/pico_time/time.c.obj
                0x10001778                best_effort_wfe_or_timeout
 .text.hardware_alarm_irq_handler
                0x10001824       0x90 CMakeFiles/Cloud_Data_Upload.dir/C_/RaspberryPiPico/pico-sdk/src/rp2_common/hardware_timer/timer.c.obj
 .text.hardware_alarm_claim
                0x100018b4       0x18 CMakeFiles/Cloud_Data_Upload.dir/C_/RaspberryPiPico/pico-sdk/src/rp2_common/hardware_timer/timer.c.obj
                0x100018b4                hardware_alarm_claim
 .text.time_us_64
                0x100018cc       0x18 CMakeFiles/Cloud_Data_Upload.dir/C_/RaspberryPiPico/pico-sdk/src/rp2_common/hardware_timer/timer.c.obj
                0x100018cc                time_us_64
 .text.busy_wait_until
                0x100018e4       0x28 CMakeFiles/Cloud_Data_Upload.dir/C_/RaspberryPiPico/pico-sdk/src/rp2_common/hardware_timer/timer.c.obj
                0x100018e4                busy_wait_until
 .text.busy_wait_us
                0x1000190c       0x48 CMakeFiles/Cloud_Data_Upload.dir/C_/RaspberryPiPico/pico-sdk/src/rp2_common/hardware_timer/timer.c.obj
                0x1000190c                busy_wait_us
 .text.hardware_alarm_set_callback
                0x10001954       0x90 CMakeFiles/Cloud_Data_Upload.dir/C_/RaspberryPiPico/pico-sdk/src/rp2_common/hardware_timer/timer.c.obj
                0x10001954                hardware_alarm_set_callback
 .text.hardware_alarm_set_target
                0x100019e4       0xe8 CMakeFiles/Cloud_Data_Upload.dir/C_/RaspberryPiPico/pico-sdk/src/rp2_common/hardware_timer/timer.c.obj
                0x100019e4                hardware_alarm_set_target
 .text.hardware_alarm_cancel
                0x10001acc       0x40 CMakeFiles/Cloud_Data_Upload.dir/C_/RaspberryPiPico/pico-sdk/src/rp2_common/hardware_timer/timer.c.obj
                0x10001acc                hardware_alarm_cancel
 .text.ph_add_child_node
                0x10001b0c       0xa4 CMakeFiles/Cloud_Data_Upload.dir/C_/RaspberryPiPico/pico-sdk/src/common/pico_util/pheap.c.obj
 .text.ph_merge_nodes
                0x10001bb0       0x3e CMakeFiles/Cloud_Data_Upload.dir/C_/RaspberryPiPico/pico-sdk/src/common/pico_util/pheap.c.obj
 *fill*         0x10001bee        0x2 
 .text.ph_clear
                0x10001bf0       0x70 CMakeFiles/Cloud_Data_Upload.dir/C_/RaspberryPiPico/pico-sdk/src/common/pico_util/pheap.c.obj
                0x10001bf0                ph_clear
 .text.ph_post_alloc_init
                0x10001c60        0xe CMakeFiles/Cloud_Data_Upload.dir/C_/RaspberryPiPico/pico-sdk/src/common/pico_util/pheap.c.obj
                0x10001c60                ph_post_alloc_init
 *fill*         0x10001c6e        0x2 
 .text.ph_merge_two_pass
                0x10001c70       0xa8 CMakeFiles/Cloud_Data_Upload.dir/C_/RaspberryPiPico/pico-sdk/src/common/pico_util/pheap.c.obj
                0x10001c70                ph_merge_two_pass
 .text.ph_remove_any_head
                0x10001d18      0x128 CMakeFiles/Cloud_Data_Upload.dir/C_/RaspberryPiPico/pico-sdk/src/common/pico_util/pheap.c.obj
 .text.ph_remove_head
                0x10001e40       0x14 CMakeFiles/Cloud_Data_Upload.dir/C_/RaspberryPiPico/pico-sdk/src/common/pico_util/pheap.c.obj
                0x10001e40                ph_remove_head
 .text.ph_remove_and_free_node
                0x10001e54       0xf8 CMakeFiles/Cloud_Data_Upload.dir/C_/RaspberryPiPico/pico-sdk/src/common/pico_util/pheap.c.obj
                0x10001e54                ph_remove_and_free_node
 .text.uart_disable_before_lcr_write
                0x10001f4c       0x48 CMakeFiles/Cloud_Data_Upload.dir/C_/RaspberryPiPico/pico-sdk/src/rp2_common/hardware_uart/uart.c.obj
 .text.uart_write_lcr_bits_masked
                0x10001f94       0x22 CMakeFiles/Cloud_Data_Upload.dir/C_/RaspberryPiPico/pico-sdk/src/rp2_common/hardware_uart/uart.c.obj
 *fill*         0x10001fb6        0x2 
 .text.uart_set_baudrate
                0x10001fb8       0x5c CMakeFiles/Cloud_Data_Upload.dir/C_/RaspberryPiPico/pico-sdk/src/rp2_common/hardware_uart/uart.c.obj
                0x10001fb8                uart_set_baudrate
 .text.uart_set_format
                0x10002014       0x2c CMakeFiles/Cloud_Data_Upload.dir/C_/RaspberryPiPico/pico-sdk/src/rp2_common/hardware_uart/uart.c.obj
                0x10002014                uart_set_format
 .text.uart_set_translate_crlf
                0x10002040       0x28 CMakeFiles/Cloud_Data_Upload.dir/C_/RaspberryPiPico/pico-sdk/src/rp2_common/hardware_uart/uart.c.obj
                0x10002040                uart_set_translate_crlf
 .text.uart_init
                0x10002068       0x80 CMakeFiles/Cloud_Data_Upload.dir/C_/RaspberryPiPico/pico-sdk/src/rp2_common/hardware_uart/uart.c.obj
                0x10002068                uart_init
 .text.clock_configure
                0x100020e8      0x108 CMakeFiles/Cloud_Data_Upload.dir/C_/RaspberryPiPico/pico-sdk/src/rp2_common/hardware_clocks/clocks.c.obj
                0x100020e8                clock_configure
 .text.clocks_init
                0x100021f0      0x100 CMakeFiles/Cloud_Data_Upload.dir/C_/RaspberryPiPico/pico-sdk/src/rp2_common/hardware_clocks/clocks.c.obj
                0x100021f0                clocks_init
 .text.clock_get_hz
                0x100022f0        0xc CMakeFiles/Cloud_Data_Upload.dir/C_/RaspberryPiPico/pico-sdk/src/rp2_common/hardware_clocks/clocks.c.obj
                0x100022f0                clock_get_hz
 .text.pll_init
                0x100022fc      0x120 CMakeFiles/Cloud_Data_Upload.dir/C_/RaspberryPiPico/pico-sdk/src/rp2_common/hardware_pll/pll.c.obj
                0x100022fc                pll_init
 .text.watchdog_start_tick
                0x1000241c       0x10 CMakeFiles/Cloud_Data_Upload.dir/C_/RaspberryPiPico/pico-sdk/src/rp2_common/hardware_watchdog/watchdog.c.obj
                0x1000241c                watchdog_start_tick
 .text.watchdog_update
                0x1000242c       0x14 CMakeFiles/Cloud_Data_Upload.dir/C_/RaspberryPiPico/pico-sdk/src/rp2_common/hardware_watchdog/watchdog.c.obj
                0x1000242c                watchdog_update
 .text._watchdog_enable
                0x10002440       0x78 CMakeFiles/Cloud_Data_Upload.dir/C_/RaspberryPiPico/pico-sdk/src/rp2_common/hardware_watchdog/watchdog.c.obj
                0x10002440                _watchdog_enable
 .text.watchdog_reboot
                0x100024b8       0x48 CMakeFiles/Cloud_Data_Upload.dir/C_/RaspberryPiPico/pico-sdk/src/rp2_common/hardware_watchdog/watchdog.c.obj
                0x100024b8                watchdog_reboot
 .text.xosc_init
                0x10002500       0x28 CMakeFiles/Cloud_Data_Upload.dir/C_/RaspberryPiPico/pico-sdk/src/rp2_common/hardware_xosc/xosc.c.obj
                0x10002500                xosc_init
 .text._exit    0x10002528        0x4 CMakeFiles/Cloud_Data_Upload.dir/C_/RaspberryPiPico/pico-sdk/src/rp2_common/pico_runtime/runtime.c.obj
                0x10002528                _exit
 .text.exit     0x1000252c        0x6 CMakeFiles/Cloud_Data_Upload.dir/C_/RaspberryPiPico/pico-sdk/src/rp2_common/pico_runtime/runtime.c.obj
                0x1000252c                exit
 *fill*         0x10002532        0x2 
 .text.__assert_func
                0x10002534       0x3c CMakeFiles/Cloud_Data_Upload.dir/C_/RaspberryPiPico/pico-sdk/src/rp2_common/pico_runtime/runtime.c.obj
                0x10002534                __assert_func
 .text.runtime_init
                0x10002570       0xf8 CMakeFiles/Cloud_Data_Upload.dir/C_/RaspberryPiPico/pico-sdk/src/rp2_common/pico_runtime/runtime.c.obj
                0x10002570                runtime_init
 .text.panic    0x10002668       0x30 CMakeFiles/Cloud_Data_Upload.dir/C_/RaspberryPiPico/pico-sdk/src/rp2_common/pico_runtime/runtime.c.obj
                0x10002668                panic
 .text._out_buffer
                0x10002698        0x8 CMakeFiles/Cloud_Data_Upload.dir/C_/RaspberryPiPico/pico-sdk/src/rp2_common/pico_printf/printf.c.obj
 .text._out_null
                0x100026a0        0x2 CMakeFiles/Cloud_Data_Upload.dir/C_/RaspberryPiPico/pico-sdk/src/rp2_common/pico_printf/printf.c.obj
 .text._out_fct
                0x100026a2        0xe CMakeFiles/Cloud_Data_Upload.dir/C_/RaspberryPiPico/pico-sdk/src/rp2_common/pico_printf/printf.c.obj
 .text._atoi    0x100026b0       0x24 CMakeFiles/Cloud_Data_Upload.dir/C_/RaspberryPiPico/pico-sdk/src/rp2_common/pico_printf/printf.c.obj
 .text._out_rev
                0x100026d4       0xae CMakeFiles/Cloud_Data_Upload.dir/C_/RaspberryPiPico/pico-sdk/src/rp2_common/pico_printf/printf.c.obj
 .text._ntoa_format
                0x10002782      0x112 CMakeFiles/Cloud_Data_Upload.dir/C_/RaspberryPiPico/pico-sdk/src/rp2_common/pico_printf/printf.c.obj
 .text._ntoa_long
                0x10002894       0xbc CMakeFiles/Cloud_Data_Upload.dir/C_/RaspberryPiPico/pico-sdk/src/rp2_common/pico_printf/printf.c.obj
 .text._ntoa_long_long
                0x10002950       0xe2 CMakeFiles/Cloud_Data_Upload.dir/C_/RaspberryPiPico/pico-sdk/src/rp2_common/pico_printf/printf.c.obj
 *fill*         0x10002a32        0x2 
 .text._etoa    0x10002a34      0x414 CMakeFiles/Cloud_Data_Upload.dir/C_/RaspberryPiPico/pico-sdk/src/rp2_common/pico_printf/printf.c.obj
 .text._ftoa    0x10002e48      0x354 CMakeFiles/Cloud_Data_Upload.dir/C_/RaspberryPiPico/pico-sdk/src/rp2_common/pico_printf/printf.c.obj
 .text._vsnprintf
                0x1000319c      0x624 CMakeFiles/Cloud_Data_Upload.dir/C_/RaspberryPiPico/pico-sdk/src/rp2_common/pico_printf/printf.c.obj
 .text.__wrap_snprintf
                0x100037c0       0x28 CMakeFiles/Cloud_Data_Upload.dir/C_/RaspberryPiPico/pico-sdk/src/rp2_common/pico_printf/printf.c.obj
                0x100037c0                __wrap_snprintf
 .text.vfctprintf
                0x100037e8       0x20 CMakeFiles/Cloud_Data_Upload.dir/C_/RaspberryPiPico/pico-sdk/src/rp2_common/pico_printf/printf.c.obj
                0x100037e8                vfctprintf
 .text          0x10003808       0x10 CMakeFiles/Cloud_Data_Upload.dir/C_/RaspberryPiPico/pico-sdk/src/rp2_common/pico_bit_ops/bit_ops_aeabi.S.obj
 .text.rom_func_lookup
                0x10003818       0x10 CMakeFiles/Cloud_Data_Upload.dir/C_/RaspberryPiPico/pico-sdk/src/rp2_common/pico_bootrom/bootrom.c.obj
                0x10003818                rom_func_lookup
 .text.rom_data_lookup
                0x10003828       0x10 CMakeFiles/Cloud_Data_Upload.dir/C_/RaspberryPiPico/pico-sdk/src/rp2_common/pico_bootrom/bootrom.c.obj
                0x10003828                rom_data_lookup
 .text.rom_funcs_lookup
                0x10003838       0x36 CMakeFiles/Cloud_Data_Upload.dir/C_/RaspberryPiPico/pico-sdk/src/rp2_common/pico_bootrom/bootrom.c.obj
                0x10003838                rom_funcs_lookup
 *fill*         0x1000386e        0x2 
 .text.__wrap___aeabi_idiv
                0x10003870       0x50 CMakeFiles/Cloud_Data_Upload.dir/C_/RaspberryPiPico/pico-sdk/src/rp2_common/pico_divider/divider.S.obj
                0x10003870                __wrap___aeabi_idivmod
                0x10003870                divmod_s32s32
                0x10003870                div_s32s32
                0x10003870                __wrap___aeabi_idiv
                0x10003878                divmod_s32s32_unsafe
                0x100038a4                divmod_s32s32_savestate
 .text.__wrap___aeabi_uidiv
                0x100038c0       0x4c CMakeFiles/Cloud_Data_Upload.dir/C_/RaspberryPiPico/pico-sdk/src/rp2_common/pico_divider/divider.S.obj
                0x100038c0                __wrap___aeabi_uidiv
                0x100038c0                __wrap___aeabi_uidivmod
                0x100038c0                div_u32u32
                0x100038c0                divmod_u32u32
                0x100038c8                divmod_u32u32_unsafe
                0x100038f0                divmod_u32u32_savestate
 .text.__wrap___aeabi_ldiv
                0x1000390c      0x424 CMakeFiles/Cloud_Data_Upload.dir/C_/RaspberryPiPico/pico-sdk/src/rp2_common/pico_divider/divider.S.obj
                0x1000390c                div_s64s64
                0x1000390c                divmod_s64s64
                0x1000390c                __wrap___aeabi_ldivmod
                0x1000393c                divmod_u64u64
                0x1000393c                div_u64u64
                0x1000393c                __wrap___aeabi_uldivmod
                0x1000394c                divmod_u64u64_savestate
                0x1000396c                divmod_s64s64_unsafe
                0x100039f4                divmod_u64u64_unsafe
 .text.__wrap___aeabi_darithmetic
                0x10003d30       0x80 CMakeFiles/Cloud_Data_Upload.dir/C_/RaspberryPiPico/pico-sdk/src/rp2_common/pico_double/double_aeabi.S.obj
                0x10003d30                __wrap___aeabi_drsub
                0x10003d36                __wrap___aeabi_dsub
                0x10003d48                __wrap___aeabi_dadd
                0x10003d5a                __wrap___aeabi_ddiv
                0x10003d96                __wrap___aeabi_dmul
 .text.__wrap___aeabi_cdcmple
                0x10003db0       0x6c CMakeFiles/Cloud_Data_Upload.dir/C_/RaspberryPiPico/pico-sdk/src/rp2_common/pico_double/double_aeabi.S.obj
                0x10003db0                __wrap___aeabi_cdrcmple
                0x10003dc0                __wrap___aeabi_cdcmpeq
                0x10003dc0                __wrap___aeabi_cdcmple
 .text.__wrap___aeabi_dcmplt
                0x10003e1c        0xc CMakeFiles/Cloud_Data_Upload.dir/C_/RaspberryPiPico/pico-sdk/src/rp2_common/pico_double/double_aeabi.S.obj
                0x10003e1c                __wrap___aeabi_dcmplt
 .text.__wrap___aeabi_dcmple
                0x10003e28       0x10 CMakeFiles/Cloud_Data_Upload.dir/C_/RaspberryPiPico/pico-sdk/src/rp2_common/pico_double/double_aeabi.S.obj
                0x10003e28                __wrap___aeabi_dcmple
 .text.__wrap___aeabi_dcmpge
                0x10003e38       0x10 CMakeFiles/Cloud_Data_Upload.dir/C_/RaspberryPiPico/pico-sdk/src/rp2_common/pico_double/double_aeabi.S.obj
                0x10003e38                __wrap___aeabi_dcmpge
 .text.__wrap___aeabi_dcmpgt
                0x10003e48        0xa CMakeFiles/Cloud_Data_Upload.dir/C_/RaspberryPiPico/pico-sdk/src/rp2_common/pico_double/double_aeabi.S.obj
                0x10003e48                __wrap___aeabi_dcmpgt
 .text.__wrap___aeabi_dcmpun
                0x10003e52       0x1c CMakeFiles/Cloud_Data_Upload.dir/C_/RaspberryPiPico/pico-sdk/src/rp2_common/pico_double/double_aeabi.S.obj
                0x10003e52                __wrap___aeabi_dcmpun
 *fill*         0x10003e6e        0x2 
 .text.__wrap___aeabi_i2d
                0x10003e70       0x38 CMakeFiles/Cloud_Data_Upload.dir/C_/RaspberryPiPico/pico-sdk/src/rp2_common/pico_double/double_aeabi.S.obj
                0x10003e70                __wrap___aeabi_ui2d
                0x10003e78                __wrap___aeabi_i2d
 .text.__wrap___aeabi_d2iz
                0x10003ea8       0x48 CMakeFiles/Cloud_Data_Upload.dir/C_/RaspberryPiPico/pico-sdk/src/rp2_common/pico_double/double_aeabi.S.obj
                0x10003ea8                double2int_z
                0x10003ea8                __wrap___aeabi_d2iz
 .text.__wrap___aeabi_d2uiz
                0x10003ef0       0x18 CMakeFiles/Cloud_Data_Upload.dir/C_/RaspberryPiPico/pico-sdk/src/rp2_common/pico_double/double_aeabi.S.obj
                0x10003ef0                __wrap___aeabi_d2uiz
                0x10003ef0                double2uint
 .text.__aeabi_double_init
                0x10003f08       0xc8 CMakeFiles/Cloud_Data_Upload.dir/C_/RaspberryPiPico/pico-sdk/src/rp2_common/pico_double/double_init_rom.c.obj
                0x10003f08                __aeabi_double_init
 .text.double_table_shim_on_use_helper
                0x10003fd0       0x34 CMakeFiles/Cloud_Data_Upload.dir/C_/RaspberryPiPico/pico-sdk/src/rp2_common/pico_double/double_v1_rom_shim.S.obj
                0x10003fd0                double_table_shim_on_use_helper
 .text.__wrap___aeabi_dsub
                0x10004004       0x10 CMakeFiles/Cloud_Data_Upload.dir/C_/RaspberryPiPico/pico-sdk/src/rp2_common/pico_double/double_v1_rom_shim.S.obj
                0x10004004                drsub_shim
                0x1000400a                dsub_shim
 .text.dadd_shim
                0x10004014      0x15c CMakeFiles/Cloud_Data_Upload.dir/C_/RaspberryPiPico/pico-sdk/src/rp2_common/pico_double/double_v1_rom_shim.S.obj
                0x10004014                dadd_shim
 .text.dmul_shim
                0x10004170      0x15c CMakeFiles/Cloud_Data_Upload.dir/C_/RaspberryPiPico/pico-sdk/src/rp2_common/pico_double/double_v1_rom_shim.S.obj
                0x10004170                dmul_shim
 .text.ddiv_shim
                0x100042cc      0x1b0 CMakeFiles/Cloud_Data_Upload.dir/C_/RaspberryPiPico/pico-sdk/src/rp2_common/pico_double/double_v1_rom_shim.S.obj
                0x100042cc                ddiv_shim
 .text.double2uint_shim
                0x1000447c        0xe CMakeFiles/Cloud_Data_Upload.dir/C_/RaspberryPiPico/pico-sdk/src/rp2_common/pico_double/double_v1_rom_shim.S.obj
                0x1000447c                double2uint_shim
                0x1000447e                double2ufix_shim
 *fill*         0x1000448a        0x2 
 .text.double2uint64_shim
                0x1000448c       0x70 CMakeFiles/Cloud_Data_Upload.dir/C_/RaspberryPiPico/pico-sdk/src/rp2_common/pico_double/double_v1_rom_shim.S.obj
                0x1000448c                double2uint64_shim
                0x1000448e                double2ufix64_shim
                0x100044ae                d2fix_a
 .text.dunpacks
                0x100044fc       0x3c CMakeFiles/Cloud_Data_Upload.dir/C_/RaspberryPiPico/pico-sdk/src/rp2_common/pico_double/double_v1_rom_shim.S.obj
                0x100044fc                dunpacks
 .text.__aeabi_lmul
                0x10004538       0x32 CMakeFiles/Cloud_Data_Upload.dir/C_/RaspberryPiPico/pico-sdk/src/rp2_common/pico_int64_ops/pico_int64_ops_aeabi.S.obj
                0x10004538                __wrap___aeabi_lmul
 *fill*         0x1000456a        0x2 
 .text.__wrap___aeabi_farithmetic
                0x1000456c       0x58 CMakeFiles/Cloud_Data_Upload.dir/C_/RaspberryPiPico/pico-sdk/src/rp2_common/pico_float/float_aeabi.S.obj
                0x1000456c                __wrap___aeabi_frsub
                0x10004572                __wrap___aeabi_fsub
                0x1000457c                __wrap___aeabi_fadd
                0x10004586                __wrap___aeabi_fdiv
                0x100045b2                __wrap___aeabi_fmul
 .text.__wrap___aeabi_i2f
                0x100045c4       0x44 CMakeFiles/Cloud_Data_Upload.dir/C_/RaspberryPiPico/pico-sdk/src/rp2_common/pico_float/float_aeabi.S.obj
                0x100045c4                __wrap___aeabi_i2f
 .text.__wrap___aeabi_f2d
                0x10004608       0x14 CMakeFiles/Cloud_Data_Upload.dir/C_/RaspberryPiPico/pico-sdk/src/rp2_common/pico_float/float_aeabi.S.obj
                0x10004608                __wrap___aeabi_f2d
 .text.__aeabi_float_init
                0x1000461c       0xfc CMakeFiles/Cloud_Data_Upload.dir/C_/RaspberryPiPico/pico-sdk/src/rp2_common/pico_float/float_init_rom.c.obj
                0x1000461c                __aeabi_float_init
 .text.float_table_shim_on_use_helper
                0x10004718       0x34 CMakeFiles/Cloud_Data_Upload.dir/C_/RaspberryPiPico/pico-sdk/src/rp2_common/pico_float/float_v1_rom_shim.S.obj
                0x10004718                float_table_shim_on_use_helper
 .text.float2double_shim
                0x1000474c       0x30 CMakeFiles/Cloud_Data_Upload.dir/C_/RaspberryPiPico/pico-sdk/src/rp2_common/pico_float/float_v1_rom_shim.S.obj
                0x1000474c                float2double_shim
 .text          0x1000477c       0x10 CMakeFiles/Cloud_Data_Upload.dir/C_/RaspberryPiPico/pico-sdk/src/rp2_common/pico_mem_ops/mem_ops_aeabi.S.obj
                0x1000477c                __aeabi_mem_init
 .text.memset   0x1000478c        0xc CMakeFiles/Cloud_Data_Upload.dir/C_/RaspberryPiPico/pico-sdk/src/rp2_common/pico_mem_ops/mem_ops_aeabi.S.obj
                0x1000478c                __wrap_memset
 .text.memcpy   0x10004798        0xc CMakeFiles/Cloud_Data_Upload.dir/C_/RaspberryPiPico/pico-sdk/src/rp2_common/pico_mem_ops/mem_ops_aeabi.S.obj
                0x10004798                __wrap_memcpy
                0x10004798                __wrap___aeabi_memcpy
 .text.stdio_out_chars_no_crlf
                0x100047a4        0xe CMakeFiles/Cloud_Data_Upload.dir/C_/RaspberryPiPico/pico-sdk/src/rp2_common/pico_stdio/stdio.c.obj
 *fill*         0x100047b2        0x2 
 .text.stdio_out_chars_crlf
                0x100047b4       0x80 CMakeFiles/Cloud_Data_Upload.dir/C_/RaspberryPiPico/pico-sdk/src/rp2_common/pico_stdio/stdio.c.obj
 .text.stdio_stack_buffer_flush
                0x10004834       0x44 CMakeFiles/Cloud_Data_Upload.dir/C_/RaspberryPiPico/pico-sdk/src/rp2_common/pico_stdio/stdio.c.obj
 .text.stdio_buffered_printer
                0x10004878       0x20 CMakeFiles/Cloud_Data_Upload.dir/C_/RaspberryPiPico/pico-sdk/src/rp2_common/pico_stdio/stdio.c.obj
 .text.stdout_serialize_begin
                0x10004898       0x5c CMakeFiles/Cloud_Data_Upload.dir/C_/RaspberryPiPico/pico-sdk/src/rp2_common/pico_stdio/stdio.c.obj
                0x10004898                stdout_serialize_begin
 .text.stdout_serialize_end
                0x100048f4       0x10 CMakeFiles/Cloud_Data_Upload.dir/C_/RaspberryPiPico/pico-sdk/src/rp2_common/pico_stdio/stdio.c.obj
                0x100048f4                stdout_serialize_end
 .text.stdio_put_string
                0x10004904       0x98 CMakeFiles/Cloud_Data_Upload.dir/C_/RaspberryPiPico/pico-sdk/src/rp2_common/pico_stdio/stdio.c.obj
 .text.stdio_set_driver_enabled
                0x1000499c       0x2c CMakeFiles/Cloud_Data_Upload.dir/C_/RaspberryPiPico/pico-sdk/src/rp2_common/pico_stdio/stdio.c.obj
                0x1000499c                stdio_set_driver_enabled
 .text.stdio_flush
                0x100049c8       0x20 CMakeFiles/Cloud_Data_Upload.dir/C_/RaspberryPiPico/pico-sdk/src/rp2_common/pico_stdio/stdio.c.obj
                0x100049c8                stdio_flush
 .text.__wrap_puts
                0x100049e8       0x1e CMakeFiles/Cloud_Data_Upload.dir/C_/RaspberryPiPico/pico-sdk/src/rp2_common/pico_stdio/stdio.c.obj
                0x100049e8                __wrap_puts
 *fill*         0x10004a06        0x2 
 .text.__wrap_vprintf
                0x10004a08       0x40 CMakeFiles/Cloud_Data_Upload.dir/C_/RaspberryPiPico/pico-sdk/src/rp2_common/pico_stdio/stdio.c.obj
                0x10004a08                __wrap_vprintf
 .text.__wrap_printf
                0x10004a48       0x18 CMakeFiles/Cloud_Data_Upload.dir/C_/RaspberryPiPico/pico-sdk/src/rp2_common/pico_stdio/stdio.c.obj
                0x10004a48                __wrap_printf
 .text.stdio_init_all
                0x10004a60        0xe CMakeFiles/Cloud_Data_Upload.dir/C_/RaspberryPiPico/pico-sdk/src/rp2_common/pico_stdio/stdio.c.obj
                0x10004a60                stdio_init_all
 *fill*         0x10004a6e        0x2 
 .text.stdio_uart_out_chars
                0x10004a70       0x74 CMakeFiles/Cloud_Data_Upload.dir/C_/RaspberryPiPico/pico-sdk/src/rp2_common/pico_stdio_uart/stdio_uart.c.obj
 .text.stdio_uart_in_chars
                0x10004ae4       0x80 CMakeFiles/Cloud_Data_Upload.dir/C_/RaspberryPiPico/pico-sdk/src/rp2_common/pico_stdio_uart/stdio_uart.c.obj
                0x10004ae4                stdio_uart_in_chars
 .text.on_uart_rx
                0x10004b64       0x28 CMakeFiles/Cloud_Data_Upload.dir/C_/RaspberryPiPico/pico-sdk/src/rp2_common/pico_stdio_uart/stdio_uart.c.obj
 .text.stdio_uart_set_chars_available_callback
                0x10004b8c       0x8c CMakeFiles/Cloud_Data_Upload.dir/C_/RaspberryPiPico/pico-sdk/src/rp2_common/pico_stdio_uart/stdio_uart.c.obj
 .text.stdio_uart_init_full
                0x10004c18       0x44 CMakeFiles/Cloud_Data_Upload.dir/C_/RaspberryPiPico/pico-sdk/src/rp2_common/pico_stdio_uart/stdio_uart.c.obj
                0x10004c18                stdio_uart_init_full
 .text.stdio_uart_init
                0x10004c5c       0x28 CMakeFiles/Cloud_Data_Upload.dir/C_/RaspberryPiPico/pico-sdk/src/rp2_common/pico_stdio_uart/stdio_uart.c.obj
                0x10004c5c                stdio_uart_init
 .text.resetd_init
                0x10004c84        0x2 CMakeFiles/Cloud_Data_Upload.dir/C_/RaspberryPiPico/pico-sdk/src/rp2_common/pico_stdio_usb/reset_interface.c.obj
 *fill*         0x10004c86        0x2 
 .text.resetd_reset
                0x10004c88        0xc CMakeFiles/Cloud_Data_Upload.dir/C_/RaspberryPiPico/pico-sdk/src/rp2_common/pico_stdio_usb/reset_interface.c.obj
 .text.resetd_open
                0x10004c94       0x34 CMakeFiles/Cloud_Data_Upload.dir/C_/RaspberryPiPico/pico-sdk/src/rp2_common/pico_stdio_usb/reset_interface.c.obj
 .text.resetd_xfer_cb
                0x10004cc8        0x4 CMakeFiles/Cloud_Data_Upload.dir/C_/RaspberryPiPico/pico-sdk/src/rp2_common/pico_stdio_usb/reset_interface.c.obj
 .text.reset_usb_boot
                0x10004ccc       0x18 CMakeFiles/Cloud_Data_Upload.dir/C_/RaspberryPiPico/pico-sdk/src/rp2_common/pico_stdio_usb/reset_interface.c.obj
 .text.resetd_control_xfer_cb
                0x10004ce4       0x5c CMakeFiles/Cloud_Data_Upload.dir/C_/RaspberryPiPico/pico-sdk/src/rp2_common/pico_stdio_usb/reset_interface.c.obj
 .text.usbd_app_driver_get_cb
                0x10004d40        0xc CMakeFiles/Cloud_Data_Upload.dir/C_/RaspberryPiPico/pico-sdk/src/rp2_common/pico_stdio_usb/reset_interface.c.obj
                0x10004d40                usbd_app_driver_get_cb
 .text.tud_cdc_line_coding_cb
                0x10004d4c       0x28 CMakeFiles/Cloud_Data_Upload.dir/C_/RaspberryPiPico/pico-sdk/src/rp2_common/pico_stdio_usb/reset_interface.c.obj
                0x10004d4c                tud_cdc_line_coding_cb
 .text.stdio_usb_set_chars_available_callback
                0x10004d74       0x14 CMakeFiles/Cloud_Data_Upload.dir/C_/RaspberryPiPico/pico-sdk/src/rp2_common/pico_stdio_usb/stdio_usb.c.obj
                0x10004d74                stdio_usb_set_chars_available_callback
 .text.usb_irq  0x10004d88       0x10 CMakeFiles/Cloud_Data_Upload.dir/C_/RaspberryPiPico/pico-sdk/src/rp2_common/pico_stdio_usb/stdio_usb.c.obj
 .text.timer_task
                0x10004d98       0x5c CMakeFiles/Cloud_Data_Upload.dir/C_/RaspberryPiPico/pico-sdk/src/rp2_common/pico_stdio_usb/stdio_usb.c.obj
 .text.low_priority_worker_irq
                0x10004df4       0xdc CMakeFiles/Cloud_Data_Upload.dir/C_/RaspberryPiPico/pico-sdk/src/rp2_common/pico_stdio_usb/stdio_usb.c.obj
 .text.tud_cdc_rx_cb
                0x10004ed0       0x20 CMakeFiles/Cloud_Data_Upload.dir/C_/RaspberryPiPico/pico-sdk/src/rp2_common/pico_stdio_usb/stdio_usb.c.obj
                0x10004ed0                tud_cdc_rx_cb
 .text.stdio_usb_init
                0x10004ef0      0x11c CMakeFiles/Cloud_Data_Upload.dir/C_/RaspberryPiPico/pico-sdk/src/rp2_common/pico_stdio_usb/stdio_usb.c.obj
                0x10004ef0                stdio_usb_init
 .text.stdio_usb_connected
                0x1000500c        0xa CMakeFiles/Cloud_Data_Upload.dir/C_/RaspberryPiPico/pico-sdk/src/rp2_common/pico_stdio_usb/stdio_usb.c.obj
                0x1000500c                stdio_usb_connected
 *fill*         0x10005016        0x2 
 .text.stdio_usb_in_chars
                0x10005018       0xc4 CMakeFiles/Cloud_Data_Upload.dir/C_/RaspberryPiPico/pico-sdk/src/rp2_common/pico_stdio_usb/stdio_usb.c.obj
                0x10005018                stdio_usb_in_chars
 .text.stdio_usb_out_chars
                0x100050dc      0x114 CMakeFiles/Cloud_Data_Upload.dir/C_/RaspberryPiPico/pico-sdk/src/rp2_common/pico_stdio_usb/stdio_usb.c.obj
 .text.tud_descriptor_device_cb
                0x100051f0        0x8 CMakeFiles/Cloud_Data_Upload.dir/C_/RaspberryPiPico/pico-sdk/src/rp2_common/pico_stdio_usb/stdio_usb_descriptors.c.obj
                0x100051f0                tud_descriptor_device_cb
 .text.tud_descriptor_configuration_cb
                0x100051f8        0x8 CMakeFiles/Cloud_Data_Upload.dir/C_/RaspberryPiPico/pico-sdk/src/rp2_common/pico_stdio_usb/stdio_usb_descriptors.c.obj
                0x100051f8                tud_descriptor_configuration_cb
 .text.tud_descriptor_string_cb
                0x10005200       0x6c CMakeFiles/Cloud_Data_Upload.dir/C_/RaspberryPiPico/pico-sdk/src/rp2_common/pico_stdio_usb/stdio_usb_descriptors.c.obj
                0x10005200                tud_descriptor_string_cb
 .text._retrieve_unique_id_on_boot
                0x1000526c       0x10 CMakeFiles/Cloud_Data_Upload.dir/C_/RaspberryPiPico/pico-sdk/src/rp2_common/pico_unique_id/unique_id.c.obj
 .text.pico_get_unique_board_id_string
                0x1000527c       0x60 CMakeFiles/Cloud_Data_Upload.dir/C_/RaspberryPiPico/pico-sdk/src/rp2_common/pico_unique_id/unique_id.c.obj
                0x1000527c                pico_get_unique_board_id_string
 .text.flash_get_unique_id
                0x100052dc       0x46 CMakeFiles/Cloud_Data_Upload.dir/C_/RaspberryPiPico/pico-sdk/src/rp2_common/hardware_flash/flash.c.obj
                0x100052dc                flash_get_unique_id
 *fill*         0x10005322        0x2 
 .text.hw_endpoint_get_by_addr
                0x10005324       0x18 CMakeFiles/Cloud_Data_Upload.dir/C_/RaspberryPiPico/pico-sdk/lib/tinyusb/src/portable/raspberrypi/rp2040/dcd_rp2040.c.obj
 .text._hw_endpoint_alloc
                0x1000533c       0x70 CMakeFiles/Cloud_Data_Upload.dir/C_/RaspberryPiPico/pico-sdk/lib/tinyusb/src/portable/raspberrypi/rp2040/dcd_rp2040.c.obj
 .text.hw_endpoint_init
                0x100053ac       0x88 CMakeFiles/Cloud_Data_Upload.dir/C_/RaspberryPiPico/pico-sdk/lib/tinyusb/src/portable/raspberrypi/rp2040/dcd_rp2040.c.obj
 .text.hw_endpoint_xfer
                0x10005434       0x14 CMakeFiles/Cloud_Data_Upload.dir/C_/RaspberryPiPico/pico-sdk/lib/tinyusb/src/portable/raspberrypi/rp2040/dcd_rp2040.c.obj
 .text.dcd_int_enable
                0x10005448       0x2c CMakeFiles/Cloud_Data_Upload.dir/C_/RaspberryPiPico/pico-sdk/lib/tinyusb/src/portable/raspberrypi/rp2040/dcd_rp2040.c.obj
                0x10005448                dcd_int_enable
 .text.dcd_set_address
                0x10005474       0x2c CMakeFiles/Cloud_Data_Upload.dir/C_/RaspberryPiPico/pico-sdk/lib/tinyusb/src/portable/raspberrypi/rp2040/dcd_rp2040.c.obj
                0x10005474                dcd_set_address
 .text.dcd_connect
                0x100054a0       0x10 CMakeFiles/Cloud_Data_Upload.dir/C_/RaspberryPiPico/pico-sdk/lib/tinyusb/src/portable/raspberrypi/rp2040/dcd_rp2040.c.obj
                0x100054a0                dcd_connect
 .text.dcd_init
                0x100054b0       0x80 CMakeFiles/Cloud_Data_Upload.dir/C_/RaspberryPiPico/pico-sdk/lib/tinyusb/src/portable/raspberrypi/rp2040/dcd_rp2040.c.obj
                0x100054b0                dcd_init
 .text.dcd_edpt0_status_complete
                0x10005530       0x1c CMakeFiles/Cloud_Data_Upload.dir/C_/RaspberryPiPico/pico-sdk/lib/tinyusb/src/portable/raspberrypi/rp2040/dcd_rp2040.c.obj
                0x10005530                dcd_edpt0_status_complete
 .text.dcd_edpt_open
                0x1000554c       0x40 CMakeFiles/Cloud_Data_Upload.dir/C_/RaspberryPiPico/pico-sdk/lib/tinyusb/src/portable/raspberrypi/rp2040/dcd_rp2040.c.obj
                0x1000554c                dcd_edpt_open
 .text.dcd_edpt_close_all
                0x1000558c        0x8 CMakeFiles/Cloud_Data_Upload.dir/C_/RaspberryPiPico/pico-sdk/lib/tinyusb/src/portable/raspberrypi/rp2040/dcd_rp2040.c.obj
                0x1000558c                dcd_edpt_close_all
 .text.dcd_edpt_xfer
                0x10005594       0x34 CMakeFiles/Cloud_Data_Upload.dir/C_/RaspberryPiPico/pico-sdk/lib/tinyusb/src/portable/raspberrypi/rp2040/dcd_rp2040.c.obj
                0x10005594                dcd_edpt_xfer
 .text.dcd_edpt_stall
                0x100055c8       0x2c CMakeFiles/Cloud_Data_Upload.dir/C_/RaspberryPiPico/pico-sdk/lib/tinyusb/src/portable/raspberrypi/rp2040/dcd_rp2040.c.obj
                0x100055c8                dcd_edpt_stall
 .text.dcd_edpt_clear_stall
                0x100055f4       0x20 CMakeFiles/Cloud_Data_Upload.dir/C_/RaspberryPiPico/pico-sdk/lib/tinyusb/src/portable/raspberrypi/rp2040/dcd_rp2040.c.obj
                0x100055f4                dcd_edpt_clear_stall
 .text.rp2040_usb_init
                0x10005614       0x4c CMakeFiles/Cloud_Data_Upload.dir/C_/RaspberryPiPico/pico-sdk/lib/tinyusb/src/portable/raspberrypi/rp2040/rp2040_usb.c.obj
                0x10005614                rp2040_usb_init
 .text.hw_endpoint_xfer_start
                0x10005660       0x50 CMakeFiles/Cloud_Data_Upload.dir/C_/RaspberryPiPico/pico-sdk/lib/tinyusb/src/portable/raspberrypi/rp2040/rp2040_usb.c.obj
                0x10005660                hw_endpoint_xfer_start
 .text.configuration_reset
                0x100056b0       0x84 CMakeFiles/Cloud_Data_Upload.dir/C_/RaspberryPiPico/pico-sdk/lib/tinyusb/src/device/usbd.c.obj
 .text.usbd_reset
                0x10005734        0xc CMakeFiles/Cloud_Data_Upload.dir/C_/RaspberryPiPico/pico-sdk/lib/tinyusb/src/device/usbd.c.obj
 .text.invoke_class_control
                0x10005740       0x1a CMakeFiles/Cloud_Data_Upload.dir/C_/RaspberryPiPico/pico-sdk/lib/tinyusb/src/device/usbd.c.obj
 *fill*         0x1000575a        0x2 
 .text.process_set_config
                0x1000575c      0x178 CMakeFiles/Cloud_Data_Upload.dir/C_/RaspberryPiPico/pico-sdk/lib/tinyusb/src/device/usbd.c.obj
 .text.process_get_descriptor
                0x100058d4       0xdc CMakeFiles/Cloud_Data_Upload.dir/C_/RaspberryPiPico/pico-sdk/lib/tinyusb/src/device/usbd.c.obj
 .text.tud_mounted
                0x100059b0       0x10 CMakeFiles/Cloud_Data_Upload.dir/C_/RaspberryPiPico/pico-sdk/lib/tinyusb/src/device/usbd.c.obj
                0x100059b0                tud_mounted
 .text.tud_suspended
                0x100059c0       0x10 CMakeFiles/Cloud_Data_Upload.dir/C_/RaspberryPiPico/pico-sdk/lib/tinyusb/src/device/usbd.c.obj
                0x100059c0                tud_suspended
 .text.tud_inited
                0x100059d0       0x14 CMakeFiles/Cloud_Data_Upload.dir/C_/RaspberryPiPico/pico-sdk/lib/tinyusb/src/device/usbd.c.obj
                0x100059d0                tud_inited
 .text.tud_init
                0x100059e4       0xcc CMakeFiles/Cloud_Data_Upload.dir/C_/RaspberryPiPico/pico-sdk/lib/tinyusb/src/device/usbd.c.obj
                0x100059e4                tud_init
 .text.usbd_defer_func
                0x10005ab0       0x2a CMakeFiles/Cloud_Data_Upload.dir/C_/RaspberryPiPico/pico-sdk/lib/tinyusb/src/device/usbd.c.obj
                0x10005ab0                usbd_defer_func
 *fill*         0x10005ada        0x2 
 .text.usbd_edpt_open
                0x10005adc       0x34 CMakeFiles/Cloud_Data_Upload.dir/C_/RaspberryPiPico/pico-sdk/lib/tinyusb/src/device/usbd.c.obj
                0x10005adc                usbd_edpt_open
 .text.usbd_open_edpt_pair
                0x10005b10       0x62 CMakeFiles/Cloud_Data_Upload.dir/C_/RaspberryPiPico/pico-sdk/lib/tinyusb/src/device/usbd.c.obj
                0x10005b10                usbd_open_edpt_pair
 *fill*         0x10005b72        0x2 
 .text.usbd_edpt_claim
                0x10005b74       0x28 CMakeFiles/Cloud_Data_Upload.dir/C_/RaspberryPiPico/pico-sdk/lib/tinyusb/src/device/usbd.c.obj
                0x10005b74                usbd_edpt_claim
 .text.usbd_edpt_release
                0x10005b9c       0x28 CMakeFiles/Cloud_Data_Upload.dir/C_/RaspberryPiPico/pico-sdk/lib/tinyusb/src/device/usbd.c.obj
                0x10005b9c                usbd_edpt_release
 .text.usbd_edpt_xfer
                0x10005bc4       0x78 CMakeFiles/Cloud_Data_Upload.dir/C_/RaspberryPiPico/pico-sdk/lib/tinyusb/src/device/usbd.c.obj
                0x10005bc4                usbd_edpt_xfer
 .text.usbd_edpt_stall
                0x10005c3c       0x48 CMakeFiles/Cloud_Data_Upload.dir/C_/RaspberryPiPico/pico-sdk/lib/tinyusb/src/device/usbd.c.obj
                0x10005c3c                usbd_edpt_stall
 .text.usbd_edpt_clear_stall
                0x10005c84       0x48 CMakeFiles/Cloud_Data_Upload.dir/C_/RaspberryPiPico/pico-sdk/lib/tinyusb/src/device/usbd.c.obj
                0x10005c84                usbd_edpt_clear_stall
 .text.usbd_edpt_stalled
                0x10005ccc       0x1c CMakeFiles/Cloud_Data_Upload.dir/C_/RaspberryPiPico/pico-sdk/lib/tinyusb/src/device/usbd.c.obj
                0x10005ccc                usbd_edpt_stalled
 .text.process_control_request
                0x10005ce8      0x37c CMakeFiles/Cloud_Data_Upload.dir/C_/RaspberryPiPico/pico-sdk/lib/tinyusb/src/device/usbd.c.obj
 .text.tud_task_ext
                0x10006064      0x1b8 CMakeFiles/Cloud_Data_Upload.dir/C_/RaspberryPiPico/pico-sdk/lib/tinyusb/src/device/usbd.c.obj
                0x10006064                tud_task_ext
 .text._data_stage_xact
                0x1000621c       0x58 CMakeFiles/Cloud_Data_Upload.dir/C_/RaspberryPiPico/pico-sdk/lib/tinyusb/src/device/usbd_control.c.obj
 .text.tud_control_status
                0x10006274       0x38 CMakeFiles/Cloud_Data_Upload.dir/C_/RaspberryPiPico/pico-sdk/lib/tinyusb/src/device/usbd_control.c.obj
                0x10006274                tud_control_status
 .text.tud_control_xfer
                0x100062ac       0x74 CMakeFiles/Cloud_Data_Upload.dir/C_/RaspberryPiPico/pico-sdk/lib/tinyusb/src/device/usbd_control.c.obj
                0x100062ac                tud_control_xfer
 .text.usbd_control_reset
                0x10006320       0x14 CMakeFiles/Cloud_Data_Upload.dir/C_/RaspberryPiPico/pico-sdk/lib/tinyusb/src/device/usbd_control.c.obj
                0x10006320                usbd_control_reset
 .text.usbd_control_set_complete_callback
                0x10006334        0xc CMakeFiles/Cloud_Data_Upload.dir/C_/RaspberryPiPico/pico-sdk/lib/tinyusb/src/device/usbd_control.c.obj
                0x10006334                usbd_control_set_complete_callback
 .text.usbd_control_set_request
                0x10006340       0x1c CMakeFiles/Cloud_Data_Upload.dir/C_/RaspberryPiPico/pico-sdk/lib/tinyusb/src/device/usbd_control.c.obj
                0x10006340                usbd_control_set_request
 .text.usbd_control_xfer_cb
                0x1000635c       0xcc CMakeFiles/Cloud_Data_Upload.dir/C_/RaspberryPiPico/pico-sdk/lib/tinyusb/src/device/usbd_control.c.obj
                0x1000635c                usbd_control_xfer_cb
 .text._prep_out_transaction
                0x10006428       0x4a CMakeFiles/Cloud_Data_Upload.dir/C_/RaspberryPiPico/pico-sdk/lib/tinyusb/src/class/cdc/cdc_device.c.obj
 *fill*         0x10006472        0x2 
 .text.tud_cdc_n_connected
                0x10006474       0x44 CMakeFiles/Cloud_Data_Upload.dir/C_/RaspberryPiPico/pico-sdk/lib/tinyusb/src/class/cdc/cdc_device.c.obj
                0x10006474                tud_cdc_n_connected
 .text.tud_cdc_n_available
                0x100064b8       0x18 CMakeFiles/Cloud_Data_Upload.dir/C_/RaspberryPiPico/pico-sdk/lib/tinyusb/src/class/cdc/cdc_device.c.obj
                0x100064b8                tud_cdc_n_available
 .text.tud_cdc_n_read
                0x100064d0       0x28 CMakeFiles/Cloud_Data_Upload.dir/C_/RaspberryPiPico/pico-sdk/lib/tinyusb/src/class/cdc/cdc_device.c.obj
                0x100064d0                tud_cdc_n_read
 .text.tud_cdc_n_write_flush
                0x100064f8       0xb8 CMakeFiles/Cloud_Data_Upload.dir/C_/RaspberryPiPico/pico-sdk/lib/tinyusb/src/class/cdc/cdc_device.c.obj
                0x100064f8                tud_cdc_n_write_flush
 .text.tud_cdc_n_write
                0x100065b0       0x38 CMakeFiles/Cloud_Data_Upload.dir/C_/RaspberryPiPico/pico-sdk/lib/tinyusb/src/class/cdc/cdc_device.c.obj
                0x100065b0                tud_cdc_n_write
 .text.tud_cdc_n_write_available
                0x100065e8       0x1c CMakeFiles/Cloud_Data_Upload.dir/C_/RaspberryPiPico/pico-sdk/lib/tinyusb/src/class/cdc/cdc_device.c.obj
                0x100065e8                tud_cdc_n_write_available
 .text.cdcd_init
                0x10006604       0xbc CMakeFiles/Cloud_Data_Upload.dir/C_/RaspberryPiPico/pico-sdk/lib/tinyusb/src/class/cdc/cdc_device.c.obj
                0x10006604                cdcd_init
 .text.cdcd_reset
                0x100066c0       0x44 CMakeFiles/Cloud_Data_Upload.dir/C_/RaspberryPiPico/pico-sdk/lib/tinyusb/src/class/cdc/cdc_device.c.obj
                0x100066c0                cdcd_reset
 .text.cdcd_open
                0x10006704       0xcc CMakeFiles/Cloud_Data_Upload.dir/C_/RaspberryPiPico/pico-sdk/lib/tinyusb/src/class/cdc/cdc_device.c.obj
                0x10006704                cdcd_open
 .text.cdcd_control_xfer_cb
                0x100067d0      0x134 CMakeFiles/Cloud_Data_Upload.dir/C_/RaspberryPiPico/pico-sdk/lib/tinyusb/src/class/cdc/cdc_device.c.obj
                0x100067d0                cdcd_control_xfer_cb
 .text.cdcd_xfer_cb
                0x10006904      0x130 CMakeFiles/Cloud_Data_Upload.dir/C_/RaspberryPiPico/pico-sdk/lib/tinyusb/src/class/cdc/cdc_device.c.obj
                0x10006904                cdcd_xfer_cb
 .text.tusb_init
                0x10006a34        0xa CMakeFiles/Cloud_Data_Upload.dir/C_/RaspberryPiPico/pico-sdk/lib/tinyusb/src/tusb.c.obj
                0x10006a34                tusb_init
 .text.tusb_inited
                0x10006a3e        0xe CMakeFiles/Cloud_Data_Upload.dir/C_/RaspberryPiPico/pico-sdk/lib/tinyusb/src/tusb.c.obj
                0x10006a3e                tusb_inited
 .text.tu_edpt_claim
                0x10006a4c       0x50 CMakeFiles/Cloud_Data_Upload.dir/C_/RaspberryPiPico/pico-sdk/lib/tinyusb/src/tusb.c.obj
                0x10006a4c                tu_edpt_claim
 .text.tu_edpt_release
                0x10006a9c       0x3c CMakeFiles/Cloud_Data_Upload.dir/C_/RaspberryPiPico/pico-sdk/lib/tinyusb/src/tusb.c.obj
                0x10006a9c                tu_edpt_release
 .text.tu_edpt_validate
                0x10006ad8       0x78 CMakeFiles/Cloud_Data_Upload.dir/C_/RaspberryPiPico/pico-sdk/lib/tinyusb/src/tusb.c.obj
                0x10006ad8                tu_edpt_validate
 .text.tu_edpt_bind_driver
                0x10006b50       0x26 CMakeFiles/Cloud_Data_Upload.dir/C_/RaspberryPiPico/pico-sdk/lib/tinyusb/src/tusb.c.obj
                0x10006b50                tu_edpt_bind_driver
 .text.advance_index
                0x10006b76       0x1a CMakeFiles/Cloud_Data_Upload.dir/C_/RaspberryPiPico/pico-sdk/lib/tinyusb/src/common/tusb_fifo.c.obj
 .text._tu_fifo_peek
                0x10006b90       0x56 CMakeFiles/Cloud_Data_Upload.dir/C_/RaspberryPiPico/pico-sdk/lib/tinyusb/src/common/tusb_fifo.c.obj
 .text._ff_pull_const_addr
                0x10006be6       0x4c CMakeFiles/Cloud_Data_Upload.dir/C_/RaspberryPiPico/pico-sdk/lib/tinyusb/src/common/tusb_fifo.c.obj
 .text._ff_pull_n
                0x10006c32      0x110 CMakeFiles/Cloud_Data_Upload.dir/C_/RaspberryPiPico/pico-sdk/lib/tinyusb/src/common/tusb_fifo.c.obj
 .text._tu_fifo_peek_n
                0x10006d42       0x6a CMakeFiles/Cloud_Data_Upload.dir/C_/RaspberryPiPico/pico-sdk/lib/tinyusb/src/common/tusb_fifo.c.obj
 .text._tu_fifo_read_n
                0x10006dac       0x4e CMakeFiles/Cloud_Data_Upload.dir/C_/RaspberryPiPico/pico-sdk/lib/tinyusb/src/common/tusb_fifo.c.obj
 .text._ff_push_const_addr
                0x10006dfa       0x40 CMakeFiles/Cloud_Data_Upload.dir/C_/RaspberryPiPico/pico-sdk/lib/tinyusb/src/common/tusb_fifo.c.obj
 .text._ff_push_n
                0x10006e3a      0x10c CMakeFiles/Cloud_Data_Upload.dir/C_/RaspberryPiPico/pico-sdk/lib/tinyusb/src/common/tusb_fifo.c.obj
 .text._tu_fifo_write_n
                0x10006f46       0xf0 CMakeFiles/Cloud_Data_Upload.dir/C_/RaspberryPiPico/pico-sdk/lib/tinyusb/src/common/tusb_fifo.c.obj
 .text.tu_fifo_config
                0x10007036       0x7c CMakeFiles/Cloud_Data_Upload.dir/C_/RaspberryPiPico/pico-sdk/lib/tinyusb/src/common/tusb_fifo.c.obj
                0x10007036                tu_fifo_config
 .text.tu_fifo_count
                0x100070b2       0x2a CMakeFiles/Cloud_Data_Upload.dir/C_/RaspberryPiPico/pico-sdk/lib/tinyusb/src/common/tusb_fifo.c.obj
                0x100070b2                tu_fifo_count
 .text.tu_fifo_empty
                0x100070dc       0x10 CMakeFiles/Cloud_Data_Upload.dir/C_/RaspberryPiPico/pico-sdk/lib/tinyusb/src/common/tusb_fifo.c.obj
                0x100070dc                tu_fifo_empty
 .text.tu_fifo_full
                0x100070ec       0x28 CMakeFiles/Cloud_Data_Upload.dir/C_/RaspberryPiPico/pico-sdk/lib/tinyusb/src/common/tusb_fifo.c.obj
                0x100070ec                tu_fifo_full
 .text.tu_fifo_remaining
                0x10007114       0x2c CMakeFiles/Cloud_Data_Upload.dir/C_/RaspberryPiPico/pico-sdk/lib/tinyusb/src/common/tusb_fifo.c.obj
                0x10007114                tu_fifo_remaining
 .text.tu_fifo_read
                0x10007140       0x42 CMakeFiles/Cloud_Data_Upload.dir/C_/RaspberryPiPico/pico-sdk/lib/tinyusb/src/common/tusb_fifo.c.obj
                0x10007140                tu_fifo_read
 .text.tu_fifo_read_n
                0x10007182        0xa CMakeFiles/Cloud_Data_Upload.dir/C_/RaspberryPiPico/pico-sdk/lib/tinyusb/src/common/tusb_fifo.c.obj
                0x10007182                tu_fifo_read_n
 .text.tu_fifo_write
                0x1000718c       0x64 CMakeFiles/Cloud_Data_Upload.dir/C_/RaspberryPiPico/pico-sdk/lib/tinyusb/src/common/tusb_fifo.c.obj
                0x1000718c                tu_fifo_write
 .text.tu_fifo_write_n
                0x100071f0        0xa CMakeFiles/Cloud_Data_Upload.dir/C_/RaspberryPiPico/pico-sdk/lib/tinyusb/src/common/tusb_fifo.c.obj
                0x100071f0                tu_fifo_write_n
 .text.tu_fifo_clear
                0x100071fa       0x3e CMakeFiles/Cloud_Data_Upload.dir/C_/RaspberryPiPico/pico-sdk/lib/tinyusb/src/common/tusb_fifo.c.obj
                0x100071fa                tu_fifo_clear
 .text.tu_fifo_set_overwritable
                0x10007238       0x46 CMakeFiles/Cloud_Data_Upload.dir/C_/RaspberryPiPico/pico-sdk/lib/tinyusb/src/common/tusb_fifo.c.obj
                0x10007238                tu_fifo_set_overwritable
 *fill*         0x1000727e        0x2 
 .text.adc_init
                0x10007280       0x34 CMakeFiles/Cloud_Data_Upload.dir/C_/RaspberryPiPico/pico-sdk/src/rp2_common/hardware_adc/adc.c.obj
                0x10007280                adc_init
 .text.strlen   0x100072b4       0x5c c:/raspberrypipico/gcc-arm-none-eabi/bin/../lib/gcc/arm-none-eabi/10.3.1/../../../../arm-none-eabi/lib/thumb/v6-m/nofp\libg.a(lib_a-strlen-stub.o)
                0x100072b4                strlen
 *(.fini)
 .fini          0x10007310        0x4 c:/raspberrypipico/gcc-arm-none-eabi/bin/../lib/gcc/arm-none-eabi/10.3.1/thumb/v6-m/nofp/crti.o
                0x10007310                _fini
 *fill*         0x10007314        0x4 
 .fini.__stub   0x10007318       0xe0 linker stubs
 *crtbegin.o(.ctors)
 *crtbegin?.o(.ctors)
 *(EXCLUDE_FILE(*crtend.o *crtend?.o) .ctors)
 *(SORT_BY_NAME(.ctors.*))
 *(.ctors)
 *crtbegin.o(.dtors)
 *crtbegin?.o(.dtors)
 *(EXCLUDE_FILE(*crtend.o *crtend?.o) .dtors)
 *(SORT_BY_NAME(.dtors.*))
 *(.dtors)
 *(.eh_frame*)
 .eh_frame      0x100073f8        0x0 c:/raspberrypipico/gcc-arm-none-eabi/bin/../lib/gcc/arm-none-eabi/10.3.1/thumb/v6-m/nofp/crtbegin.o
                0x100073f8                . = ALIGN (0x4)

.glue_7         0x100073f8        0x0
 .glue_7        0x100073f8        0x0 linker stubs

.glue_7t        0x100073f8        0x0
 .glue_7t       0x100073f8        0x0 linker stubs

.vfp11_veneer   0x100073f8        0x0
 .vfp11_veneer  0x100073f8        0x0 linker stubs

.v4_bx          0x100073f8        0x0
 .v4_bx         0x100073f8        0x0 linker stubs

.iplt           0x100073f8        0x0
 .iplt          0x100073f8        0x0 c:/raspberrypipico/gcc-arm-none-eabi/bin/../lib/gcc/arm-none-eabi/10.3.1/thumb/v6-m/nofp/crtbegin.o

.rodata         0x100073f8     0x15f0
 *(EXCLUDE_FILE(*libm.a: *libc.a:*lib_a-mem*.o *libgcc.a:) .rodata*)
 .rodata.main.str1.4
                0x100073f8       0x1d CMakeFiles/Cloud_Data_Upload.dir/Cloud_Data_Upload.c.obj
 *fill*         0x10007415        0x3 
 .rodata.spin_lock_claim_unused.str1.4
                0x10007418       0x1b CMakeFiles/Cloud_Data_Upload.dir/C_/RaspberryPiPico/pico-sdk/src/rp2_common/hardware_sync/sync.c.obj
 *fill*         0x10007433        0x1 
 .rodata.make_branch.str1.4
                0x10007434       0x6e CMakeFiles/Cloud_Data_Upload.dir/C_/RaspberryPiPico/pico-sdk/src/rp2_common/hardware_irq/irq.c.obj
 *fill*         0x100074a2        0x2 
 .rodata.insert_branch_and_link.str1.4
                0x100074a4       0x10 CMakeFiles/Cloud_Data_Upload.dir/C_/RaspberryPiPico/pico-sdk/src/rp2_common/hardware_irq/irq.c.obj
 .rodata.irq_set_exclusive_handler.str1.4
                0x100074b4       0x36 CMakeFiles/Cloud_Data_Upload.dir/C_/RaspberryPiPico/pico-sdk/src/rp2_common/hardware_irq/irq.c.obj
 *fill*         0x100074ea        0x2 
 .rodata.irq_add_shared_handler.str1.4
                0x100074ec       0xd9 CMakeFiles/Cloud_Data_Upload.dir/C_/RaspberryPiPico/pico-sdk/src/rp2_common/hardware_irq/irq.c.obj
 *fill*         0x100075c5        0x3 
 .rodata.irq_remove_handler.str1.4
                0x100075c8       0x3a CMakeFiles/Cloud_Data_Upload.dir/C_/RaspberryPiPico/pico-sdk/src/rp2_common/hardware_irq/irq.c.obj
 *fill*         0x10007602        0x2 
 .rodata.irq_add_tail_to_free_list.str1.4
                0x10007604       0x3a CMakeFiles/Cloud_Data_Upload.dir/C_/RaspberryPiPico/pico-sdk/src/rp2_common/hardware_irq/irq.c.obj
 *fill*         0x1000763e        0x2 
 .rodata.user_irq_claim_unused.str1.4
                0x10007640       0x1b CMakeFiles/Cloud_Data_Upload.dir/C_/RaspberryPiPico/pico-sdk/src/rp2_common/hardware_irq/irq.c.obj
 *fill*         0x1000765b        0x1 
 .rodata.__func__.0
                0x1000765c       0x1a CMakeFiles/Cloud_Data_Upload.dir/C_/RaspberryPiPico/pico-sdk/src/rp2_common/hardware_irq/irq.c.obj
 *fill*         0x10007676        0x2 
 .rodata.__func__.1
                0x10007678       0x17 CMakeFiles/Cloud_Data_Upload.dir/C_/RaspberryPiPico/pico-sdk/src/rp2_common/hardware_irq/irq.c.obj
 *fill*         0x1000768f        0x1 
 .rodata.__func__.2
                0x10007690       0x13 CMakeFiles/Cloud_Data_Upload.dir/C_/RaspberryPiPico/pico-sdk/src/rp2_common/hardware_irq/irq.c.obj
 *fill*         0x100076a3        0x1 
 .rodata.__func__.3
                0x100076a4        0xc CMakeFiles/Cloud_Data_Upload.dir/C_/RaspberryPiPico/pico-sdk/src/rp2_common/hardware_irq/irq.c.obj
 .rodata.__func__.4
                0x100076b0        0xf CMakeFiles/Cloud_Data_Upload.dir/C_/RaspberryPiPico/pico-sdk/src/rp2_common/hardware_irq/irq.c.obj
 *fill*         0x100076bf        0x1 
 .rodata.__func__.5
                0x100076c0       0x17 CMakeFiles/Cloud_Data_Upload.dir/C_/RaspberryPiPico/pico-sdk/src/rp2_common/hardware_irq/irq.c.obj
 *fill*         0x100076d7        0x1 
 .rodata.__func__.6
                0x100076d8       0x1a CMakeFiles/Cloud_Data_Upload.dir/C_/RaspberryPiPico/pico-sdk/src/rp2_common/hardware_irq/irq.c.obj
 *fill*         0x100076f2        0x2 
 .rodata.str1.4
                0x100076f4       0xf1 CMakeFiles/Cloud_Data_Upload.dir/C_/RaspberryPiPico/pico-sdk/src/common/pico_sync/mutex.c.obj
 *fill*         0x100077e5        0x3 
 .rodata.__func__.1
                0x100077e8        0xb CMakeFiles/Cloud_Data_Upload.dir/C_/RaspberryPiPico/pico-sdk/src/common/pico_sync/mutex.c.obj
 *fill*         0x100077f3        0x1 
 .rodata.__func__.3
                0x100077f4       0x18 CMakeFiles/Cloud_Data_Upload.dir/C_/RaspberryPiPico/pico-sdk/src/common/pico_sync/mutex.c.obj
 .rodata.__func__.4
                0x1000780c       0x15 CMakeFiles/Cloud_Data_Upload.dir/C_/RaspberryPiPico/pico-sdk/src/common/pico_sync/mutex.c.obj
 *fill*         0x10007821        0x3 
 .rodata.repeating_timer_callback.str1.4
                0x10007824       0x4c CMakeFiles/Cloud_Data_Upload.dir/C_/RaspberryPiPico/pico-sdk/src/common/pico_time/time.c.obj
 .rodata.timer_pool_entry_comparator.str1.4
                0x10007870       0x22 CMakeFiles/Cloud_Data_Upload.dir/C_/RaspberryPiPico/pico-sdk/src/common/pico_time/time.c.obj
 *fill*         0x10007892        0x2 
 .rodata.ph_add_child_node.str1.4
                0x10007894       0x96 CMakeFiles/Cloud_Data_Upload.dir/C_/RaspberryPiPico/pico-sdk/src/common/pico_time/time.c.obj
 *fill*         0x1000792a        0x2 
 .rodata.add_alarm_under_lock.str1.4
                0x1000792c       0x28 CMakeFiles/Cloud_Data_Upload.dir/C_/RaspberryPiPico/pico-sdk/src/common/pico_time/time.c.obj
                                 0x2b (size before relaxing)
 .rodata.alarm_pool_alarm_callback.str1.4
                0x10007954       0x98 CMakeFiles/Cloud_Data_Upload.dir/C_/RaspberryPiPico/pico-sdk/src/common/pico_time/time.c.obj
                                 0xfc (size before relaxing)
 .rodata.alarm_pool_get_default.str1.4
                0x100079ec       0x21 CMakeFiles/Cloud_Data_Upload.dir/C_/RaspberryPiPico/pico-sdk/src/common/pico_time/time.c.obj
 *fill*         0x10007a0d        0x3 
 .rodata.alarm_pool_cancel_alarm.str1.4
                0x10007a10       0x27 CMakeFiles/Cloud_Data_Upload.dir/C_/RaspberryPiPico/pico-sdk/src/common/pico_time/time.c.obj
 *fill*         0x10007a37        0x1 
 .rodata.sleep_until.str1.4
                0x10007a38       0x4d CMakeFiles/Cloud_Data_Upload.dir/C_/RaspberryPiPico/pico-sdk/src/common/pico_time/time.c.obj
 *fill*         0x10007a85        0x3 
 .rodata.__func__.1
                0x10007a88       0x18 CMakeFiles/Cloud_Data_Upload.dir/C_/RaspberryPiPico/pico-sdk/src/common/pico_time/time.c.obj
 .rodata.__func__.10
                0x10007aa0       0x15 CMakeFiles/Cloud_Data_Upload.dir/C_/RaspberryPiPico/pico-sdk/src/common/pico_time/time.c.obj
 *fill*         0x10007ab5        0x3 
 .rodata.__func__.11
                0x10007ab8       0x1a CMakeFiles/Cloud_Data_Upload.dir/C_/RaspberryPiPico/pico-sdk/src/common/pico_time/time.c.obj
 *fill*         0x10007ad2        0x2 
 .rodata.__func__.12
                0x10007ad4        0xa CMakeFiles/Cloud_Data_Upload.dir/C_/RaspberryPiPico/pico-sdk/src/common/pico_time/time.c.obj
 *fill*         0x10007ade        0x2 
 .rodata.__func__.3
                0x10007ae0       0x17 CMakeFiles/Cloud_Data_Upload.dir/C_/RaspberryPiPico/pico-sdk/src/common/pico_time/time.c.obj
 *fill*         0x10007af7        0x1 
 .rodata.__func__.4
                0x10007af8       0x12 CMakeFiles/Cloud_Data_Upload.dir/C_/RaspberryPiPico/pico-sdk/src/common/pico_time/time.c.obj
 *fill*         0x10007b0a        0x2 
 .rodata.__func__.5
                0x10007b0c        0xd CMakeFiles/Cloud_Data_Upload.dir/C_/RaspberryPiPico/pico-sdk/src/common/pico_time/time.c.obj
 *fill*         0x10007b19        0x3 
 .rodata.__func__.6
                0x10007b1c       0x12 CMakeFiles/Cloud_Data_Upload.dir/C_/RaspberryPiPico/pico-sdk/src/common/pico_time/time.c.obj
 *fill*         0x10007b2e        0x2 
 .rodata.__func__.7
                0x10007b30        0xf CMakeFiles/Cloud_Data_Upload.dir/C_/RaspberryPiPico/pico-sdk/src/common/pico_time/time.c.obj
 *fill*         0x10007b3f        0x1 
 .rodata.__func__.8
                0x10007b40        0xc CMakeFiles/Cloud_Data_Upload.dir/C_/RaspberryPiPico/pico-sdk/src/common/pico_time/time.c.obj
 .rodata.__func__.9
                0x10007b4c       0x15 CMakeFiles/Cloud_Data_Upload.dir/C_/RaspberryPiPico/pico-sdk/src/common/pico_time/time.c.obj
 *fill*         0x10007b61        0x3 
 .rodata.hardware_alarm_claim.str1.4
                0x10007b64       0x22 CMakeFiles/Cloud_Data_Upload.dir/C_/RaspberryPiPico/pico-sdk/src/rp2_common/hardware_timer/timer.c.obj
 .rodata.busy_wait_us.str1.4
                0x10007b86       0x62 CMakeFiles/Cloud_Data_Upload.dir/C_/RaspberryPiPico/pico-sdk/src/rp2_common/hardware_timer/timer.c.obj
 *fill*         0x10007b86        0x2 
 .rodata.hardware_alarm_set_target.str1.4
                0x10007b88       0x66 CMakeFiles/Cloud_Data_Upload.dir/C_/RaspberryPiPico/pico-sdk/src/rp2_common/hardware_timer/timer.c.obj
 *fill*         0x10007bee        0x2 
 .rodata.__func__.0
                0x10007bf0       0x1a CMakeFiles/Cloud_Data_Upload.dir/C_/RaspberryPiPico/pico-sdk/src/rp2_common/hardware_timer/timer.c.obj
 *fill*         0x10007c0a        0x2 
 .rodata.__func__.1
                0x10007c0c       0x15 CMakeFiles/Cloud_Data_Upload.dir/C_/RaspberryPiPico/pico-sdk/src/rp2_common/hardware_timer/timer.c.obj
 .rodata.ph_add_child_node.str1.4
                0x10007c21       0x96 CMakeFiles/Cloud_Data_Upload.dir/C_/RaspberryPiPico/pico-sdk/src/common/pico_util/pheap.c.obj
 *fill*         0x10007c21        0x3 
 .rodata.ph_remove_any_head.str1.4
                0x10007c24       0x90 CMakeFiles/Cloud_Data_Upload.dir/C_/RaspberryPiPico/pico-sdk/src/common/pico_util/pheap.c.obj
                                 0xa4 (size before relaxing)
 .rodata.ph_remove_and_free_node.str1.4
                0x10007cb4       0x1e CMakeFiles/Cloud_Data_Upload.dir/C_/RaspberryPiPico/pico-sdk/src/common/pico_util/pheap.c.obj
                                 0x26 (size before relaxing)
 *fill*         0x10007cd2        0x2 
 .rodata.__func__.0
                0x10007cd4       0x18 CMakeFiles/Cloud_Data_Upload.dir/C_/RaspberryPiPico/pico-sdk/src/common/pico_util/pheap.c.obj
 .rodata.__func__.1
                0x10007cec       0x13 CMakeFiles/Cloud_Data_Upload.dir/C_/RaspberryPiPico/pico-sdk/src/common/pico_util/pheap.c.obj
 *fill*         0x10007cff        0x1 
 .rodata.__func__.2
                0x10007d00       0x12 CMakeFiles/Cloud_Data_Upload.dir/C_/RaspberryPiPico/pico-sdk/src/common/pico_util/pheap.c.obj
 *fill*         0x10007d12        0x2 
 .rodata.__func__.3
                0x10007d14        0xc CMakeFiles/Cloud_Data_Upload.dir/C_/RaspberryPiPico/pico-sdk/src/common/pico_util/pheap.c.obj
 .rodata.clock_configure.str1.4
                0x10007d20       0x58 CMakeFiles/Cloud_Data_Upload.dir/C_/RaspberryPiPico/pico-sdk/src/rp2_common/hardware_clocks/clocks.c.obj
 .rodata.__func__.1
                0x10007d78       0x10 CMakeFiles/Cloud_Data_Upload.dir/C_/RaspberryPiPico/pico-sdk/src/rp2_common/hardware_clocks/clocks.c.obj
 .rodata.pll_init.str1.4
                0x10007d88      0x124 CMakeFiles/Cloud_Data_Upload.dir/C_/RaspberryPiPico/pico-sdk/src/rp2_common/hardware_pll/pll.c.obj
 .rodata.__func__.0
                0x10007eac        0x9 CMakeFiles/Cloud_Data_Upload.dir/C_/RaspberryPiPico/pico-sdk/src/rp2_common/hardware_pll/pll.c.obj
 *fill*         0x10007eb5        0x3 
 .rodata.__assert_func.str1.4
                0x10007eb8       0x3f CMakeFiles/Cloud_Data_Upload.dir/C_/RaspberryPiPico/pico-sdk/src/rp2_common/pico_runtime/runtime.c.obj
                                 0x43 (size before relaxing)
 *fill*         0x10007ef7        0x1 
 .rodata.runtime_init.str1.4
                0x10007ef8       0x62 CMakeFiles/Cloud_Data_Upload.dir/C_/RaspberryPiPico/pico-sdk/src/rp2_common/pico_runtime/runtime.c.obj
 *fill*         0x10007f5a        0x2 
 .rodata.panic.str1.4
                0x10007f5c       0x12 CMakeFiles/Cloud_Data_Upload.dir/C_/RaspberryPiPico/pico-sdk/src/rp2_common/pico_runtime/runtime.c.obj
 *fill*         0x10007f6e        0x2 
 .rodata.__func__.2
                0x10007f70        0xd CMakeFiles/Cloud_Data_Upload.dir/C_/RaspberryPiPico/pico-sdk/src/rp2_common/pico_runtime/runtime.c.obj
 *fill*         0x10007f7d        0x3 
 .rodata._ftoa.str1.4
                0x10007f80       0x15 CMakeFiles/Cloud_Data_Upload.dir/C_/RaspberryPiPico/pico-sdk/src/rp2_common/pico_printf/printf.c.obj
 *fill*         0x10007f95        0x3 
 .rodata._vsnprintf
                0x10007f98      0x1e0 CMakeFiles/Cloud_Data_Upload.dir/C_/RaspberryPiPico/pico-sdk/src/rp2_common/pico_printf/printf.c.obj
 .rodata.pow10.0
                0x10008178       0x50 CMakeFiles/Cloud_Data_Upload.dir/C_/RaspberryPiPico/pico-sdk/src/rp2_common/pico_printf/printf.c.obj
 .rodata.__aeabi_double_init.str1.4
                0x100081c8       0x9d CMakeFiles/Cloud_Data_Upload.dir/C_/RaspberryPiPico/pico-sdk/src/rp2_common/pico_double/double_init_rom.c.obj
 *fill*         0x10008265        0x3 
 .rodata.__func__.0
                0x10008268       0x14 CMakeFiles/Cloud_Data_Upload.dir/C_/RaspberryPiPico/pico-sdk/src/rp2_common/pico_double/double_init_rom.c.obj
 .rodata.__aeabi_float_init.str1.4
                0x1000827c       0x7b CMakeFiles/Cloud_Data_Upload.dir/C_/RaspberryPiPico/pico-sdk/src/rp2_common/pico_float/float_init_rom.c.obj
                                 0x7f (size before relaxing)
 *fill*         0x100082f7        0x1 
 .rodata.__func__.0
                0x100082f8       0x13 CMakeFiles/Cloud_Data_Upload.dir/C_/RaspberryPiPico/pico-sdk/src/rp2_common/pico_float/float_init_rom.c.obj
 *fill*         0x1000830b        0x1 
 .rodata.str1.4
                0x1000830c       0x4c CMakeFiles/Cloud_Data_Upload.dir/C_/RaspberryPiPico/pico-sdk/src/rp2_common/pico_standard_link/binary_info.c.obj
 .rodata.__bi_44
                0x10008358        0xc CMakeFiles/Cloud_Data_Upload.dir/C_/RaspberryPiPico/pico-sdk/src/rp2_common/pico_standard_link/binary_info.c.obj
 .rodata.__bi_56
                0x10008364        0xc CMakeFiles/Cloud_Data_Upload.dir/C_/RaspberryPiPico/pico-sdk/src/rp2_common/pico_standard_link/binary_info.c.obj
 .rodata.__bi_75
                0x10008370        0xc CMakeFiles/Cloud_Data_Upload.dir/C_/RaspberryPiPico/pico-sdk/src/rp2_common/pico_standard_link/binary_info.c.obj
 .rodata.__bi_81
                0x1000837c        0xc CMakeFiles/Cloud_Data_Upload.dir/C_/RaspberryPiPico/pico-sdk/src/rp2_common/pico_standard_link/binary_info.c.obj
 .rodata.stdout_serialize_begin.str1.4
                0x10008388       0x62 CMakeFiles/Cloud_Data_Upload.dir/C_/RaspberryPiPico/pico-sdk/src/rp2_common/pico_stdio/stdio.c.obj
 .rodata.__func__.3
                0x10008388       0x15 CMakeFiles/Cloud_Data_Upload.dir/C_/RaspberryPiPico/pico-sdk/src/rp2_common/pico_stdio/stdio.c.obj
 *fill*         0x1000839d        0x3 
 .rodata.crlf_str.2
                0x100083a0        0x2 CMakeFiles/Cloud_Data_Upload.dir/C_/RaspberryPiPico/pico-sdk/src/rp2_common/pico_stdio/stdio.c.obj
 *fill*         0x100083a2        0x2 
 .rodata.str1.4
                0x100083a4       0x2c CMakeFiles/Cloud_Data_Upload.dir/C_/RaspberryPiPico/pico-sdk/src/rp2_common/pico_stdio_uart/stdio_uart.c.obj
 .rodata.__bi_33.4
                0x100083d0        0xc CMakeFiles/Cloud_Data_Upload.dir/C_/RaspberryPiPico/pico-sdk/src/rp2_common/pico_stdio_uart/stdio_uart.c.obj
 .rodata.__bi_34.5
                0x100083dc        0x8 CMakeFiles/Cloud_Data_Upload.dir/C_/RaspberryPiPico/pico-sdk/src/rp2_common/pico_stdio_uart/stdio_uart.c.obj
 .rodata._resetd_driver
                0x100083e4       0x18 CMakeFiles/Cloud_Data_Upload.dir/C_/RaspberryPiPico/pico-sdk/src/rp2_common/pico_stdio_usb/reset_interface.c.obj
 .rodata.low_priority_worker_irq.str1.4
                0x100083fc       0x62 CMakeFiles/Cloud_Data_Upload.dir/C_/RaspberryPiPico/pico-sdk/src/rp2_common/pico_stdio_usb/stdio_usb.c.obj
 .rodata.stdio_usb_init.str1.4
                0x100083fc       0x46 CMakeFiles/Cloud_Data_Upload.dir/C_/RaspberryPiPico/pico-sdk/src/rp2_common/pico_stdio_usb/stdio_usb.c.obj
                                 0x4e (size before relaxing)
 *fill*         0x10008442        0x2 
 .rodata.str1.4
                0x10008444       0x13 CMakeFiles/Cloud_Data_Upload.dir/C_/RaspberryPiPico/pico-sdk/src/rp2_common/pico_stdio_usb/stdio_usb.c.obj
 *fill*         0x10008457        0x1 
 .rodata.__bi_182.0
                0x10008458        0xc CMakeFiles/Cloud_Data_Upload.dir/C_/RaspberryPiPico/pico-sdk/src/rp2_common/pico_stdio_usb/stdio_usb.c.obj
 .rodata.__func__.1
                0x10008464        0xf CMakeFiles/Cloud_Data_Upload.dir/C_/RaspberryPiPico/pico-sdk/src/rp2_common/pico_stdio_usb/stdio_usb.c.obj
 *fill*         0x10008473        0x1 
 .rodata.__func__.3
                0x10008474       0x15 CMakeFiles/Cloud_Data_Upload.dir/C_/RaspberryPiPico/pico-sdk/src/rp2_common/pico_stdio_usb/stdio_usb.c.obj
 *fill*         0x10008489        0x3 
 .rodata.str1.4
                0x1000848c       0x2a CMakeFiles/Cloud_Data_Upload.dir/C_/RaspberryPiPico/pico-sdk/src/rp2_common/pico_stdio_usb/stdio_usb_descriptors.c.obj
 *fill*         0x100084b6        0x2 
 .rodata.usbd_desc_cfg
                0x100084b8       0x54 CMakeFiles/Cloud_Data_Upload.dir/C_/RaspberryPiPico/pico-sdk/src/rp2_common/pico_stdio_usb/stdio_usb_descriptors.c.obj
 .rodata.usbd_desc_device
                0x1000850c       0x12 CMakeFiles/Cloud_Data_Upload.dir/C_/RaspberryPiPico/pico-sdk/src/rp2_common/pico_stdio_usb/stdio_usb_descriptors.c.obj
 *fill*         0x1000851e        0x2 
 .rodata.usbd_desc_str
                0x10008520       0x18 CMakeFiles/Cloud_Data_Upload.dir/C_/RaspberryPiPico/pico-sdk/src/rp2_common/pico_stdio_usb/stdio_usb_descriptors.c.obj
 .rodata.pico_get_unique_board_id_string.str1.4
                0x10008538       0x4e CMakeFiles/Cloud_Data_Upload.dir/C_/RaspberryPiPico/pico-sdk/src/rp2_common/pico_unique_id/unique_id.c.obj
 *fill*         0x10008586        0x2 
 .rodata.__func__.0
                0x10008588       0x20 CMakeFiles/Cloud_Data_Upload.dir/C_/RaspberryPiPico/pico-sdk/src/rp2_common/pico_unique_id/unique_id.c.obj
 .rodata.str1.4
                0x100085a8      0x15a CMakeFiles/Cloud_Data_Upload.dir/C_/RaspberryPiPico/pico-sdk/src/rp2_common/hardware_flash/flash.c.obj
 *fill*         0x10008702        0x2 
 .rodata.__func__.0
                0x10008704        0xd CMakeFiles/Cloud_Data_Upload.dir/C_/RaspberryPiPico/pico-sdk/src/rp2_common/hardware_flash/flash.c.obj
 *fill*         0x10008711        0x3 
 .rodata._hw_endpoint_alloc.str1.4
                0x10008714       0xb9 CMakeFiles/Cloud_Data_Upload.dir/C_/RaspberryPiPico/pico-sdk/lib/tinyusb/src/portable/raspberrypi/rp2040/dcd_rp2040.c.obj
 *fill*         0x100087cd        0x3 
 .rodata.str1.4
                0x100087d0       0x14 CMakeFiles/Cloud_Data_Upload.dir/C_/RaspberryPiPico/pico-sdk/lib/tinyusb/src/portable/raspberrypi/rp2040/dcd_rp2040.c.obj
 .rodata.dcd_int_enable.str1.4
                0x100087e4        0xc CMakeFiles/Cloud_Data_Upload.dir/C_/RaspberryPiPico/pico-sdk/lib/tinyusb/src/portable/raspberrypi/rp2040/dcd_rp2040.c.obj
 .rodata.__func__.0
                0x100087f0        0xe CMakeFiles/Cloud_Data_Upload.dir/C_/RaspberryPiPico/pico-sdk/lib/tinyusb/src/portable/raspberrypi/rp2040/dcd_rp2040.c.obj
 *fill*         0x100087fe        0x2 
 .rodata.__func__.1
                0x10008800        0xe CMakeFiles/Cloud_Data_Upload.dir/C_/RaspberryPiPico/pico-sdk/lib/tinyusb/src/portable/raspberrypi/rp2040/dcd_rp2040.c.obj
 *fill*         0x1000880e        0x2 
 .rodata.__func__.3
                0x10008810       0x10 CMakeFiles/Cloud_Data_Upload.dir/C_/RaspberryPiPico/pico-sdk/lib/tinyusb/src/portable/raspberrypi/rp2040/dcd_rp2040.c.obj
 .rodata.__func__.5
                0x10008820        0xf CMakeFiles/Cloud_Data_Upload.dir/C_/RaspberryPiPico/pico-sdk/lib/tinyusb/src/portable/raspberrypi/rp2040/dcd_rp2040.c.obj
 *fill*         0x1000882f        0x1 
 .rodata.__func__.6
                0x10008830       0x13 CMakeFiles/Cloud_Data_Upload.dir/C_/RaspberryPiPico/pico-sdk/lib/tinyusb/src/portable/raspberrypi/rp2040/dcd_rp2040.c.obj
 *fill*         0x10008843        0x1 
 .rodata.__func__.7
                0x10008844        0x9 CMakeFiles/Cloud_Data_Upload.dir/C_/RaspberryPiPico/pico-sdk/lib/tinyusb/src/portable/raspberrypi/rp2040/dcd_rp2040.c.obj
 *fill*         0x1000884d        0x3 
 .rodata.str1.4
                0x10008850       0xe1 CMakeFiles/Cloud_Data_Upload.dir/C_/RaspberryPiPico/pico-sdk/lib/tinyusb/src/portable/raspberrypi/rp2040/rp2040_usb.c.obj
                                 0xeb (size before relaxing)
 *fill*         0x10008931        0x3 
 .rodata.__func__.0
                0x10008934        0xf CMakeFiles/Cloud_Data_Upload.dir/C_/RaspberryPiPico/pico-sdk/lib/tinyusb/src/portable/raspberrypi/rp2040/rp2040_usb.c.obj
 *fill*         0x10008943        0x1 
 .rodata.process_get_descriptor
                0x10008944       0x40 CMakeFiles/Cloud_Data_Upload.dir/C_/RaspberryPiPico/pico-sdk/lib/tinyusb/src/device/usbd.c.obj
 .rodata.process_control_request
                0x10008984       0x28 CMakeFiles/Cloud_Data_Upload.dir/C_/RaspberryPiPico/pico-sdk/lib/tinyusb/src/device/usbd.c.obj
 .rodata.tud_task_ext
                0x100089ac       0x24 CMakeFiles/Cloud_Data_Upload.dir/C_/RaspberryPiPico/pico-sdk/lib/tinyusb/src/device/usbd.c.obj
 .rodata._usbd_driver
                0x100089d0       0x18 CMakeFiles/Cloud_Data_Upload.dir/C_/RaspberryPiPico/pico-sdk/lib/tinyusb/src/device/usbd.c.obj
                0x100089e8                . = ALIGN (0x4)
 *(SORT_BY_ALIGNMENT(SORT_BY_NAME(.flashdata*)))
                0x100089e8                . = ALIGN (0x4)

.ARM.extab
 *(.ARM.extab* .gnu.linkonce.armextab.*)
                0x100089e8                __exidx_start = .

.ARM.exidx
 *(.ARM.exidx* .gnu.linkonce.armexidx.*)
                0x100089e8                __exidx_end = .
                0x100089e8                . = ALIGN (0x4)
                0x100089e8                __binary_info_start = .

.binary_info    0x100089e8       0x2c
 *(.binary_info.keep.*)
 .binary_info.keep.__bi_ptr22
                0x100089e8        0x4 CMakeFiles/Cloud_Data_Upload.dir/C_/RaspberryPiPico/pico-sdk/src/rp2_common/pico_standard_link/binary_info.c.obj
 .binary_info.keep.__bi_ptr30
                0x100089ec        0x4 CMakeFiles/Cloud_Data_Upload.dir/C_/RaspberryPiPico/pico-sdk/src/rp2_common/pico_standard_link/binary_info.c.obj
 .binary_info.keep.__bi_ptr38
                0x100089f0        0x4 CMakeFiles/Cloud_Data_Upload.dir/C_/RaspberryPiPico/pico-sdk/src/rp2_common/pico_standard_link/binary_info.c.obj
 .binary_info.keep.__bi_ptr44
                0x100089f4        0x4 CMakeFiles/Cloud_Data_Upload.dir/C_/RaspberryPiPico/pico-sdk/src/rp2_common/pico_standard_link/binary_info.c.obj
 .binary_info.keep.__bi_ptr50
                0x100089f8        0x4 CMakeFiles/Cloud_Data_Upload.dir/C_/RaspberryPiPico/pico-sdk/src/rp2_common/pico_standard_link/binary_info.c.obj
 .binary_info.keep.__bi_ptr56
                0x100089fc        0x4 CMakeFiles/Cloud_Data_Upload.dir/C_/RaspberryPiPico/pico-sdk/src/rp2_common/pico_standard_link/binary_info.c.obj
 .binary_info.keep.__bi_ptr75
                0x10008a00        0x4 CMakeFiles/Cloud_Data_Upload.dir/C_/RaspberryPiPico/pico-sdk/src/rp2_common/pico_standard_link/binary_info.c.obj
 .binary_info.keep.__bi_ptr81
                0x10008a04        0x4 CMakeFiles/Cloud_Data_Upload.dir/C_/RaspberryPiPico/pico-sdk/src/rp2_common/pico_standard_link/binary_info.c.obj
 *(.binary_info.*)
 .binary_info.__bi_ptr33
                0x10008a08        0x4 CMakeFiles/Cloud_Data_Upload.dir/C_/RaspberryPiPico/pico-sdk/src/rp2_common/pico_stdio_uart/stdio_uart.c.obj
 .binary_info.__bi_ptr34
                0x10008a0c        0x4 CMakeFiles/Cloud_Data_Upload.dir/C_/RaspberryPiPico/pico-sdk/src/rp2_common/pico_stdio_uart/stdio_uart.c.obj
 .binary_info.__bi_ptr182
                0x10008a10        0x4 CMakeFiles/Cloud_Data_Upload.dir/C_/RaspberryPiPico/pico-sdk/src/rp2_common/pico_stdio_usb/stdio_usb.c.obj
                0x10008a14                __binary_info_end = .

.rel.dyn        0x10008a14        0x0
 .rel.iplt      0x10008a14        0x0 c:/raspberrypipico/gcc-arm-none-eabi/bin/../lib/gcc/arm-none-eabi/10.3.1/thumb/v6-m/nofp/crtbegin.o
                0x10008a14                . = ALIGN (0x4)

.ram_vector_table
                0x20000000       0xc0
 *(.ram_vector_table)
 .ram_vector_table
                0x20000000       0xc0 CMakeFiles/Cloud_Data_Upload.dir/C_/RaspberryPiPico/pico-sdk/src/rp2_common/pico_runtime/runtime.c.obj
                0x20000000                ram_vector_table

.data           0x200000c0      0xc08 load address 0x10008a14
                0x200000c0                __data_start__ = .
 *(vtable)
 *(.time_critical*)
 .time_critical.mutex_try_enter
                0x200000c0       0x46 CMakeFiles/Cloud_Data_Upload.dir/C_/RaspberryPiPico/pico-sdk/src/common/pico_sync/mutex.c.obj
                0x200000c0                mutex_try_enter
 *fill*         0x20000106        0x2 
 .time_critical.mutex_enter_block_until
                0x20000108       0x8c CMakeFiles/Cloud_Data_Upload.dir/C_/RaspberryPiPico/pico-sdk/src/common/pico_sync/mutex.c.obj
                0x20000108                mutex_enter_block_until
 .time_critical.mutex_try_enter_block_until
                0x20000194       0x34 CMakeFiles/Cloud_Data_Upload.dir/C_/RaspberryPiPico/pico-sdk/src/common/pico_sync/mutex.c.obj
                0x20000194                mutex_try_enter_block_until
 .time_critical.mutex_enter_timeout_ms
                0x200001c8       0x68 CMakeFiles/Cloud_Data_Upload.dir/C_/RaspberryPiPico/pico-sdk/src/common/pico_sync/mutex.c.obj
                0x200001c8                mutex_enter_timeout_ms
 .time_critical.mutex_exit
                0x20000230       0x4c CMakeFiles/Cloud_Data_Upload.dir/C_/RaspberryPiPico/pico-sdk/src/common/pico_sync/mutex.c.obj
                0x20000230                mutex_exit
 .time_critical.flash_init_boot2_copyout
                0x2000027c       0x30 CMakeFiles/Cloud_Data_Upload.dir/C_/RaspberryPiPico/pico-sdk/src/rp2_common/hardware_flash/flash.c.obj
 .time_critical.flash_enable_xip_via_boot2
                0x200002ac       0x10 CMakeFiles/Cloud_Data_Upload.dir/C_/RaspberryPiPico/pico-sdk/src/rp2_common/hardware_flash/flash.c.obj
 .time_critical.flash_cs_force
                0x200002bc       0x28 CMakeFiles/Cloud_Data_Upload.dir/C_/RaspberryPiPico/pico-sdk/src/rp2_common/hardware_flash/flash.c.obj
 .time_critical.flash_do_cmd
                0x200002e4       0xd8 CMakeFiles/Cloud_Data_Upload.dir/C_/RaspberryPiPico/pico-sdk/src/rp2_common/hardware_flash/flash.c.obj
                0x200002e4                flash_do_cmd
 .time_critical.reset_non_control_endpoints
                0x200003bc       0x40 CMakeFiles/Cloud_Data_Upload.dir/C_/RaspberryPiPico/pico-sdk/lib/tinyusb/src/portable/raspberrypi/rp2040/dcd_rp2040.c.obj
 .time_critical.hw_handle_buff_status
                0x200003fc       0xa4 CMakeFiles/Cloud_Data_Upload.dir/C_/RaspberryPiPico/pico-sdk/lib/tinyusb/src/portable/raspberrypi/rp2040/dcd_rp2040.c.obj
 .time_critical.dcd_rp2040_irq
                0x200004a0      0x1cc CMakeFiles/Cloud_Data_Upload.dir/C_/RaspberryPiPico/pico-sdk/lib/tinyusb/src/portable/raspberrypi/rp2040/dcd_rp2040.c.obj
 .time_critical.e15_is_bulkin_ep
                0x2000066c       0x2c CMakeFiles/Cloud_Data_Upload.dir/C_/RaspberryPiPico/pico-sdk/lib/tinyusb/src/portable/raspberrypi/rp2040/rp2040_usb.c.obj
 .time_critical.e15_is_critical_frame_period
                0x20000698       0x30 CMakeFiles/Cloud_Data_Upload.dir/C_/RaspberryPiPico/pico-sdk/lib/tinyusb/src/portable/raspberrypi/rp2040/rp2040_usb.c.obj
 .time_critical.prepare_ep_buffer
                0x200006c8       0x70 CMakeFiles/Cloud_Data_Upload.dir/C_/RaspberryPiPico/pico-sdk/lib/tinyusb/src/portable/raspberrypi/rp2040/rp2040_usb.c.obj
 .time_critical.sync_ep_buffer
                0x20000738       0x80 CMakeFiles/Cloud_Data_Upload.dir/C_/RaspberryPiPico/pico-sdk/lib/tinyusb/src/portable/raspberrypi/rp2040/rp2040_usb.c.obj
 .time_critical._hw_endpoint_xfer_sync
                0x200007b8       0x28 CMakeFiles/Cloud_Data_Upload.dir/C_/RaspberryPiPico/pico-sdk/lib/tinyusb/src/portable/raspberrypi/rp2040/rp2040_usb.c.obj
 .time_critical.hw_endpoint_reset_transfer
                0x200007e0        0xc CMakeFiles/Cloud_Data_Upload.dir/C_/RaspberryPiPico/pico-sdk/lib/tinyusb/src/portable/raspberrypi/rp2040/rp2040_usb.c.obj
                0x200007e0                hw_endpoint_reset_transfer
 .time_critical._hw_endpoint_buffer_control_update32
                0x200007ec       0x58 CMakeFiles/Cloud_Data_Upload.dir/C_/RaspberryPiPico/pico-sdk/lib/tinyusb/src/portable/raspberrypi/rp2040/rp2040_usb.c.obj
                0x200007ec                _hw_endpoint_buffer_control_update32
 .time_critical.hw_endpoint_start_next_buffer
                0x20000844       0x88 CMakeFiles/Cloud_Data_Upload.dir/C_/RaspberryPiPico/pico-sdk/lib/tinyusb/src/portable/raspberrypi/rp2040/rp2040_usb.c.obj
                0x20000844                hw_endpoint_start_next_buffer
 .time_critical.hw_endpoint_xfer_continue
                0x200008cc       0x50 CMakeFiles/Cloud_Data_Upload.dir/C_/RaspberryPiPico/pico-sdk/lib/tinyusb/src/portable/raspberrypi/rp2040/rp2040_usb.c.obj
                0x200008cc                hw_endpoint_xfer_continue
 .time_critical.tinyusb
                0x2000091c      0x200 CMakeFiles/Cloud_Data_Upload.dir/C_/RaspberryPiPico/pico-sdk/lib/tinyusb/src/device/usbd.c.obj
                0x2000091c                dcd_event_handler
 *(.text*)
 .text          0x20000b1c        0x4 c:/raspberrypipico/gcc-arm-none-eabi/bin/../lib/gcc/arm-none-eabi/10.3.1/thumb/v6-m/nofp\libgcc.a(_dvmd_tls.o)
                0x20000b1c                __aeabi_idiv0
                0x20000b1c                __aeabi_ldiv0
 .text.__stub   0x20000b20       0x90 linker stubs
                0x20000bb0                . = ALIGN (0x4)
 *(.rodata*)
                0x20000bb0                . = ALIGN (0x4)
 *(.data*)
 .data.striped_spin_lock_num
                0x20000bb0        0x1 CMakeFiles/Cloud_Data_Upload.dir/C_/RaspberryPiPico/pico-sdk/src/rp2_common/hardware_sync/sync.c.obj
 *fill*         0x20000bb1        0x3 
 .data          0x20000bb4       0x48 CMakeFiles/Cloud_Data_Upload.dir/C_/RaspberryPiPico/pico-sdk/src/rp2_common/hardware_irq/irq_handler_chain.S.obj
                0x20000bb4                irq_handler_chain_slots
                0x20000be4                irq_handler_chain_first_slot
                0x20000bee                irq_handler_chain_remove_tail
 .data.default_alarm_pool
                0x20000bfc       0x18 CMakeFiles/Cloud_Data_Upload.dir/C_/RaspberryPiPico/pico-sdk/src/common/pico_time/time.c.obj
 .data.default_alarm_pool_heap
                0x20000c14       0x10 CMakeFiles/Cloud_Data_Upload.dir/C_/RaspberryPiPico/pico-sdk/src/common/pico_time/time.c.obj
 *fill*         0x20000c24        0xc 
 .data.aeabi_bits_funcs
                0x20000c30       0x10 CMakeFiles/Cloud_Data_Upload.dir/C_/RaspberryPiPico/pico-sdk/src/rp2_common/pico_bit_ops/bit_ops_aeabi.S.obj
                0x20000c30                aeabi_bits_funcs
                0x20000c40                aeabi_bits_funcs_end
 .data.aeabi_mem_funcs
                0x20000c40       0x10 CMakeFiles/Cloud_Data_Upload.dir/C_/RaspberryPiPico/pico-sdk/src/rp2_common/pico_mem_ops/mem_ops_aeabi.S.obj
                0x20000c40                aeabi_mem_funcs
                0x20000c50                aeabi_mem_funcs_end
 .data.stdio_uart
                0x20000c50       0x18 CMakeFiles/Cloud_Data_Upload.dir/C_/RaspberryPiPico/pico-sdk/src/rp2_common/pico_stdio_uart/stdio_uart.c.obj
                0x20000c50                stdio_uart
 .data.stdio_usb
                0x20000c68       0x18 CMakeFiles/Cloud_Data_Upload.dir/C_/RaspberryPiPico/pico-sdk/src/rp2_common/pico_stdio_usb/stdio_usb.c.obj
                0x20000c68                stdio_usb
 .data.ep_dir_string
                0x20000c80        0x8 CMakeFiles/Cloud_Data_Upload.dir/C_/RaspberryPiPico/pico-sdk/lib/tinyusb/src/portable/raspberrypi/rp2040/rp2040_usb.c.obj
                0x20000c80                ep_dir_string
 .data._usbd_qdef
                0x20000c88       0x1c CMakeFiles/Cloud_Data_Upload.dir/C_/RaspberryPiPico/pico-sdk/lib/tinyusb/src/device/usbd.c.obj
                0x20000c88                _usbd_qdef
 .data._usbd_rhport
                0x20000ca4        0x1 CMakeFiles/Cloud_Data_Upload.dir/C_/RaspberryPiPico/pico-sdk/lib/tinyusb/src/device/usbd.c.obj
                0x20000ca8                . = ALIGN (0x4)
 *fill*         0x20000ca5        0x3 